2025-12-16T13:45:15.9164243Z ##[group]Run dtolnay/rust-toolchain@stable
2025-12-16T13:45:15.9166060Z with:
2025-12-16T13:45:15.9167494Z   toolchain: stable
2025-12-16T13:45:15.9168772Z env:
2025-12-16T13:45:15.9169933Z   CARGO_TERM_COLOR: always
2025-12-16T13:45:15.9171288Z ##[endgroup]
2025-12-16T13:45:15.9335557Z ##[group]Run : parse toolchain version
2025-12-16T13:45:15.9337020Z [36;1m: parse toolchain version[0m
2025-12-16T13:45:15.9337986Z [36;1mif [[ -z $toolchain ]]; then[0m
2025-12-16T13:45:15.9339649Z [36;1m  # GitHub does not enforce `required: true` inputs itself. https://github.com/actions/runner/issues/1070[0m
2025-12-16T13:45:15.9341402Z [36;1m  echo "'toolchain' is a required input" >&2[0m
2025-12-16T13:45:15.9342429Z [36;1m  exit 1[0m
2025-12-16T13:45:15.9343514Z [36;1melif [[ $toolchain =~ ^stable' '[0-9]+' '(year|month|week|day)s?' 'ago$ ]]; then[0m
2025-12-16T13:45:15.9344838Z [36;1m  if [[ Linux == macOS ]]; then[0m
2025-12-16T13:45:15.9346551Z [36;1m    echo "toolchain=1.$((($(date -v-$(sed 's/stable \([0-9]*\) \(.\).*/\1\2/' <<< $toolchain) +%s)/60/60/24-16569)/7/6))" >> $GITHUB_OUTPUT[0m
2025-12-16T13:45:15.9348228Z [36;1m  else[0m
2025-12-16T13:45:15.9349501Z [36;1m    echo "toolchain=1.$((($(date --date "${toolchain#stable }" +%s)/60/60/24-16569)/7/6))" >> $GITHUB_OUTPUT[0m
2025-12-16T13:45:15.9350991Z [36;1m  fi[0m
2025-12-16T13:45:15.9351986Z [36;1melif [[ $toolchain =~ ^stable' 'minus' '[0-9]+' 'releases?$ ]]; then[0m
2025-12-16T13:45:15.9353673Z [36;1m  echo "toolchain=1.$((($(date +%s)/60/60/24-16569)/7/6-${toolchain//[^0-9]/}))" >> $GITHUB_OUTPUT[0m
2025-12-16T13:45:15.9355201Z [36;1melif [[ $toolchain =~ ^1\.[0-9]+$ ]]; then[0m
2025-12-16T13:45:15.9357091Z [36;1m  echo "toolchain=1.$((i=${toolchain#1.}, c=($(date +%s)/60/60/24-16569)/7/6, i+9*i*(10*i<=c)+90*i*(100*i<=c)))" >> $GITHUB_OUTPUT[0m
2025-12-16T13:45:15.9358672Z [36;1melse[0m
2025-12-16T13:45:15.9359508Z [36;1m  echo "toolchain=$toolchain" >> $GITHUB_OUTPUT[0m
2025-12-16T13:45:15.9360554Z [36;1mfi[0m
2025-12-16T13:45:15.9399907Z shell: /usr/bin/bash --noprofile --norc -e -o pipefail {0}
2025-12-16T13:45:15.9401072Z env:
2025-12-16T13:45:15.9401729Z   CARGO_TERM_COLOR: always
2025-12-16T13:45:15.9402545Z   toolchain: stable
2025-12-16T13:45:15.9403249Z ##[endgroup]
2025-12-16T13:45:15.9625379Z ##[group]Run : construct rustup command line
2025-12-16T13:45:15.9627576Z [36;1m: construct rustup command line[0m
2025-12-16T13:45:15.9629108Z [36;1mecho "targets=$(for t in ${targets//,/ }; do echo -n ' --target' $t; done)" >> $GITHUB_OUTPUT[0m
2025-12-16T13:45:15.9631121Z [36;1mecho "components=$(for c in ${components//,/ }; do echo -n ' --component' $c; done)" >> $GITHUB_OUTPUT[0m
2025-12-16T13:45:15.9632694Z [36;1mecho "downgrade=" >> $GITHUB_OUTPUT[0m
2025-12-16T13:45:15.9667661Z shell: /usr/bin/bash --noprofile --norc -e -o pipefail {0}
2025-12-16T13:45:15.9668794Z env:
2025-12-16T13:45:15.9669450Z   CARGO_TERM_COLOR: always
2025-12-16T13:45:15.9670248Z   targets: 
2025-12-16T13:45:15.9670903Z   components: 
2025-12-16T13:45:15.9671608Z ##[endgroup]
2025-12-16T13:45:15.9869070Z ##[group]Run : set $CARGO_HOME
2025-12-16T13:45:15.9870014Z [36;1m: set $CARGO_HOME[0m
2025-12-16T13:45:15.9871122Z [36;1mecho CARGO_HOME=${CARGO_HOME:-"$HOME/.cargo"} >> $GITHUB_ENV[0m
2025-12-16T13:45:15.9906579Z shell: /usr/bin/bash --noprofile --norc -e -o pipefail {0}
2025-12-16T13:45:15.9907765Z env:
2025-12-16T13:45:15.9908447Z   CARGO_TERM_COLOR: always
2025-12-16T13:45:15.9909268Z ##[endgroup]
2025-12-16T13:45:16.0027526Z ##[group]Run : install rustup if needed
2025-12-16T13:45:16.0028588Z [36;1m: install rustup if needed[0m
2025-12-16T13:45:16.0029632Z [36;1mif ! command -v rustup &>/dev/null; then[0m
2025-12-16T13:45:16.0031966Z [36;1m  curl --proto '=https' --tlsv1.2 --retry 10 --retry-connrefused --location --silent --show-error --fail https://sh.rustup.rs | sh -s -- --default-toolchain none -y[0m
2025-12-16T13:45:16.0034294Z [36;1m  echo "$CARGO_HOME/bin" >> $GITHUB_PATH[0m
2025-12-16T13:45:16.0035279Z [36;1mfi[0m
2025-12-16T13:45:16.0069809Z shell: /usr/bin/bash --noprofile --norc -e -o pipefail {0}
2025-12-16T13:45:16.0070948Z env:
2025-12-16T13:45:16.0071646Z   CARGO_TERM_COLOR: always
2025-12-16T13:45:16.0072508Z   CARGO_HOME: /home/runner/.cargo
2025-12-16T13:45:16.0073395Z ##[endgroup]
2025-12-16T13:45:16.0198540Z ##[group]Run rustup toolchain install stable --profile minimal --no-self-update
2025-12-16T13:45:16.0200326Z [36;1mrustup toolchain install stable --profile minimal --no-self-update[0m
2025-12-16T13:45:16.0235289Z shell: /usr/bin/bash --noprofile --norc -e -o pipefail {0}
2025-12-16T13:45:16.0236675Z env:
2025-12-16T13:45:16.0237392Z   CARGO_TERM_COLOR: always
2025-12-16T13:45:16.0238275Z   CARGO_HOME: /home/runner/.cargo
2025-12-16T13:45:16.0239252Z ##[endgroup]
2025-12-16T13:45:16.2557980Z info: syncing channel updates for 'stable-x86_64-unknown-linux-gnu'
2025-12-16T13:45:16.3264439Z info: latest update on 2025-12-11, rust version 1.92.0 (ded5c06cf 2025-12-08)
2025-12-16T13:45:16.3600283Z info: downloading component 'clippy'
2025-12-16T13:45:16.3856793Z info: downloading component 'rustfmt'
2025-12-16T13:45:16.4031459Z info: downloading component 'cargo'
2025-12-16T13:45:16.4472004Z info: downloading component 'rust-std'
2025-12-16T13:45:16.5250547Z info: downloading component 'rustc'
2025-12-16T13:45:16.7519258Z info: removing previous version of component 'clippy'
2025-12-16T13:45:16.7533352Z info: removing previous version of component 'rustfmt'
2025-12-16T13:45:16.7543380Z info: removing previous version of component 'cargo'
2025-12-16T13:45:16.7585946Z info: removing previous version of component 'rust-std'
2025-12-16T13:45:16.7615102Z info: removing previous version of component 'rustc'
2025-12-16T13:45:16.7664422Z info: installing component 'clippy'
2025-12-16T13:45:17.1878749Z info: installing component 'rustfmt'
2025-12-16T13:45:17.4235549Z info: installing component 'cargo'
2025-12-16T13:45:18.1411746Z info: installing component 'rust-std'
2025-12-16T13:45:20.0400692Z info: installing component 'rustc'
2025-12-16T13:45:24.8781755Z 
2025-12-16T13:45:24.8888334Z   stable-x86_64-unknown-linux-gnu updated - rustc 1.92.0 (ded5c06cf 2025-12-08) (from rustc 1.91.1 (ed61e7d7e 2025-11-07))
2025-12-16T13:45:24.8889174Z 
2025-12-16T13:45:24.8947418Z ##[group]Run rustup default stable
2025-12-16T13:45:24.8947759Z [36;1mrustup default stable[0m
2025-12-16T13:45:24.8982097Z shell: /usr/bin/bash --noprofile --norc -e -o pipefail {0}
2025-12-16T13:45:24.8982440Z env:
2025-12-16T13:45:24.8982623Z   CARGO_TERM_COLOR: always
2025-12-16T13:45:24.8982860Z   CARGO_HOME: /home/runner/.cargo
2025-12-16T13:45:24.8983099Z ##[endgroup]
2025-12-16T13:45:24.9092212Z info: using existing install for 'stable-x86_64-unknown-linux-gnu'
2025-12-16T13:45:24.9469527Z info: default toolchain set to 'stable-x86_64-unknown-linux-gnu'
2025-12-16T13:45:24.9470047Z 
2025-12-16T13:45:24.9564663Z   stable-x86_64-unknown-linux-gnu unchanged - rustc 1.92.0 (ded5c06cf 2025-12-08)
2025-12-16T13:45:24.9565157Z 
2025-12-16T13:45:24.9611340Z ##[group]Run : create cachekey
2025-12-16T13:45:24.9611658Z [36;1m: create cachekey[0m
2025-12-16T13:45:24.9612105Z [36;1mDATE=$(rustc +stable --version --verbose | sed -ne 's/^commit-date: \(20[0-9][0-9]\)-\([01][0-9]\)-\([0-3][0-9]\)$/\1\2\3/p')[0m
2025-12-16T13:45:24.9612699Z [36;1mHASH=$(rustc +stable --version --verbose | sed -ne 's/^commit-hash: //p')[0m
2025-12-16T13:45:24.9613161Z [36;1mecho "cachekey=$(echo $DATE$HASH | head -c12)" >> $GITHUB_OUTPUT[0m
2025-12-16T13:45:24.9647783Z shell: /usr/bin/bash --noprofile --norc -e -o pipefail {0}
2025-12-16T13:45:24.9648138Z env:
2025-12-16T13:45:24.9648337Z   CARGO_TERM_COLOR: always
2025-12-16T13:45:24.9648558Z   CARGO_HOME: /home/runner/.cargo
2025-12-16T13:45:24.9648785Z ##[endgroup]
2025-12-16T13:45:25.0052997Z ##[group]Run : disable incremental compilation
2025-12-16T13:45:25.0053378Z [36;1m: disable incremental compilation[0m
2025-12-16T13:45:25.0053725Z [36;1mif [ -z "${CARGO_INCREMENTAL+set}" ]; then[0m
2025-12-16T13:45:25.0054056Z [36;1m  echo CARGO_INCREMENTAL=0 >> $GITHUB_ENV[0m
2025-12-16T13:45:25.0054614Z [36;1mfi[0m
2025-12-16T13:45:25.0088603Z shell: /usr/bin/bash --noprofile --norc -e -o pipefail {0}
2025-12-16T13:45:25.0088942Z env:
2025-12-16T13:45:25.0089158Z   CARGO_TERM_COLOR: always
2025-12-16T13:45:25.0089565Z   CARGO_HOME: /home/runner/.cargo
2025-12-16T13:45:25.0089795Z ##[endgroup]
2025-12-16T13:45:25.0164325Z ##[group]Run : enable colors in Cargo output
2025-12-16T13:45:25.0164651Z [36;1m: enable colors in Cargo output[0m
2025-12-16T13:45:25.0164942Z [36;1mif [ -z "${CARGO_TERM_COLOR+set}" ]; then[0m
2025-12-16T13:45:25.0165257Z [36;1m  echo CARGO_TERM_COLOR=always >> $GITHUB_ENV[0m
2025-12-16T13:45:25.0165521Z [36;1mfi[0m
2025-12-16T13:45:25.0197872Z shell: /usr/bin/bash --noprofile --norc -e -o pipefail {0}
2025-12-16T13:45:25.0198212Z env:
2025-12-16T13:45:25.0198392Z   CARGO_TERM_COLOR: always
2025-12-16T13:45:25.0198624Z   CARGO_HOME: /home/runner/.cargo
2025-12-16T13:45:25.0198851Z   CARGO_INCREMENTAL: 0
2025-12-16T13:45:25.0199064Z ##[endgroup]
2025-12-16T13:45:25.0273471Z ##[group]Run : enable Cargo sparse registry
2025-12-16T13:45:25.0273817Z [36;1m: enable Cargo sparse registry[0m
2025-12-16T13:45:25.0274174Z [36;1m# implemented in 1.66, stabilized in 1.68, made default in 1.70[0m
2025-12-16T13:45:25.0274857Z [36;1mif [ -z "${CARGO_REGISTRIES_CRATES_IO_PROTOCOL+set}" -o -f "/home/runner/work/_temp"/.implicit_cargo_registries_crates_io_protocol ]; then[0m
2025-12-16T13:45:25.0275515Z [36;1m  if rustc +stable --version --verbose | grep -q '^release: 1\.6[89]\.'; then[0m
2025-12-16T13:45:25.0276044Z [36;1m    touch "/home/runner/work/_temp"/.implicit_cargo_registries_crates_io_protocol || true[0m
2025-12-16T13:45:25.0276770Z [36;1m    echo CARGO_REGISTRIES_CRATES_IO_PROTOCOL=sparse >> $GITHUB_ENV[0m
2025-12-16T13:45:25.0277239Z [36;1m  elif rustc +stable --version --verbose | grep -q '^release: 1\.6[67]\.'; then[0m
2025-12-16T13:45:25.0277768Z [36;1m    touch "/home/runner/work/_temp"/.implicit_cargo_registries_crates_io_protocol || true[0m
2025-12-16T13:45:25.0278272Z [36;1m    echo CARGO_REGISTRIES_CRATES_IO_PROTOCOL=git >> $GITHUB_ENV[0m
2025-12-16T13:45:25.0278593Z [36;1m  fi[0m
2025-12-16T13:45:25.0278768Z [36;1mfi[0m
2025-12-16T13:45:25.0310766Z shell: /usr/bin/bash --noprofile --norc -e -o pipefail {0}
2025-12-16T13:45:25.0311119Z env:
2025-12-16T13:45:25.0311302Z   CARGO_TERM_COLOR: always
2025-12-16T13:45:25.0311538Z   CARGO_HOME: /home/runner/.cargo
2025-12-16T13:45:25.0311771Z   CARGO_INCREMENTAL: 0
2025-12-16T13:45:25.0311972Z ##[endgroup]
2025-12-16T13:45:25.0686961Z ##[group]Run : work around spurious network errors in curl 8.0
2025-12-16T13:45:25.0687424Z [36;1m: work around spurious network errors in curl 8.0[0m
2025-12-16T13:45:25.0687965Z [36;1m# https://rust-lang.zulipchat.com/#narrow/stream/246057-t-cargo/topic/timeout.20investigation[0m
2025-12-16T13:45:25.0688584Z [36;1mif rustc +stable --version --verbose | grep -q '^release: 1\.7[01]\.'; then[0m
2025-12-16T13:45:25.0689032Z [36;1m  echo CARGO_HTTP_MULTIPLEXING=false >> $GITHUB_ENV[0m
2025-12-16T13:45:25.0689336Z [36;1mfi[0m
2025-12-16T13:45:25.0725437Z shell: /usr/bin/bash --noprofile --norc -e -o pipefail {0}
2025-12-16T13:45:25.0725772Z env:
2025-12-16T13:45:25.0725961Z   CARGO_TERM_COLOR: always
2025-12-16T13:45:25.0726216Z   CARGO_HOME: /home/runner/.cargo
2025-12-16T13:45:25.0726588Z   CARGO_INCREMENTAL: 0
2025-12-16T13:45:25.0726804Z ##[endgroup]
2025-12-16T13:45:25.0952404Z ##[group]Run rustc +stable --version --verbose
2025-12-16T13:45:25.0952785Z [36;1mrustc +stable --version --verbose[0m
2025-12-16T13:45:25.0988182Z shell: /usr/bin/bash --noprofile --norc -e -o pipefail {0}
2025-12-16T13:45:25.0988524Z env:
2025-12-16T13:45:25.0988715Z   CARGO_TERM_COLOR: always
2025-12-16T13:45:25.0988939Z   CARGO_HOME: /home/runner/.cargo
2025-12-16T13:45:25.0989178Z   CARGO_INCREMENTAL: 0
2025-12-16T13:45:25.0989370Z ##[endgroup]
2025-12-16T13:45:25.1170800Z rustc 1.92.0 (ded5c06cf 2025-12-08)
2025-12-16T13:45:25.1171988Z binary: rustc
2025-12-16T13:45:25.1172752Z commit-hash: ded5c06cf21d2b93bffd5d884aa6e96934ee4234
2025-12-16T13:45:25.1173130Z commit-date: 2025-12-08
2025-12-16T13:45:25.1173370Z host: x86_64-unknown-linux-gnu
2025-12-16T13:45:25.1173624Z release: 1.92.0
2025-12-16T13:45:25.1174020Z LLVM version: 21.1.3
