2025-12-16T13:45:17.0389383Z ##[group]Run dtolnay/rust-toolchain@stable
2025-12-16T13:45:17.0389973Z with:
2025-12-16T13:45:17.0390530Z   targets: x86_64-unknown-linux-gnu
2025-12-16T13:45:17.0390993Z   toolchain: stable
2025-12-16T13:45:17.0391357Z env:
2025-12-16T13:45:17.0391695Z   CARGO_TERM_COLOR: always
2025-12-16T13:45:17.0392107Z ##[endgroup]
2025-12-16T13:45:17.0501699Z ##[group]Run : parse toolchain version
2025-12-16T13:45:17.0502343Z [36;1m: parse toolchain version[0m
2025-12-16T13:45:17.0502868Z [36;1mif [[ -z $toolchain ]]; then[0m
2025-12-16T13:45:17.0503736Z [36;1m  # GitHub does not enforce `required: true` inputs itself. https://github.com/actions/runner/issues/1070[0m
2025-12-16T13:45:17.0504834Z [36;1m  echo "'toolchain' is a required input" >&2[0m
2025-12-16T13:45:17.0505367Z [36;1m  exit 1[0m
2025-12-16T13:45:17.0505939Z [36;1melif [[ $toolchain =~ ^stable' '[0-9]+' '(year|month|week|day)s?' 'ago$ ]]; then[0m
2025-12-16T13:45:17.0506648Z [36;1m  if [[ Linux == macOS ]]; then[0m
2025-12-16T13:45:17.0507540Z [36;1m    echo "toolchain=1.$((($(date -v-$(sed 's/stable \([0-9]*\) \(.\).*/\1\2/' <<< $toolchain) +%s)/60/60/24-16569)/7/6))" >> $GITHUB_OUTPUT[0m
2025-12-16T13:45:17.0508373Z [36;1m  else[0m
2025-12-16T13:45:17.0509083Z [36;1m    echo "toolchain=1.$((($(date --date "${toolchain#stable }" +%s)/60/60/24-16569)/7/6))" >> $GITHUB_OUTPUT[0m
2025-12-16T13:45:17.0509850Z [36;1m  fi[0m
2025-12-16T13:45:17.0510370Z [36;1melif [[ $toolchain =~ ^stable' 'minus' '[0-9]+' 'releases?$ ]]; then[0m
2025-12-16T13:45:17.0511244Z [36;1m  echo "toolchain=1.$((($(date +%s)/60/60/24-16569)/7/6-${toolchain//[^0-9]/}))" >> $GITHUB_OUTPUT[0m
2025-12-16T13:45:17.0512024Z [36;1melif [[ $toolchain =~ ^1\.[0-9]+$ ]]; then[0m
2025-12-16T13:45:17.0512873Z [36;1m  echo "toolchain=1.$((i=${toolchain#1.}, c=($(date +%s)/60/60/24-16569)/7/6, i+9*i*(10*i<=c)+90*i*(100*i<=c)))" >> $GITHUB_OUTPUT[0m
2025-12-16T13:45:17.0513679Z [36;1melse[0m
2025-12-16T13:45:17.0514116Z [36;1m  echo "toolchain=$toolchain" >> $GITHUB_OUTPUT[0m
2025-12-16T13:45:17.0514819Z [36;1mfi[0m
2025-12-16T13:45:17.0551391Z shell: /usr/bin/bash --noprofile --norc -e -o pipefail {0}
2025-12-16T13:45:17.0552069Z env:
2025-12-16T13:45:17.0552421Z   CARGO_TERM_COLOR: always
2025-12-16T13:45:17.0552853Z   toolchain: stable
2025-12-16T13:45:17.0553220Z ##[endgroup]
2025-12-16T13:45:17.0766887Z ##[group]Run : construct rustup command line
2025-12-16T13:45:17.0767506Z [36;1m: construct rustup command line[0m
2025-12-16T13:45:17.0768264Z [36;1mecho "targets=$(for t in ${targets//,/ }; do echo -n ' --target' $t; done)" >> $GITHUB_OUTPUT[0m
2025-12-16T13:45:17.0769326Z [36;1mecho "components=$(for c in ${components//,/ }; do echo -n ' --component' $c; done)" >> $GITHUB_OUTPUT[0m
2025-12-16T13:45:17.0770150Z [36;1mecho "downgrade=" >> $GITHUB_OUTPUT[0m
2025-12-16T13:45:17.0802853Z shell: /usr/bin/bash --noprofile --norc -e -o pipefail {0}
2025-12-16T13:45:17.0803463Z env:
2025-12-16T13:45:17.0803819Z   CARGO_TERM_COLOR: always
2025-12-16T13:45:17.0804271Z   targets: x86_64-unknown-linux-gnu
2025-12-16T13:45:17.0804988Z   components: 
2025-12-16T13:45:17.0805356Z ##[endgroup]
2025-12-16T13:45:17.0895220Z ##[group]Run : set $CARGO_HOME
2025-12-16T13:45:17.0895702Z [36;1m: set $CARGO_HOME[0m
2025-12-16T13:45:17.0896285Z [36;1mecho CARGO_HOME=${CARGO_HOME:-"$HOME/.cargo"} >> $GITHUB_ENV[0m
2025-12-16T13:45:17.0926435Z shell: /usr/bin/bash --noprofile --norc -e -o pipefail {0}
2025-12-16T13:45:17.0927031Z env:
2025-12-16T13:45:17.0927382Z   CARGO_TERM_COLOR: always
2025-12-16T13:45:17.0927798Z ##[endgroup]
2025-12-16T13:45:17.1013051Z ##[group]Run : install rustup if needed
2025-12-16T13:45:17.1013606Z [36;1m: install rustup if needed[0m
2025-12-16T13:45:17.1014138Z [36;1mif ! command -v rustup &>/dev/null; then[0m
2025-12-16T13:45:17.1015618Z [36;1m  curl --proto '=https' --tlsv1.2 --retry 10 --retry-connrefused --location --silent --show-error --fail https://sh.rustup.rs | sh -s -- --default-toolchain none -y[0m
2025-12-16T13:45:17.1016794Z [36;1m  echo "$CARGO_HOME/bin" >> $GITHUB_PATH[0m
2025-12-16T13:45:17.1017516Z [36;1mfi[0m
2025-12-16T13:45:17.1047869Z shell: /usr/bin/bash --noprofile --norc -e -o pipefail {0}
2025-12-16T13:45:17.1048469Z env:
2025-12-16T13:45:17.1048823Z   CARGO_TERM_COLOR: always
2025-12-16T13:45:17.1049266Z   CARGO_HOME: /home/runner/.cargo
2025-12-16T13:45:17.1049722Z ##[endgroup]
2025-12-16T13:45:17.1135263Z ##[group]Run rustup toolchain install stable --target x86_64-unknown-linux-gnu --profile minimal --no-self-update
2025-12-16T13:45:17.1136628Z [36;1mrustup toolchain install stable --target x86_64-unknown-linux-gnu --profile minimal --no-self-update[0m
2025-12-16T13:45:17.1167261Z shell: /usr/bin/bash --noprofile --norc -e -o pipefail {0}
2025-12-16T13:45:17.1167942Z env:
2025-12-16T13:45:17.1168299Z   CARGO_TERM_COLOR: always
2025-12-16T13:45:17.1168745Z   CARGO_HOME: /home/runner/.cargo
2025-12-16T13:45:17.1169197Z ##[endgroup]
2025-12-16T13:45:17.3885462Z info: syncing channel updates for 'stable-x86_64-unknown-linux-gnu'
2025-12-16T13:45:17.4552659Z info: latest update on 2025-12-11, rust version 1.92.0 (ded5c06cf 2025-12-08)
2025-12-16T13:45:17.4913217Z info: downloading component 'rust-std'
2025-12-16T13:45:17.5922921Z info: downloading component 'clippy'
2025-12-16T13:45:17.6164230Z info: downloading component 'rustfmt'
2025-12-16T13:45:17.6334096Z info: downloading component 'cargo'
2025-12-16T13:45:17.6752257Z info: downloading component 'rustc'
2025-12-16T13:45:17.9435857Z info: removing previous version of component 'clippy'
2025-12-16T13:45:17.9456320Z info: removing previous version of component 'rustfmt'
2025-12-16T13:45:17.9559924Z info: removing previous version of component 'cargo'
2025-12-16T13:45:17.9617147Z info: removing previous version of component 'rust-std'
2025-12-16T13:45:17.9678974Z info: removing previous version of component 'rustc'
2025-12-16T13:45:17.9832601Z info: installing component 'rust-std'
2025-12-16T13:45:19.8967838Z info: installing component 'clippy'
2025-12-16T13:45:20.2872536Z info: installing component 'rustfmt'
2025-12-16T13:45:20.5203227Z info: installing component 'cargo'
2025-12-16T13:45:21.2462031Z info: installing component 'rustc'
2025-12-16T13:45:25.8035964Z 
2025-12-16T13:45:25.8131956Z   stable-x86_64-unknown-linux-gnu updated - rustc 1.92.0 (ded5c06cf 2025-12-08) (from rustc 1.91.1 (ed61e7d7e 2025-11-07))
2025-12-16T13:45:25.8132777Z 
2025-12-16T13:45:25.8191064Z ##[group]Run rustup default stable
2025-12-16T13:45:25.8191396Z [36;1mrustup default stable[0m
2025-12-16T13:45:25.8226355Z shell: /usr/bin/bash --noprofile --norc -e -o pipefail {0}
2025-12-16T13:45:25.8226730Z env:
2025-12-16T13:45:25.8226943Z   CARGO_TERM_COLOR: always
2025-12-16T13:45:25.8227206Z   CARGO_HOME: /home/runner/.cargo
2025-12-16T13:45:25.8227475Z ##[endgroup]
2025-12-16T13:45:25.8331418Z info: using existing install for 'stable-x86_64-unknown-linux-gnu'
2025-12-16T13:45:25.8700244Z info: default toolchain set to 'stable-x86_64-unknown-linux-gnu'
2025-12-16T13:45:25.8700939Z 
2025-12-16T13:45:25.8788510Z   stable-x86_64-unknown-linux-gnu unchanged - rustc 1.92.0 (ded5c06cf 2025-12-08)
2025-12-16T13:45:25.8789024Z 
2025-12-16T13:45:25.8835250Z ##[group]Run : create cachekey
2025-12-16T13:45:25.8835574Z [36;1m: create cachekey[0m
2025-12-16T13:45:25.8836071Z [36;1mDATE=$(rustc +stable --version --verbose | sed -ne 's/^commit-date: \(20[0-9][0-9]\)-\([01][0-9]\)-\([0-3][0-9]\)$/\1\2\3/p')[0m
2025-12-16T13:45:25.8836696Z [36;1mHASH=$(rustc +stable --version --verbose | sed -ne 's/^commit-hash: //p')[0m
2025-12-16T13:45:25.8837185Z [36;1mecho "cachekey=$(echo $DATE$HASH | head -c12)" >> $GITHUB_OUTPUT[0m
2025-12-16T13:45:25.8871183Z shell: /usr/bin/bash --noprofile --norc -e -o pipefail {0}
2025-12-16T13:45:25.8871550Z env:
2025-12-16T13:45:25.8871757Z   CARGO_TERM_COLOR: always
2025-12-16T13:45:25.8872020Z   CARGO_HOME: /home/runner/.cargo
2025-12-16T13:45:25.8872276Z ##[endgroup]
2025-12-16T13:45:25.9258628Z ##[group]Run : disable incremental compilation
2025-12-16T13:45:25.9259066Z [36;1m: disable incremental compilation[0m
2025-12-16T13:45:25.9259672Z [36;1mif [ -z "${CARGO_INCREMENTAL+set}" ]; then[0m
2025-12-16T13:45:25.9260153Z [36;1m  echo CARGO_INCREMENTAL=0 >> $GITHUB_ENV[0m
2025-12-16T13:45:25.9260441Z [36;1mfi[0m
2025-12-16T13:45:25.9294247Z shell: /usr/bin/bash --noprofile --norc -e -o pipefail {0}
2025-12-16T13:45:25.9294830Z env:
2025-12-16T13:45:25.9295042Z   CARGO_TERM_COLOR: always
2025-12-16T13:45:25.9295307Z   CARGO_HOME: /home/runner/.cargo
2025-12-16T13:45:25.9295563Z ##[endgroup]
2025-12-16T13:45:25.9367193Z ##[group]Run : enable colors in Cargo output
2025-12-16T13:45:25.9367537Z [36;1m: enable colors in Cargo output[0m
2025-12-16T13:45:25.9367857Z [36;1mif [ -z "${CARGO_TERM_COLOR+set}" ]; then[0m
2025-12-16T13:45:25.9368196Z [36;1m  echo CARGO_TERM_COLOR=always >> $GITHUB_ENV[0m
2025-12-16T13:45:25.9368489Z [36;1mfi[0m
2025-12-16T13:45:25.9400349Z shell: /usr/bin/bash --noprofile --norc -e -o pipefail {0}
2025-12-16T13:45:25.9400705Z env:
2025-12-16T13:45:25.9400924Z   CARGO_TERM_COLOR: always
2025-12-16T13:45:25.9401192Z   CARGO_HOME: /home/runner/.cargo
2025-12-16T13:45:25.9401466Z   CARGO_INCREMENTAL: 0
2025-12-16T13:45:25.9401693Z ##[endgroup]
2025-12-16T13:45:25.9474259Z ##[group]Run : enable Cargo sparse registry
2025-12-16T13:45:25.9474894Z [36;1m: enable Cargo sparse registry[0m
2025-12-16T13:45:25.9475267Z [36;1m# implemented in 1.66, stabilized in 1.68, made default in 1.70[0m
2025-12-16T13:45:25.9475930Z [36;1mif [ -z "${CARGO_REGISTRIES_CRATES_IO_PROTOCOL+set}" -o -f "/home/runner/work/_temp"/.implicit_cargo_registries_crates_io_protocol ]; then[0m
2025-12-16T13:45:25.9476598Z [36;1m  if rustc +stable --version --verbose | grep -q '^release: 1\.6[89]\.'; then[0m
2025-12-16T13:45:25.9477142Z [36;1m    touch "/home/runner/work/_temp"/.implicit_cargo_registries_crates_io_protocol || true[0m
2025-12-16T13:45:25.9477650Z [36;1m    echo CARGO_REGISTRIES_CRATES_IO_PROTOCOL=sparse >> $GITHUB_ENV[0m
2025-12-16T13:45:25.9478144Z [36;1m  elif rustc +stable --version --verbose | grep -q '^release: 1\.6[67]\.'; then[0m
2025-12-16T13:45:25.9478694Z [36;1m    touch "/home/runner/work/_temp"/.implicit_cargo_registries_crates_io_protocol || true[0m
2025-12-16T13:45:25.9479196Z [36;1m    echo CARGO_REGISTRIES_CRATES_IO_PROTOCOL=git >> $GITHUB_ENV[0m
2025-12-16T13:45:25.9479532Z [36;1m  fi[0m
2025-12-16T13:45:25.9479743Z [36;1mfi[0m
2025-12-16T13:45:25.9511389Z shell: /usr/bin/bash --noprofile --norc -e -o pipefail {0}
2025-12-16T13:45:25.9511758Z env:
2025-12-16T13:45:25.9511973Z   CARGO_TERM_COLOR: always
2025-12-16T13:45:25.9512232Z   CARGO_HOME: /home/runner/.cargo
2025-12-16T13:45:25.9512509Z   CARGO_INCREMENTAL: 0
2025-12-16T13:45:25.9512733Z ##[endgroup]
2025-12-16T13:45:25.9872893Z ##[group]Run : work around spurious network errors in curl 8.0
2025-12-16T13:45:25.9873374Z [36;1m: work around spurious network errors in curl 8.0[0m
2025-12-16T13:45:25.9874047Z [36;1m# https://rust-lang.zulipchat.com/#narrow/stream/246057-t-cargo/topic/timeout.20investigation[0m
2025-12-16T13:45:25.9874920Z [36;1mif rustc +stable --version --verbose | grep -q '^release: 1\.7[01]\.'; then[0m
2025-12-16T13:45:25.9875377Z [36;1m  echo CARGO_HTTP_MULTIPLEXING=false >> $GITHUB_ENV[0m
2025-12-16T13:45:25.9875695Z [36;1mfi[0m
2025-12-16T13:45:25.9911233Z shell: /usr/bin/bash --noprofile --norc -e -o pipefail {0}
2025-12-16T13:45:25.9911598Z env:
2025-12-16T13:45:25.9911815Z   CARGO_TERM_COLOR: always
2025-12-16T13:45:25.9912078Z   CARGO_HOME: /home/runner/.cargo
2025-12-16T13:45:25.9912344Z   CARGO_INCREMENTAL: 0
2025-12-16T13:45:25.9912570Z ##[endgroup]
2025-12-16T13:45:26.0129686Z ##[group]Run rustc +stable --version --verbose
2025-12-16T13:45:26.0130052Z [36;1mrustc +stable --version --verbose[0m
2025-12-16T13:45:26.0163386Z shell: /usr/bin/bash --noprofile --norc -e -o pipefail {0}
2025-12-16T13:45:26.0163759Z env:
2025-12-16T13:45:26.0163977Z   CARGO_TERM_COLOR: always
2025-12-16T13:45:26.0164238Z   CARGO_HOME: /home/runner/.cargo
2025-12-16T13:45:26.0164938Z   CARGO_INCREMENTAL: 0
2025-12-16T13:45:26.0165162Z ##[endgroup]
2025-12-16T13:45:26.0335319Z rustc 1.92.0 (ded5c06cf 2025-12-08)
2025-12-16T13:45:26.0337240Z binary: rustc
2025-12-16T13:45:26.0338031Z commit-hash: ded5c06cf21d2b93bffd5d884aa6e96934ee4234
2025-12-16T13:45:26.0338744Z commit-date: 2025-12-08
2025-12-16T13:45:26.0339160Z host: x86_64-unknown-linux-gnu
2025-12-16T13:45:26.0339488Z release: 1.92.0
2025-12-16T13:45:26.0339813Z LLVM version: 21.1.3
