2025-12-16T13:45:30.3471409Z ##[group]Run dtolnay/rust-toolchain@stable
2025-12-16T13:45:30.3471801Z with:
2025-12-16T13:45:30.3471984Z   targets: x86_64-pc-windows-msvc
2025-12-16T13:45:30.3472201Z   toolchain: stable
2025-12-16T13:45:30.3472382Z env:
2025-12-16T13:45:30.3472532Z   CARGO_TERM_COLOR: always
2025-12-16T13:45:30.3472725Z ##[endgroup]
2025-12-16T13:45:30.3701117Z ##[group]Run : parse toolchain version
2025-12-16T13:45:30.3701557Z [36;1m: parse toolchain version[0m
2025-12-16T13:45:30.3701801Z [36;1mif [[ -z $toolchain ]]; then[0m
2025-12-16T13:45:30.3702265Z [36;1m  # GitHub does not enforce `required: true` inputs itself. https://github.com/actions/runner/issues/1070[0m
2025-12-16T13:45:30.3703999Z [36;1m  echo "'toolchain' is a required input" >&2[0m
2025-12-16T13:45:30.3704265Z [36;1m  exit 1[0m
2025-12-16T13:45:30.3704547Z [36;1melif [[ $toolchain =~ ^stable' '[0-9]+' '(year|month|week|day)s?' 'ago$ ]]; then[0m
2025-12-16T13:45:30.3704897Z [36;1m  if [[ Windows == macOS ]]; then[0m
2025-12-16T13:45:30.3705379Z [36;1m    echo "toolchain=1.$((($(date -v-$(sed 's/stable \([0-9]*\) \(.\).*/\1\2/' <<< $toolchain) +%s)/60/60/24-16569)/7/6))" >> $GITHUB_OUTPUT[0m
2025-12-16T13:45:30.3705789Z [36;1m  else[0m
2025-12-16T13:45:30.3706118Z [36;1m    echo "toolchain=1.$((($(date --date "${toolchain#stable }" +%s)/60/60/24-16569)/7/6))" >> $GITHUB_OUTPUT[0m
2025-12-16T13:45:30.3706479Z [36;1m  fi[0m
2025-12-16T13:45:30.3706729Z [36;1melif [[ $toolchain =~ ^stable' 'minus' '[0-9]+' 'releases?$ ]]; then[0m
2025-12-16T13:45:30.3707164Z [36;1m  echo "toolchain=1.$((($(date +%s)/60/60/24-16569)/7/6-${toolchain//[^0-9]/}))" >> $GITHUB_OUTPUT[0m
2025-12-16T13:45:30.3707547Z [36;1melif [[ $toolchain =~ ^1\.[0-9]+$ ]]; then[0m
2025-12-16T13:45:30.3707969Z [36;1m  echo "toolchain=1.$((i=${toolchain#1.}, c=($(date +%s)/60/60/24-16569)/7/6, i+9*i*(10*i<=c)+90*i*(100*i<=c)))" >> $GITHUB_OUTPUT[0m
2025-12-16T13:45:30.3708353Z [36;1melse[0m
2025-12-16T13:45:30.3708558Z [36;1m  echo "toolchain=$toolchain" >> $GITHUB_OUTPUT[0m
2025-12-16T13:45:30.3708799Z [36;1mfi[0m
2025-12-16T13:45:30.3729490Z shell: C:\Program Files\Git\bin\bash.EXE --noprofile --norc -e -o pipefail {0}
2025-12-16T13:45:30.3729868Z env:
2025-12-16T13:45:30.3730025Z   CARGO_TERM_COLOR: always
2025-12-16T13:45:30.3730219Z   toolchain: stable
2025-12-16T13:45:30.3730383Z ##[endgroup]
2025-12-16T13:45:30.5618169Z ##[group]Run : construct rustup command line
2025-12-16T13:45:30.5618496Z [36;1m: construct rustup command line[0m
2025-12-16T13:45:30.5618886Z [36;1mecho "targets=$(for t in ${targets//,/ }; do echo -n ' --target' $t; done)" >> $GITHUB_OUTPUT[0m
2025-12-16T13:45:30.5619426Z [36;1mecho "components=$(for c in ${components//,/ }; do echo -n ' --component' $c; done)" >> $GITHUB_OUTPUT[0m
2025-12-16T13:45:30.5619824Z [36;1mecho "downgrade=" >> $GITHUB_OUTPUT[0m
2025-12-16T13:45:30.5636736Z shell: C:\Program Files\Git\bin\bash.EXE --noprofile --norc -e -o pipefail {0}
2025-12-16T13:45:30.5637090Z env:
2025-12-16T13:45:30.5637273Z   CARGO_TERM_COLOR: always
2025-12-16T13:45:30.5637482Z   targets: x86_64-pc-windows-msvc
2025-12-16T13:45:30.5637692Z   components: 
2025-12-16T13:45:30.5637852Z ##[endgroup]
2025-12-16T13:45:30.6400046Z ##[group]Run : set $CARGO_HOME
2025-12-16T13:45:30.6400391Z [36;1m: set $CARGO_HOME[0m
2025-12-16T13:45:30.6400860Z [36;1mecho CARGO_HOME=${CARGO_HOME:-"$USERPROFILE\.cargo"} >> $GITHUB_ENV[0m
2025-12-16T13:45:30.6417804Z shell: C:\Program Files\Git\bin\bash.EXE --noprofile --norc -e -o pipefail {0}
2025-12-16T13:45:30.6418158Z env:
2025-12-16T13:45:30.6418322Z   CARGO_TERM_COLOR: always
2025-12-16T13:45:30.6418530Z ##[endgroup]
2025-12-16T13:45:30.6950924Z ##[group]Run : install rustup if needed on windows
2025-12-16T13:45:30.6951269Z [36;1m: install rustup if needed on windows[0m
2025-12-16T13:45:30.6951541Z [36;1mif ! command -v rustup &>/dev/null; then[0m
2025-12-16T13:45:30.6952216Z [36;1m  curl --proto '=https' --tlsv1.2 --retry 10 --retry-connrefused --location --silent --show-error --fail https://win.rustup.rs/x86_64 --output 'D:\a\_temp\rustup-init.exe'[0m
2025-12-16T13:45:30.6955133Z [36;1m  'D:\a\_temp\rustup-init.exe' --default-toolchain none --no-modify-path -y[0m
2025-12-16T13:45:30.6955531Z [36;1m  echo "$CARGO_HOME\bin" >> $GITHUB_PATH[0m
2025-12-16T13:45:30.6955762Z [36;1mfi[0m
2025-12-16T13:45:30.6970932Z shell: C:\Program Files\Git\bin\bash.EXE --noprofile --norc -e -o pipefail {0}
2025-12-16T13:45:30.6971293Z env:
2025-12-16T13:45:30.6971452Z   CARGO_TERM_COLOR: always
2025-12-16T13:45:30.6971730Z   CARGO_HOME: C:\Users\runneradmin\.cargo
2025-12-16T13:45:30.6972131Z ##[endgroup]
2025-12-16T13:45:30.7575249Z ##[group]Run rustup toolchain install stable --target x86_64-pc-windows-msvc --profile minimal --no-self-update
2025-12-16T13:45:30.7575966Z [36;1mrustup toolchain install stable --target x86_64-pc-windows-msvc --profile minimal --no-self-update[0m
2025-12-16T13:45:30.7592236Z shell: C:\Program Files\Git\bin\bash.EXE --noprofile --norc -e -o pipefail {0}
2025-12-16T13:45:30.7592686Z env:
2025-12-16T13:45:30.7592878Z   CARGO_TERM_COLOR: always
2025-12-16T13:45:30.7593096Z   CARGO_HOME: C:\Users\runneradmin\.cargo
2025-12-16T13:45:30.7593321Z ##[endgroup]
2025-12-16T13:45:34.0453944Z info: syncing channel updates for 'stable-x86_64-pc-windows-msvc'
2025-12-16T13:45:34.5058767Z info: latest update on 2025-12-11, rust version 1.92.0 (ded5c06cf 2025-12-08)
2025-12-16T13:45:34.5854195Z info: downloading component 'rust-std'
2025-12-16T13:45:35.0657214Z info: downloading component 'clippy'
2025-12-16T13:45:35.2300793Z info: downloading component 'rustfmt'
2025-12-16T13:45:35.3149134Z info: downloading component 'rust-std' for 'x86_64-pc-windows-gnu'
2025-12-16T13:45:35.7905237Z info: downloading component 'rust-std' for 'i686-pc-windows-msvc'
2025-12-16T13:45:35.9441319Z info: downloading component 'cargo'
2025-12-16T13:45:36.1121493Z info: downloading component 'rustc'
2025-12-16T13:45:37.6008337Z info: removing previous version of component 'clippy'
2025-12-16T13:45:37.6347710Z info: removing previous version of component 'rustfmt'
2025-12-16T13:45:37.6465081Z info: removing previous version of component 'rust-std' for 'x86_64-pc-windows-gnu'
2025-12-16T13:45:37.7059151Z info: removing previous version of component 'rust-std' for 'i686-pc-windows-msvc'
2025-12-16T13:45:37.7600147Z info: removing previous version of component 'cargo'
2025-12-16T13:45:37.8340889Z info: removing previous version of component 'rust-std'
2025-12-16T13:45:37.8698811Z info: removing previous version of component 'rustc'
2025-12-16T13:45:37.9494631Z info: installing component 'rust-std'
2025-12-16T13:45:39.5052885Z info: installing component 'clippy'
2025-12-16T13:45:39.8713833Z info: installing component 'rustfmt'
2025-12-16T13:45:40.5943916Z info: installing component 'rust-std' for 'x86_64-pc-windows-gnu'
2025-12-16T13:45:42.4525566Z info: installing component 'rust-std' for 'i686-pc-windows-msvc'
2025-12-16T13:45:43.9180670Z info: installing component 'cargo'
2025-12-16T13:45:44.9638476Z ##[error]The operation was canceled.
