2025-12-16T13:45:18.9053480Z ##[group]Run dtolnay/rust-toolchain@stable
2025-12-16T13:45:18.9053780Z with:
2025-12-16T13:45:18.9053900Z   targets: x86_64-apple-darwin
2025-12-16T13:45:18.9054080Z   toolchain: stable
2025-12-16T13:45:18.9054200Z env:
2025-12-16T13:45:18.9054380Z   CARGO_TERM_COLOR: always
2025-12-16T13:45:18.9054540Z ##[endgroup]
2025-12-16T13:45:18.9162740Z ##[group]Run : parse toolchain version
2025-12-16T13:45:18.9163090Z [36;1m: parse toolchain version[0m
2025-12-16T13:45:18.9163310Z [36;1mif [[ -z $toolchain ]]; then[0m
2025-12-16T13:45:18.9163820Z [36;1m  # GitHub does not enforce `required: true` inputs itself. https://github.com/actions/runner/issues/1070[0m
2025-12-16T13:45:18.9164310Z [36;1m  echo "'toolchain' is a required input" >&2[0m
2025-12-16T13:45:18.9164550Z [36;1m  exit 1[0m
2025-12-16T13:45:18.9183320Z [36;1melif [[ $toolchain =~ ^stable' '[0-9]+' '(year|month|week|day)s?' 'ago$ ]]; then[0m
2025-12-16T13:45:18.9183750Z [36;1m  if [[ macOS == macOS ]]; then[0m
2025-12-16T13:45:18.9184220Z [36;1m    echo "toolchain=1.$((($(date -v-$(sed 's/stable \([0-9]*\) \(.\).*/\1\2/' <<< $toolchain) +%s)/60/60/24-16569)/7/6))" >> $GITHUB_OUTPUT[0m
2025-12-16T13:45:18.9184760Z [36;1m  else[0m
2025-12-16T13:45:18.9185160Z [36;1m    echo "toolchain=1.$((($(date --date "${toolchain#stable }" +%s)/60/60/24-16569)/7/6))" >> $GITHUB_OUTPUT[0m
2025-12-16T13:45:18.9185470Z [36;1m  fi[0m
2025-12-16T13:45:18.9185680Z [36;1melif [[ $toolchain =~ ^stable' 'minus' '[0-9]+' 'releases?$ ]]; then[0m
2025-12-16T13:45:18.9186060Z [36;1m  echo "toolchain=1.$((($(date +%s)/60/60/24-16569)/7/6-${toolchain//[^0-9]/}))" >> $GITHUB_OUTPUT[0m
2025-12-16T13:45:18.9186380Z [36;1melif [[ $toolchain =~ ^1\.[0-9]+$ ]]; then[0m
2025-12-16T13:45:18.9186780Z [36;1m  echo "toolchain=1.$((i=${toolchain#1.}, c=($(date +%s)/60/60/24-16569)/7/6, i+9*i*(10*i<=c)+90*i*(100*i<=c)))" >> $GITHUB_OUTPUT[0m
2025-12-16T13:45:18.9187210Z [36;1melse[0m
2025-12-16T13:45:18.9187380Z [36;1m  echo "toolchain=$toolchain" >> $GITHUB_OUTPUT[0m
2025-12-16T13:45:18.9187590Z [36;1mfi[0m
2025-12-16T13:45:18.9237490Z shell: /bin/bash --noprofile --norc -e -o pipefail {0}
2025-12-16T13:45:18.9237830Z env:
2025-12-16T13:45:18.9238020Z   CARGO_TERM_COLOR: always
2025-12-16T13:45:18.9238170Z   toolchain: stable
2025-12-16T13:45:18.9238300Z ##[endgroup]
2025-12-16T13:45:18.9735660Z ##[group]Run : construct rustup command line
2025-12-16T13:45:18.9739580Z [36;1m: construct rustup command line[0m
2025-12-16T13:45:18.9739940Z [36;1mecho "targets=$(for t in ${targets//,/ }; do echo -n ' --target' $t; done)" >> $GITHUB_OUTPUT[0m
2025-12-16T13:45:18.9740450Z [36;1mecho "components=$(for c in ${components//,/ }; do echo -n ' --component' $c; done)" >> $GITHUB_OUTPUT[0m
2025-12-16T13:45:18.9742900Z [36;1mecho "downgrade=" >> $GITHUB_OUTPUT[0m
2025-12-16T13:45:18.9776670Z shell: /bin/bash --noprofile --norc -e -o pipefail {0}
2025-12-16T13:45:18.9777050Z env:
2025-12-16T13:45:18.9777200Z   CARGO_TERM_COLOR: always
2025-12-16T13:45:18.9777390Z   targets: x86_64-apple-darwin
2025-12-16T13:45:18.9777610Z   components: 
2025-12-16T13:45:18.9777740Z ##[endgroup]
2025-12-16T13:45:19.0071220Z ##[group]Run : set $CARGO_HOME
2025-12-16T13:45:19.0071500Z [36;1m: set $CARGO_HOME[0m
2025-12-16T13:45:19.0071760Z [36;1mecho CARGO_HOME=${CARGO_HOME:-"$HOME/.cargo"} >> $GITHUB_ENV[0m
2025-12-16T13:45:19.0109210Z shell: /bin/bash --noprofile --norc -e -o pipefail {0}
2025-12-16T13:45:19.0109490Z env:
2025-12-16T13:45:19.0109630Z   CARGO_TERM_COLOR: always
2025-12-16T13:45:19.0109790Z ##[endgroup]
2025-12-16T13:45:19.0462350Z ##[group]Run : install rustup if needed
2025-12-16T13:45:19.0462690Z [36;1m: install rustup if needed[0m
2025-12-16T13:45:19.0462920Z [36;1mif ! command -v rustup &>/dev/null; then[0m
2025-12-16T13:45:19.0463500Z [36;1m  curl --proto '=https' --tlsv1.2 --retry 10 --retry-connrefused --location --silent --show-error --fail https://sh.rustup.rs | sh -s -- --default-toolchain none -y[0m
2025-12-16T13:45:19.0464320Z [36;1m  echo "$CARGO_HOME/bin" >> $GITHUB_PATH[0m
2025-12-16T13:45:19.0464920Z [36;1mfi[0m
2025-12-16T13:45:19.0525160Z shell: /bin/bash --noprofile --norc -e -o pipefail {0}
2025-12-16T13:45:19.0525460Z env:
2025-12-16T13:45:19.0525610Z   CARGO_TERM_COLOR: always
2025-12-16T13:45:19.0525790Z   CARGO_HOME: /Users/runner/.cargo
2025-12-16T13:45:19.0525970Z ##[endgroup]
2025-12-16T13:45:19.1227070Z ##[group]Run rustup toolchain install stable --target x86_64-apple-darwin --profile minimal --no-self-update
2025-12-16T13:45:19.1227850Z [36;1mrustup toolchain install stable --target x86_64-apple-darwin --profile minimal --no-self-update[0m
2025-12-16T13:45:19.1267940Z shell: /bin/bash --noprofile --norc -e -o pipefail {0}
2025-12-16T13:45:19.1268320Z env:
2025-12-16T13:45:19.1268490Z   CARGO_TERM_COLOR: always
2025-12-16T13:45:19.1268700Z   CARGO_HOME: /Users/runner/.cargo
2025-12-16T13:45:19.1268950Z ##[endgroup]
2025-12-16T13:45:19.4281660Z info: syncing channel updates for 'stable-aarch64-apple-darwin'
2025-12-16T13:45:19.5083740Z info: latest update on 2025-12-11, rust version 1.92.0 (ded5c06cf 2025-12-08)
2025-12-16T13:45:19.5324130Z info: downloading component 'rust-std' for 'x86_64-apple-darwin'
2025-12-16T13:45:19.7674690Z info: downloading component 'clippy'
2025-12-16T13:45:19.8205030Z info: downloading component 'rustfmt'
2025-12-16T13:45:19.8344660Z info: downloading component 'cargo'
2025-12-16T13:45:19.8868580Z info: downloading component 'rust-std'
2025-12-16T13:45:20.0747630Z info: downloading component 'rustc'
2025-12-16T13:45:20.5332740Z info: removing previous version of component 'clippy'
2025-12-16T13:45:20.5370640Z info: removing previous version of component 'rustfmt'
2025-12-16T13:45:20.5392580Z info: removing previous version of component 'cargo'
2025-12-16T13:45:20.5466650Z info: removing previous version of component 'rust-std'
2025-12-16T13:45:20.5544510Z info: removing previous version of component 'rustc'
2025-12-16T13:45:20.5642360Z info: installing component 'rust-std' for 'x86_64-apple-darwin'
2025-12-16T13:45:22.4760020Z info: installing component 'clippy'
2025-12-16T13:45:22.8718200Z info: installing component 'rustfmt'
2025-12-16T13:45:23.1641050Z info: installing component 'cargo'
2025-12-16T13:45:23.8917930Z info: installing component 'rust-std'
2025-12-16T13:45:25.4028950Z info: installing component 'rustc'
2025-12-16T13:45:29.4071080Z 
2025-12-16T13:45:29.6253620Z   stable-aarch64-apple-darwin updated - rustc 1.92.0 (ded5c06cf 2025-12-08) (from rustc 1.91.1 (ed61e7d7e 2025-11-07))
2025-12-16T13:45:29.6289020Z info: self-update is disabled for this build of rustup
2025-12-16T13:45:29.6289650Z 
2025-12-16T13:45:29.6292570Z info: any updates to rustup will need to be fetched with your system package manager
2025-12-16T13:45:29.6540570Z ##[group]Run rustup default stable
2025-12-16T13:45:29.6541540Z [36;1mrustup default stable[0m
2025-12-16T13:45:29.6737180Z shell: /bin/bash --noprofile --norc -e -o pipefail {0}
2025-12-16T13:45:29.6738070Z env:
2025-12-16T13:45:29.6738480Z   CARGO_TERM_COLOR: always
2025-12-16T13:45:29.6739140Z   CARGO_HOME: /Users/runner/.cargo
2025-12-16T13:45:29.6739680Z ##[endgroup]
2025-12-16T13:45:29.8201430Z info: using existing install for 'stable-aarch64-apple-darwin'
2025-12-16T13:45:29.8594950Z info: default toolchain set to 'stable-aarch64-apple-darwin'
2025-12-16T13:45:29.8595310Z 
2025-12-16T13:45:29.8700370Z   stable-aarch64-apple-darwin unchanged - rustc 1.92.0 (ded5c06cf 2025-12-08)
2025-12-16T13:45:29.8701010Z 
2025-12-16T13:45:29.8740700Z ##[group]Run : create cachekey
2025-12-16T13:45:29.8741070Z [36;1m: create cachekey[0m
2025-12-16T13:45:29.8741600Z [36;1mDATE=$(rustc +stable --version --verbose | sed -ne 's/^commit-date: \(20[0-9][0-9]\)-\([01][0-9]\)-\([0-3][0-9]\)$/\1\2\3/p')[0m
2025-12-16T13:45:29.8742270Z [36;1mHASH=$(rustc +stable --version --verbose | sed -ne 's/^commit-hash: //p')[0m
2025-12-16T13:45:29.8746790Z [36;1mecho "cachekey=$(echo $DATE$HASH | head -c12)" >> $GITHUB_OUTPUT[0m
2025-12-16T13:45:29.8829970Z shell: /bin/bash --noprofile --norc -e -o pipefail {0}
2025-12-16T13:45:29.8847510Z env:
2025-12-16T13:45:29.8848170Z   CARGO_TERM_COLOR: always
2025-12-16T13:45:29.8849320Z   CARGO_HOME: /Users/runner/.cargo
2025-12-16T13:45:29.8849940Z ##[endgroup]
2025-12-16T13:45:30.0333940Z ##[group]Run : disable incremental compilation
2025-12-16T13:45:30.0334510Z [36;1m: disable incremental compilation[0m
2025-12-16T13:45:30.0335780Z [36;1mif [ -z "${CARGO_INCREMENTAL+set}" ]; then[0m
2025-12-16T13:45:30.0337350Z [36;1m  echo CARGO_INCREMENTAL=0 >> $GITHUB_ENV[0m
2025-12-16T13:45:30.0337770Z [36;1mfi[0m
2025-12-16T13:45:30.0446030Z shell: /bin/bash --noprofile --norc -e -o pipefail {0}
2025-12-16T13:45:30.0446400Z env:
2025-12-16T13:45:30.0446620Z   CARGO_TERM_COLOR: always
2025-12-16T13:45:30.0447030Z   CARGO_HOME: /Users/runner/.cargo
2025-12-16T13:45:30.0447260Z ##[endgroup]
2025-12-16T13:45:30.0994900Z ##[group]Run : enable colors in Cargo output
2025-12-16T13:45:30.0995470Z [36;1m: enable colors in Cargo output[0m
2025-12-16T13:45:30.0995760Z [36;1mif [ -z "${CARGO_TERM_COLOR+set}" ]; then[0m
2025-12-16T13:45:30.0996110Z [36;1m  echo CARGO_TERM_COLOR=always >> $GITHUB_ENV[0m
2025-12-16T13:45:30.0996380Z [36;1mfi[0m
2025-12-16T13:45:30.1032450Z shell: /bin/bash --noprofile --norc -e -o pipefail {0}
2025-12-16T13:45:30.1032850Z env:
2025-12-16T13:45:30.1033060Z   CARGO_TERM_COLOR: always
2025-12-16T13:45:30.1033310Z   CARGO_HOME: /Users/runner/.cargo
2025-12-16T13:45:30.1033640Z   CARGO_INCREMENTAL: 0
2025-12-16T13:45:30.1033840Z ##[endgroup]
2025-12-16T13:45:30.1636750Z ##[group]Run : enable Cargo sparse registry
2025-12-16T13:45:30.1637150Z [36;1m: enable Cargo sparse registry[0m
2025-12-16T13:45:30.1637410Z [36;1m# implemented in 1.66, stabilized in 1.68, made default in 1.70[0m
2025-12-16T13:45:30.1637980Z [36;1mif [ -z "${CARGO_REGISTRIES_CRATES_IO_PROTOCOL+set}" -o -f "/Users/runner/work/_temp"/.implicit_cargo_registries_crates_io_protocol ]; then[0m
2025-12-16T13:45:30.1638590Z [36;1m  if rustc +stable --version --verbose | grep -q '^release: 1\.6[89]\.'; then[0m
2025-12-16T13:45:30.1639140Z [36;1m    touch "/Users/runner/work/_temp"/.implicit_cargo_registries_crates_io_protocol || true[0m
2025-12-16T13:45:30.1639650Z [36;1m    echo CARGO_REGISTRIES_CRATES_IO_PROTOCOL=sparse >> $GITHUB_ENV[0m
2025-12-16T13:45:30.1640110Z [36;1m  elif rustc +stable --version --verbose | grep -q '^release: 1\.6[67]\.'; then[0m
2025-12-16T13:45:30.1640520Z [36;1m    touch "/Users/runner/work/_temp"/.implicit_cargo_registries_crates_io_protocol || true[0m
2025-12-16T13:45:30.1640890Z [36;1m    echo CARGO_REGISTRIES_CRATES_IO_PROTOCOL=git >> $GITHUB_ENV[0m
2025-12-16T13:45:30.1641120Z [36;1m  fi[0m
2025-12-16T13:45:30.1641290Z [36;1mfi[0m
2025-12-16T13:45:30.1678700Z shell: /bin/bash --noprofile --norc -e -o pipefail {0}
2025-12-16T13:45:30.1679150Z env:
2025-12-16T13:45:30.1679400Z   CARGO_TERM_COLOR: always
2025-12-16T13:45:30.1679670Z   CARGO_HOME: /Users/runner/.cargo
2025-12-16T13:45:30.1679950Z   CARGO_INCREMENTAL: 0
2025-12-16T13:45:30.1680260Z ##[endgroup]
2025-12-16T13:45:30.2547890Z ##[group]Run : work around spurious network errors in curl 8.0
2025-12-16T13:45:30.2548360Z [36;1m: work around spurious network errors in curl 8.0[0m
2025-12-16T13:45:30.2548820Z [36;1m# https://rust-lang.zulipchat.com/#narrow/stream/246057-t-cargo/topic/timeout.20investigation[0m
2025-12-16T13:45:30.2549280Z [36;1mif rustc +stable --version --verbose | grep -q '^release: 1\.7[01]\.'; then[0m
2025-12-16T13:45:30.2549610Z [36;1m  echo CARGO_HTTP_MULTIPLEXING=false >> $GITHUB_ENV[0m
2025-12-16T13:45:30.2549850Z [36;1mfi[0m
2025-12-16T13:45:30.2587950Z shell: /bin/bash --noprofile --norc -e -o pipefail {0}
2025-12-16T13:45:30.2588250Z env:
2025-12-16T13:45:30.2588400Z   CARGO_TERM_COLOR: always
2025-12-16T13:45:30.2588570Z   CARGO_HOME: /Users/runner/.cargo
2025-12-16T13:45:30.2589220Z   CARGO_INCREMENTAL: 0
2025-12-16T13:45:30.2589400Z ##[endgroup]
2025-12-16T13:45:30.3323390Z ##[group]Run rustc +stable --version --verbose
2025-12-16T13:45:30.3323730Z [36;1mrustc +stable --version --verbose[0m
2025-12-16T13:45:30.3360390Z shell: /bin/bash --noprofile --norc -e -o pipefail {0}
2025-12-16T13:45:30.3360670Z env:
2025-12-16T13:45:30.3360830Z   CARGO_TERM_COLOR: always
2025-12-16T13:45:30.3361020Z   CARGO_HOME: /Users/runner/.cargo
2025-12-16T13:45:30.3361210Z   CARGO_INCREMENTAL: 0
2025-12-16T13:45:30.3361370Z ##[endgroup]
2025-12-16T13:45:30.4250710Z rustc 1.92.0 (ded5c06cf 2025-12-08)
2025-12-16T13:45:30.4275960Z binary: rustc
2025-12-16T13:45:30.4284350Z commit-hash: ded5c06cf21d2b93bffd5d884aa6e96934ee4234
2025-12-16T13:45:30.4284820Z commit-date: 2025-12-08
2025-12-16T13:45:30.4285130Z host: aarch64-apple-darwin
2025-12-16T13:45:30.4285450Z release: 1.92.0
2025-12-16T13:45:30.4285700Z LLVM version: 21.1.3
