2025-12-16T13:45:13.9218722Z Current runner version: '2.329.0'
2025-12-16T13:45:13.9245232Z ##[group]Runner Image Provisioner
2025-12-16T13:45:13.9246146Z Hosted Compute Agent
2025-12-16T13:45:13.9246667Z Version: 20251202.455
2025-12-16T13:45:13.9247278Z Commit: 6c10caca4910e198df60de23adf20ad317c474e3
2025-12-16T13:45:13.9247988Z Build Date: 2025-12-02T15:56:59Z
2025-12-16T13:45:13.9248660Z Worker ID: {319e672c-733b-44a3-8061-61481c03a6bf}
2025-12-16T13:45:13.9249355Z ##[endgroup]
2025-12-16T13:45:13.9249923Z ##[group]Operating System
2025-12-16T13:45:13.9250507Z Ubuntu
2025-12-16T13:45:13.9250938Z 24.04.3
2025-12-16T13:45:13.9251432Z LTS
2025-12-16T13:45:13.9251861Z ##[endgroup]
2025-12-16T13:45:13.9252367Z ##[group]Runner Image
2025-12-16T13:45:13.9252856Z Image: ubuntu-24.04
2025-12-16T13:45:13.9253443Z Version: 20251208.163.1
2025-12-16T13:45:13.9254594Z Included Software: https://github.com/actions/runner-images/blob/ubuntu24/20251208.163/images/ubuntu/Ubuntu2404-Readme.md
2025-12-16T13:45:13.9256200Z Image Release: https://github.com/actions/runner-images/releases/tag/ubuntu24%2F20251208.163
2025-12-16T13:45:13.9257206Z ##[endgroup]
2025-12-16T13:45:13.9258327Z ##[group]GITHUB_TOKEN Permissions
2025-12-16T13:45:13.9260377Z Contents: read
2025-12-16T13:45:13.9260924Z Metadata: read
2025-12-16T13:45:13.9261514Z Packages: read
2025-12-16T13:45:13.9262019Z ##[endgroup]
2025-12-16T13:45:13.9263951Z Secret source: Actions
2025-12-16T13:45:13.9265385Z Prepare workflow directory
2025-12-16T13:45:13.9652211Z Prepare all required actions
2025-12-16T13:45:13.9690205Z Getting action download info
2025-12-16T13:45:14.3582806Z Download action repository 'actions/checkout@v4' (SHA:34e114876b0b11c390a56381ad16ebd13914f8d5)
2025-12-16T13:45:14.4819479Z Download action repository 'dtolnay/rust-toolchain@stable' (SHA:6d9817901c499d6b02debbb57edb38d33daa680b)
2025-12-16T13:45:14.7291015Z Download action repository 'Swatinem/rust-cache@v2' (SHA:779680da715d629ac1d338a641029a2f4372abb5)
2025-12-16T13:45:15.2777247Z Complete job name: Build Worker (WASM)
2025-12-16T13:45:15.3548707Z ##[group]Run actions/checkout@v4
2025-12-16T13:45:15.3550006Z with:
2025-12-16T13:45:15.3550794Z   repository: cswasif/ZKS-Tunnel-VPN
2025-12-16T13:45:15.3552024Z   token: ***
2025-12-16T13:45:15.3552767Z   ssh-strict: true
2025-12-16T13:45:15.3553545Z   ssh-user: git
2025-12-16T13:45:15.3554554Z   persist-credentials: true
2025-12-16T13:45:15.3555457Z   clean: true
2025-12-16T13:45:15.3556263Z   sparse-checkout-cone-mode: true
2025-12-16T13:45:15.3557210Z   fetch-depth: 1
2025-12-16T13:45:15.3557979Z   fetch-tags: false
2025-12-16T13:45:15.3558785Z   show-progress: true
2025-12-16T13:45:15.3559578Z   lfs: false
2025-12-16T13:45:15.3560301Z   submodules: false
2025-12-16T13:45:15.3561094Z   set-safe-directory: true
2025-12-16T13:45:15.3562187Z env:
2025-12-16T13:45:15.3562910Z   CARGO_TERM_COLOR: always
2025-12-16T13:45:15.3563745Z ##[endgroup]
2025-12-16T13:45:15.4647178Z Syncing repository: cswasif/ZKS-Tunnel-VPN
2025-12-16T13:45:15.4649946Z ##[group]Getting Git version info
2025-12-16T13:45:15.4651690Z Working directory is '/home/runner/work/ZKS-Tunnel-VPN/ZKS-Tunnel-VPN'
2025-12-16T13:45:15.4653645Z [command]/usr/bin/git version
2025-12-16T13:45:15.4716196Z git version 2.52.0
2025-12-16T13:45:15.4743538Z ##[endgroup]
2025-12-16T13:45:15.4757052Z Temporarily overriding HOME='/home/runner/work/_temp/ff012a8e-fe70-4107-aaf2-07110cc333f3' before making global git config changes
2025-12-16T13:45:15.4759730Z Adding repository directory to the temporary git global config as a safe directory
2025-12-16T13:45:15.4769698Z [command]/usr/bin/git config --global --add safe.directory /home/runner/work/ZKS-Tunnel-VPN/ZKS-Tunnel-VPN
2025-12-16T13:45:15.4809262Z Deleting the contents of '/home/runner/work/ZKS-Tunnel-VPN/ZKS-Tunnel-VPN'
2025-12-16T13:45:15.4812895Z ##[group]Initializing the repository
2025-12-16T13:45:15.4817041Z [command]/usr/bin/git init /home/runner/work/ZKS-Tunnel-VPN/ZKS-Tunnel-VPN
2025-12-16T13:45:15.4938169Z hint: Using 'master' as the name for the initial branch. This default branch name
2025-12-16T13:45:15.4941433Z hint: will change to "main" in Git 3.0. To configure the initial branch name
2025-12-16T13:45:15.4944096Z hint: to use in all of your new repositories, which will suppress this warning,
2025-12-16T13:45:15.4946800Z hint: call:
2025-12-16T13:45:15.4948177Z hint:
2025-12-16T13:45:15.4949749Z hint: 	git config --global init.defaultBranch <name>
2025-12-16T13:45:15.4951642Z hint:
2025-12-16T13:45:15.4953545Z hint: Names commonly chosen instead of 'master' are 'main', 'trunk' and
2025-12-16T13:45:15.4956952Z hint: 'development'. The just-created branch can be renamed via this command:
2025-12-16T13:45:15.4959302Z hint:
2025-12-16T13:45:15.4960470Z hint: 	git branch -m <name>
2025-12-16T13:45:15.4961886Z hint:
2025-12-16T13:45:15.4963184Z hint: Disable this message with "git config set advice.defaultBranchName false"
2025-12-16T13:45:15.4965420Z Initialized empty Git repository in /home/runner/work/ZKS-Tunnel-VPN/ZKS-Tunnel-VPN/.git/
2025-12-16T13:45:15.4969607Z [command]/usr/bin/git remote add origin https://github.com/cswasif/ZKS-Tunnel-VPN
2025-12-16T13:45:15.4993805Z ##[endgroup]
2025-12-16T13:45:15.4996512Z ##[group]Disabling automatic garbage collection
2025-12-16T13:45:15.4998686Z [command]/usr/bin/git config --local gc.auto 0
2025-12-16T13:45:15.5028249Z ##[endgroup]
2025-12-16T13:45:15.5030495Z ##[group]Setting up auth
2025-12-16T13:45:15.5035746Z [command]/usr/bin/git config --local --name-only --get-regexp core\.sshCommand
2025-12-16T13:45:15.5068914Z [command]/usr/bin/git submodule foreach --recursive sh -c "git config --local --name-only --get-regexp 'core\.sshCommand' && git config --local --unset-all 'core.sshCommand' || :"
2025-12-16T13:45:15.5407627Z [command]/usr/bin/git config --local --name-only --get-regexp http\.https\:\/\/github\.com\/\.extraheader
2025-12-16T13:45:15.5440970Z [command]/usr/bin/git submodule foreach --recursive sh -c "git config --local --name-only --get-regexp 'http\.https\:\/\/github\.com\/\.extraheader' && git config --local --unset-all 'http.https://github.com/.extraheader' || :"
2025-12-16T13:45:15.5660761Z [command]/usr/bin/git config --local --name-only --get-regexp ^includeIf\.gitdir:
2025-12-16T13:45:15.5691677Z [command]/usr/bin/git submodule foreach --recursive git config --local --show-origin --name-only --get-regexp remote.origin.url
2025-12-16T13:45:15.5920915Z [command]/usr/bin/git config --local http.https://github.com/.extraheader AUTHORIZATION: basic ***
2025-12-16T13:45:15.5953848Z ##[endgroup]
2025-12-16T13:45:15.5955435Z ##[group]Fetching the repository
2025-12-16T13:45:15.5964608Z [command]/usr/bin/git -c protocol.version=2 fetch --no-tags --prune --no-recurse-submodules --depth=1 origin +07e5b94c516c63d1da59149cb4db8a89630bdd19:refs/remotes/origin/master
2025-12-16T13:45:15.8050353Z From https://github.com/cswasif/ZKS-Tunnel-VPN
2025-12-16T13:45:15.8054589Z  * [new ref]         07e5b94c516c63d1da59149cb4db8a89630bdd19 -> origin/master
2025-12-16T13:45:15.8084100Z ##[endgroup]
2025-12-16T13:45:15.8085906Z ##[group]Determining the checkout info
2025-12-16T13:45:15.8087397Z ##[endgroup]
2025-12-16T13:45:15.8091502Z [command]/usr/bin/git sparse-checkout disable
2025-12-16T13:45:15.8135529Z [command]/usr/bin/git config --local --unset-all extensions.worktreeConfig
2025-12-16T13:45:15.8162301Z ##[group]Checking out the ref
2025-12-16T13:45:15.8165916Z [command]/usr/bin/git checkout --progress --force -B master refs/remotes/origin/master
2025-12-16T13:45:15.8232773Z Reset branch 'master'
2025-12-16T13:45:15.8235909Z branch 'master' set up to track 'origin/master'.
2025-12-16T13:45:15.8242870Z ##[endgroup]
2025-12-16T13:45:15.8275018Z [command]/usr/bin/git log -1 --format=%H
2025-12-16T13:45:15.8295999Z 07e5b94c516c63d1da59149cb4db8a89630bdd19
2025-12-16T13:45:15.8721242Z ##[group]Run dtolnay/rust-toolchain@stable
2025-12-16T13:45:15.8722243Z with:
2025-12-16T13:45:15.8722950Z   targets: wasm32-unknown-unknown
2025-12-16T13:45:15.8723819Z   toolchain: stable
2025-12-16T13:45:15.8724659Z env:
2025-12-16T13:45:15.8725316Z   CARGO_TERM_COLOR: always
2025-12-16T13:45:15.8726359Z ##[endgroup]
2025-12-16T13:45:15.8859098Z ##[group]Run : parse toolchain version
2025-12-16T13:45:15.8860192Z [36;1m: parse toolchain version[0m
2025-12-16T13:45:15.8861128Z [36;1mif [[ -z $toolchain ]]; then[0m
2025-12-16T13:45:15.8862773Z [36;1m  # GitHub does not enforce `required: true` inputs itself. https://github.com/actions/runner/issues/1070[0m
2025-12-16T13:45:15.8864648Z [36;1m  echo "'toolchain' is a required input" >&2[0m
2025-12-16T13:45:15.8865659Z [36;1m  exit 1[0m
2025-12-16T13:45:15.8866720Z [36;1melif [[ $toolchain =~ ^stable' '[0-9]+' '(year|month|week|day)s?' 'ago$ ]]; then[0m
2025-12-16T13:45:15.8868092Z [36;1m  if [[ Linux == macOS ]]; then[0m
2025-12-16T13:45:15.8869688Z [36;1m    echo "toolchain=1.$((($(date -v-$(sed 's/stable \([0-9]*\) \(.\).*/\1\2/' <<< $toolchain) +%s)/60/60/24-16569)/7/6))" >> $GITHUB_OUTPUT[0m
2025-12-16T13:45:15.8871256Z [36;1m  else[0m
2025-12-16T13:45:15.8872515Z [36;1m    echo "toolchain=1.$((($(date --date "${toolchain#stable }" +%s)/60/60/24-16569)/7/6))" >> $GITHUB_OUTPUT[0m
2025-12-16T13:45:15.8873988Z [36;1m  fi[0m
2025-12-16T13:45:15.8875071Z [36;1melif [[ $toolchain =~ ^stable' 'minus' '[0-9]+' 'releases?$ ]]; then[0m
2025-12-16T13:45:15.8876753Z [36;1m  echo "toolchain=1.$((($(date +%s)/60/60/24-16569)/7/6-${toolchain//[^0-9]/}))" >> $GITHUB_OUTPUT[0m
2025-12-16T13:45:15.8878227Z [36;1melif [[ $toolchain =~ ^1\.[0-9]+$ ]]; then[0m
2025-12-16T13:45:15.8879859Z [36;1m  echo "toolchain=1.$((i=${toolchain#1.}, c=($(date +%s)/60/60/24-16569)/7/6, i+9*i*(10*i<=c)+90*i*(100*i<=c)))" >> $GITHUB_OUTPUT[0m
2025-12-16T13:45:15.8881394Z [36;1melse[0m
2025-12-16T13:45:15.8882224Z [36;1m  echo "toolchain=$toolchain" >> $GITHUB_OUTPUT[0m
2025-12-16T13:45:15.8883228Z [36;1mfi[0m
2025-12-16T13:45:15.8921161Z shell: /usr/bin/bash --noprofile --norc -e -o pipefail {0}
2025-12-16T13:45:15.8922280Z env:
2025-12-16T13:45:15.8922912Z   CARGO_TERM_COLOR: always
2025-12-16T13:45:15.8923699Z   toolchain: stable
2025-12-16T13:45:15.8924677Z ##[endgroup]
2025-12-16T13:45:15.9113810Z ##[group]Run : construct rustup command line
2025-12-16T13:45:15.9114997Z [36;1m: construct rustup command line[0m
2025-12-16T13:45:15.9116420Z [36;1mecho "targets=$(for t in ${targets//,/ }; do echo -n ' --target' $t; done)" >> $GITHUB_OUTPUT[0m
2025-12-16T13:45:15.9118379Z [36;1mecho "components=$(for c in ${components//,/ }; do echo -n ' --component' $c; done)" >> $GITHUB_OUTPUT[0m
2025-12-16T13:45:15.9119924Z [36;1mecho "downgrade=" >> $GITHUB_OUTPUT[0m
2025-12-16T13:45:15.9152539Z shell: /usr/bin/bash --noprofile --norc -e -o pipefail {0}
2025-12-16T13:45:15.9153626Z env:
2025-12-16T13:45:15.9154270Z   CARGO_TERM_COLOR: always
2025-12-16T13:45:15.9155460Z   targets: wasm32-unknown-unknown
2025-12-16T13:45:15.9156388Z   components: 
2025-12-16T13:45:15.9157054Z ##[endgroup]
2025-12-16T13:45:15.9330832Z ##[group]Run : set $CARGO_HOME
2025-12-16T13:45:15.9331726Z [36;1m: set $CARGO_HOME[0m
2025-12-16T13:45:15.9332862Z [36;1mecho CARGO_HOME=${CARGO_HOME:-"$HOME/.cargo"} >> $GITHUB_ENV[0m
2025-12-16T13:45:15.9365155Z shell: /usr/bin/bash --noprofile --norc -e -o pipefail {0}
2025-12-16T13:45:15.9366249Z env:
2025-12-16T13:45:15.9366898Z   CARGO_TERM_COLOR: always
2025-12-16T13:45:15.9367663Z ##[endgroup]
2025-12-16T13:45:15.9506689Z ##[group]Run : install rustup if needed
2025-12-16T13:45:15.9508466Z [36;1m: install rustup if needed[0m
2025-12-16T13:45:15.9510287Z [36;1mif ! command -v rustup &>/dev/null; then[0m
2025-12-16T13:45:15.9514766Z [36;1m  curl --proto '=https' --tlsv1.2 --retry 10 --retry-connrefused --location --silent --show-error --fail https://sh.rustup.rs | sh -s -- --default-toolchain none -y[0m
2025-12-16T13:45:15.9519351Z [36;1m  echo "$CARGO_HOME/bin" >> $GITHUB_PATH[0m
2025-12-16T13:45:15.9521152Z [36;1mfi[0m
2025-12-16T13:45:15.9566943Z shell: /usr/bin/bash --noprofile --norc -e -o pipefail {0}
2025-12-16T13:45:15.9568878Z env:
2025-12-16T13:45:15.9570034Z   CARGO_TERM_COLOR: always
2025-12-16T13:45:15.9571785Z   CARGO_HOME: /home/runner/.cargo
2025-12-16T13:45:15.9573340Z ##[endgroup]
2025-12-16T13:45:15.9731859Z ##[group]Run rustup toolchain install stable --target wasm32-unknown-unknown --profile minimal --no-self-update
2025-12-16T13:45:15.9736622Z [36;1mrustup toolchain install stable --target wasm32-unknown-unknown --profile minimal --no-self-update[0m
2025-12-16T13:45:15.9784709Z shell: /usr/bin/bash --noprofile --norc -e -o pipefail {0}
2025-12-16T13:45:15.9786715Z env:
2025-12-16T13:45:15.9787886Z   CARGO_TERM_COLOR: always
2025-12-16T13:45:15.9789315Z   CARGO_HOME: /home/runner/.cargo
2025-12-16T13:45:15.9790819Z ##[endgroup]
2025-12-16T13:45:16.2161505Z info: syncing channel updates for 'stable-x86_64-unknown-linux-gnu'
2025-12-16T13:45:16.2861100Z info: latest update on 2025-12-11, rust version 1.92.0 (ded5c06cf 2025-12-08)
2025-12-16T13:45:16.3299695Z info: downloading component 'rust-std' for 'wasm32-unknown-unknown'
2025-12-16T13:45:16.4071070Z info: downloading component 'clippy'
2025-12-16T13:45:16.4365309Z info: downloading component 'rustfmt'
2025-12-16T13:45:16.4549655Z info: downloading component 'cargo'
2025-12-16T13:45:16.4931394Z info: downloading component 'rust-std'
2025-12-16T13:45:16.5783190Z info: downloading component 'rustc'
2025-12-16T13:45:17.0312395Z info: removing previous version of component 'clippy'
2025-12-16T13:45:17.0331092Z info: removing previous version of component 'rustfmt'
2025-12-16T13:45:17.0344177Z info: removing previous version of component 'cargo'
2025-12-16T13:45:17.2175003Z info: removing previous version of component 'rust-std'
2025-12-16T13:45:17.2207827Z info: removing previous version of component 'rustc'
2025-12-16T13:45:17.2734985Z info: installing component 'rust-std' for 'wasm32-unknown-unknown'
2025-12-16T13:45:18.7082858Z info: installing component 'clippy'
2025-12-16T13:45:19.0790851Z info: installing component 'rustfmt'
2025-12-16T13:45:19.3115973Z info: installing component 'cargo'
2025-12-16T13:45:20.0044789Z info: installing component 'rust-std'
2025-12-16T13:45:21.9269723Z info: installing component 'rustc'
2025-12-16T13:45:26.4873547Z 
2025-12-16T13:45:26.4973096Z   stable-x86_64-unknown-linux-gnu updated - rustc 1.92.0 (ded5c06cf 2025-12-08) (from rustc 1.91.1 (ed61e7d7e 2025-11-07))
2025-12-16T13:45:26.4973613Z 
2025-12-16T13:45:26.5033821Z ##[group]Run rustup default stable
2025-12-16T13:45:26.5034132Z [36;1mrustup default stable[0m
2025-12-16T13:45:26.5069862Z shell: /usr/bin/bash --noprofile --norc -e -o pipefail {0}
2025-12-16T13:45:26.5070195Z env:
2025-12-16T13:45:26.5070385Z   CARGO_TERM_COLOR: always
2025-12-16T13:45:26.5070610Z   CARGO_HOME: /home/runner/.cargo
2025-12-16T13:45:26.5070850Z ##[endgroup]
2025-12-16T13:45:26.5175762Z info: using existing install for 'stable-x86_64-unknown-linux-gnu'
2025-12-16T13:45:26.5540572Z info: default toolchain set to 'stable-x86_64-unknown-linux-gnu'
2025-12-16T13:45:26.5541054Z 
2025-12-16T13:45:26.5630064Z   stable-x86_64-unknown-linux-gnu unchanged - rustc 1.92.0 (ded5c06cf 2025-12-08)
2025-12-16T13:45:26.5630521Z 
2025-12-16T13:45:26.5677230Z ##[group]Run : create cachekey
2025-12-16T13:45:26.5677521Z [36;1m: create cachekey[0m
2025-12-16T13:45:26.5677968Z [36;1mDATE=$(rustc +stable --version --verbose | sed -ne 's/^commit-date: \(20[0-9][0-9]\)-\([01][0-9]\)-\([0-3][0-9]\)$/\1\2\3/p')[0m
2025-12-16T13:45:26.5678568Z [36;1mHASH=$(rustc +stable --version --verbose | sed -ne 's/^commit-hash: //p')[0m
2025-12-16T13:45:26.5679039Z [36;1mecho "cachekey=$(echo $DATE$HASH | head -c12)" >> $GITHUB_OUTPUT[0m
2025-12-16T13:45:26.5714693Z shell: /usr/bin/bash --noprofile --norc -e -o pipefail {0}
2025-12-16T13:45:26.5715027Z env:
2025-12-16T13:45:26.5715211Z   CARGO_TERM_COLOR: always
2025-12-16T13:45:26.5715690Z   CARGO_HOME: /home/runner/.cargo
2025-12-16T13:45:26.5715981Z ##[endgroup]
2025-12-16T13:45:26.6103350Z ##[group]Run : disable incremental compilation
2025-12-16T13:45:26.6103722Z [36;1m: disable incremental compilation[0m
2025-12-16T13:45:26.6104036Z [36;1mif [ -z "${CARGO_INCREMENTAL+set}" ]; then[0m
2025-12-16T13:45:26.6104852Z [36;1m  echo CARGO_INCREMENTAL=0 >> $GITHUB_ENV[0m
2025-12-16T13:45:26.6105188Z [36;1mfi[0m
2025-12-16T13:45:26.6140355Z shell: /usr/bin/bash --noprofile --norc -e -o pipefail {0}
2025-12-16T13:45:26.6140689Z env:
2025-12-16T13:45:26.6140869Z   CARGO_TERM_COLOR: always
2025-12-16T13:45:26.6141105Z   CARGO_HOME: /home/runner/.cargo
2025-12-16T13:45:26.6141330Z ##[endgroup]
2025-12-16T13:45:26.6214719Z ##[group]Run : enable colors in Cargo output
2025-12-16T13:45:26.6215048Z [36;1m: enable colors in Cargo output[0m
2025-12-16T13:45:26.6215349Z [36;1mif [ -z "${CARGO_TERM_COLOR+set}" ]; then[0m
2025-12-16T13:45:26.6215694Z [36;1m  echo CARGO_TERM_COLOR=always >> $GITHUB_ENV[0m
2025-12-16T13:45:26.6215958Z [36;1mfi[0m
2025-12-16T13:45:26.6249425Z shell: /usr/bin/bash --noprofile --norc -e -o pipefail {0}
2025-12-16T13:45:26.6249764Z env:
2025-12-16T13:45:26.6249946Z   CARGO_TERM_COLOR: always
2025-12-16T13:45:26.6250180Z   CARGO_HOME: /home/runner/.cargo
2025-12-16T13:45:26.6250431Z   CARGO_INCREMENTAL: 0
2025-12-16T13:45:26.6250633Z ##[endgroup]
2025-12-16T13:45:26.6324762Z ##[group]Run : enable Cargo sparse registry
2025-12-16T13:45:26.6325107Z [36;1m: enable Cargo sparse registry[0m
2025-12-16T13:45:26.6325461Z [36;1m# implemented in 1.66, stabilized in 1.68, made default in 1.70[0m
2025-12-16T13:45:26.6326098Z [36;1mif [ -z "${CARGO_REGISTRIES_CRATES_IO_PROTOCOL+set}" -o -f "/home/runner/work/_temp"/.implicit_cargo_registries_crates_io_protocol ]; then[0m
2025-12-16T13:45:26.6326738Z [36;1m  if rustc +stable --version --verbose | grep -q '^release: 1\.6[89]\.'; then[0m
2025-12-16T13:45:26.6327278Z [36;1m    touch "/home/runner/work/_temp"/.implicit_cargo_registries_crates_io_protocol || true[0m
2025-12-16T13:45:26.6327764Z [36;1m    echo CARGO_REGISTRIES_CRATES_IO_PROTOCOL=sparse >> $GITHUB_ENV[0m
2025-12-16T13:45:26.6328217Z [36;1m  elif rustc +stable --version --verbose | grep -q '^release: 1\.6[67]\.'; then[0m
2025-12-16T13:45:26.6328745Z [36;1m    touch "/home/runner/work/_temp"/.implicit_cargo_registries_crates_io_protocol || true[0m
2025-12-16T13:45:26.6329207Z [36;1m    echo CARGO_REGISTRIES_CRATES_IO_PROTOCOL=git >> $GITHUB_ENV[0m
2025-12-16T13:45:26.6329520Z [36;1m  fi[0m
2025-12-16T13:45:26.6329690Z [36;1mfi[0m
2025-12-16T13:45:26.6362695Z shell: /usr/bin/bash --noprofile --norc -e -o pipefail {0}
2025-12-16T13:45:26.6363019Z env:
2025-12-16T13:45:26.6363201Z   CARGO_TERM_COLOR: always
2025-12-16T13:45:26.6363431Z   CARGO_HOME: /home/runner/.cargo
2025-12-16T13:45:26.6363659Z   CARGO_INCREMENTAL: 0
2025-12-16T13:45:26.6363858Z ##[endgroup]
2025-12-16T13:45:26.6733344Z ##[group]Run : work around spurious network errors in curl 8.0
2025-12-16T13:45:26.6733771Z [36;1m: work around spurious network errors in curl 8.0[0m
2025-12-16T13:45:26.6734741Z [36;1m# https://rust-lang.zulipchat.com/#narrow/stream/246057-t-cargo/topic/timeout.20investigation[0m
2025-12-16T13:45:26.6735349Z [36;1mif rustc +stable --version --verbose | grep -q '^release: 1\.7[01]\.'; then[0m
2025-12-16T13:45:26.6735775Z [36;1m  echo CARGO_HTTP_MULTIPLEXING=false >> $GITHUB_ENV[0m
2025-12-16T13:45:26.6736065Z [36;1mfi[0m
2025-12-16T13:45:26.6773193Z shell: /usr/bin/bash --noprofile --norc -e -o pipefail {0}
2025-12-16T13:45:26.6773517Z env:
2025-12-16T13:45:26.6773704Z   CARGO_TERM_COLOR: always
2025-12-16T13:45:26.6773931Z   CARGO_HOME: /home/runner/.cargo
2025-12-16T13:45:26.6774178Z   CARGO_INCREMENTAL: 0
2025-12-16T13:45:26.6774584Z ##[endgroup]
2025-12-16T13:45:26.7003706Z ##[group]Run rustc +stable --version --verbose
2025-12-16T13:45:26.7004055Z [36;1mrustc +stable --version --verbose[0m
2025-12-16T13:45:26.7040271Z shell: /usr/bin/bash --noprofile --norc -e -o pipefail {0}
2025-12-16T13:45:26.7040618Z env:
2025-12-16T13:45:26.7040813Z   CARGO_TERM_COLOR: always
2025-12-16T13:45:26.7041041Z   CARGO_HOME: /home/runner/.cargo
2025-12-16T13:45:26.7041283Z   CARGO_INCREMENTAL: 0
2025-12-16T13:45:26.7041481Z ##[endgroup]
2025-12-16T13:45:26.7219504Z rustc 1.92.0 (ded5c06cf 2025-12-08)
2025-12-16T13:45:26.7220235Z binary: rustc
2025-12-16T13:45:26.7220730Z commit-hash: ded5c06cf21d2b93bffd5d884aa6e96934ee4234
2025-12-16T13:45:26.7221347Z commit-date: 2025-12-08
2025-12-16T13:45:26.7221785Z host: x86_64-unknown-linux-gnu
2025-12-16T13:45:26.7222353Z release: 1.92.0
2025-12-16T13:45:26.7223497Z LLVM version: 21.1.3
2025-12-16T13:45:26.7347232Z ##[group]Run Swatinem/rust-cache@v2
2025-12-16T13:45:26.7347522Z with:
2025-12-16T13:45:26.7347709Z   prefix-key: v0-rust
2025-12-16T13:45:26.7347926Z   add-job-id-key: true
2025-12-16T13:45:26.7348149Z   add-rust-environment-hash-key: true
2025-12-16T13:45:26.7348410Z   cache-targets: true
2025-12-16T13:45:26.7348608Z   cache-all-crates: false
2025-12-16T13:45:26.7348831Z   cache-workspace-crates: false
2025-12-16T13:45:26.7349050Z   save-if: true
2025-12-16T13:45:26.7349243Z   cache-provider: github
2025-12-16T13:45:26.7349450Z   cache-bin: true
2025-12-16T13:45:26.7349630Z   lookup-only: false
2025-12-16T13:45:26.7349830Z env:
2025-12-16T13:45:26.7349996Z   CARGO_TERM_COLOR: always
2025-12-16T13:45:26.7350218Z   CARGO_HOME: /home/runner/.cargo
2025-12-16T13:45:26.7350453Z   CARGO_INCREMENTAL: 0
2025-12-16T13:45:26.7350647Z ##[endgroup]
2025-12-16T13:45:27.1588218Z ##[group]Cache Configuration
2025-12-16T13:45:27.1588729Z Cache Provider:
2025-12-16T13:45:27.1589069Z     github
2025-12-16T13:45:27.1589468Z Workspaces:
2025-12-16T13:45:27.1589907Z     /home/runner/work/ZKS-Tunnel-VPN/ZKS-Tunnel-VPN
2025-12-16T13:45:27.1590429Z Cache Paths:
2025-12-16T13:45:27.1590764Z     /home/runner/.cargo/bin
2025-12-16T13:45:27.1591190Z     /home/runner/.cargo/.crates.toml
2025-12-16T13:45:27.1591705Z     /home/runner/.cargo/.crates2.json
2025-12-16T13:45:27.1592171Z     /home/runner/.cargo/registry
2025-12-16T13:45:27.1592613Z     /home/runner/.cargo/git
2025-12-16T13:45:27.1593135Z     /home/runner/work/ZKS-Tunnel-VPN/ZKS-Tunnel-VPN/target
2025-12-16T13:45:27.1593674Z Restore Key:
2025-12-16T13:45:27.1594080Z     v0-rust-build-worker-Linux-x64-826f3078
2025-12-16T13:45:27.1594803Z Cache Key:
2025-12-16T13:45:27.1595230Z     v0-rust-build-worker-Linux-x64-826f3078-be31038b
2025-12-16T13:45:27.1595711Z .. Prefix:
2025-12-16T13:45:27.1596061Z   - v0-rust-build-worker-Linux-x64
2025-12-16T13:45:27.1596531Z .. Environment considered:
2025-12-16T13:45:27.1597241Z   - Rust Version: 1.92.0 x86_64-unknown-linux-gnu (ded5c06cf21d2b93bffd5d884aa6e96934ee4234)
2025-12-16T13:45:27.1597967Z   - CARGO_HOME
2025-12-16T13:45:27.1598328Z   - CARGO_INCREMENTAL
2025-12-16T13:45:27.1598687Z   - CARGO_TERM_COLOR
2025-12-16T13:45:27.1599078Z .. Lockfiles considered:
2025-12-16T13:45:27.1599724Z   - /home/runner/work/ZKS-Tunnel-VPN/ZKS-Tunnel-VPN/zks-tunnel-client/Cargo.toml
2025-12-16T13:45:27.1600685Z   - /home/runner/work/ZKS-Tunnel-VPN/ZKS-Tunnel-VPN/zks-tunnel-proto/Cargo.toml
2025-12-16T13:45:27.1601630Z   - /home/runner/work/ZKS-Tunnel-VPN/ZKS-Tunnel-VPN/zks-tunnel-worker/Cargo.toml
2025-12-16T13:45:27.1602778Z ##[endgroup]
2025-12-16T13:45:27.1603019Z 
2025-12-16T13:45:27.1603175Z ... Restoring cache ...
2025-12-16T13:45:27.2762911Z Cache hit for: v0-rust-build-worker-Linux-x64-826f3078-be31038b
2025-12-16T13:45:28.3669893Z Received 141854898 of 150243506 (94.4%), 135.1 MBs/sec
2025-12-16T13:45:28.3858061Z Received 150243506 of 150243506 (100.0%), 140.5 MBs/sec
2025-12-16T13:45:28.3859778Z Cache Size: ~143 MB (150243506 B)
2025-12-16T13:45:28.3895194Z [command]/usr/bin/tar -xf /home/runner/work/_temp/1477b297-b215-4c5b-8543-ca85f102da79/cache.tzst -P -C /home/runner/work/ZKS-Tunnel-VPN/ZKS-Tunnel-VPN --use-compress-program unzstd
2025-12-16T13:45:29.2021072Z Cache restored successfully
2025-12-16T13:45:29.2323544Z Restored from cache key "v0-rust-build-worker-Linux-x64-826f3078-be31038b" full match: true.
2025-12-16T13:45:29.2446721Z ##[group]Run npm install -g wrangler
2025-12-16T13:45:29.2447055Z [36;1mnpm install -g wrangler[0m
2025-12-16T13:45:29.2481202Z shell: /usr/bin/bash -e {0}
2025-12-16T13:45:29.2481443Z env:
2025-12-16T13:45:29.2481811Z   CARGO_TERM_COLOR: always
2025-12-16T13:45:29.2482046Z   CARGO_HOME: /home/runner/.cargo
2025-12-16T13:45:29.2482290Z   CARGO_INCREMENTAL: 0
2025-12-16T13:45:29.2482498Z   CACHE_ON_FAILURE: false
2025-12-16T13:45:29.2482705Z ##[endgroup]
2025-12-16T13:45:35.0520077Z 
2025-12-16T13:45:35.0520610Z added 47 packages in 6s
2025-12-16T13:45:35.0520911Z 
2025-12-16T13:45:35.0521085Z 9 packages are looking for funding
2025-12-16T13:45:35.0521508Z   run `npm fund` for details
2025-12-16T13:45:35.0778052Z ##[group]Run wrangler build || echo "Build attempted"
2025-12-16T13:45:35.0778490Z [36;1mwrangler build || echo "Build attempted"[0m
2025-12-16T13:45:35.0811114Z shell: /usr/bin/bash -e {0}
2025-12-16T13:45:35.0811351Z env:
2025-12-16T13:45:35.0811540Z   CARGO_TERM_COLOR: always
2025-12-16T13:45:35.0811780Z   CARGO_HOME: /home/runner/.cargo
2025-12-16T13:45:35.0812028Z   CARGO_INCREMENTAL: 0
2025-12-16T13:45:35.0812236Z   CACHE_ON_FAILURE: false
2025-12-16T13:45:35.0812451Z ##[endgroup]
2025-12-16T13:45:36.0823882Z 
2025-12-16T13:45:36.0824805Z  ⛅️ wrangler 4.55.0
2025-12-16T13:45:36.0825222Z ───────────────────
2025-12-16T13:45:36.0884963Z [custom build] Running: cargo install worker-build && worker-build --release
2025-12-16T13:45:36.1574678Z [custom build] [1m[92m    Updating[0m crates.io index
2025-12-16T13:45:36.1577257Z [custom build] 
2025-12-16T13:45:36.4190701Z [custom build] [1m[92m Downloading[0m crates ...
2025-12-16T13:45:36.4191870Z [custom build] 
2025-12-16T13:45:36.6683741Z [custom build] [1m[92m  Downloaded[0m worker-build v0.7.1
2025-12-16T13:45:36.6684766Z [custom build] 
2025-12-16T13:45:36.6961956Z [custom build] [1m[92m     Ignored[0m package `worker-build v0.7.1` is already installed, use --force to override
2025-12-16T13:45:36.6962793Z [custom build] 
2025-12-16T13:45:38.6259827Z [custom build] [INFO]: 🎯  Checking for the Wasm target...
2025-12-16T13:45:38.6260596Z [custom build] 
2025-12-16T13:45:38.7327460Z [custom build] [INFO]: ⬇️  Downloading Wasm Bindgen@0.2.106...
2025-12-16T13:45:38.7328143Z [custom build] 
2025-12-16T13:45:38.9938600Z [custom build] [INFO]: 🌀  Compiling to Wasm...
2025-12-16T13:45:38.9939127Z [custom build] 
2025-12-16T13:45:39.1365608Z [custom build] [1m[92m   Compiling[0m zks-tunnel-proto v0.1.0 (/home/runner/work/ZKS-Tunnel-VPN/ZKS-Tunnel-VPN/zks-tunnel-proto)
2025-12-16T13:45:39.1366553Z [custom build] 
2025-12-16T13:45:39.2524744Z [custom build] [1m[92m   Compiling[0m zks-tunnel-worker v0.1.0 (/home/runner/work/ZKS-Tunnel-VPN/ZKS-Tunnel-VPN/zks-tunnel-worker)
2025-12-16T13:45:39.2525569Z [custom build] 
2025-12-16T13:45:39.9788586Z [custom build] [1m[92m    Finished[0m `release` profile [optimized] target(s) in 0.93s
2025-12-16T13:45:39.9789288Z [custom build] 
2025-12-16T13:45:40.0977774Z [custom build] [INFO]: ⬇️  Downloading Wasm Opt@125...
2025-12-16T13:45:40.0978365Z [custom build] 
2025-12-16T13:45:41.5470509Z [custom build] [INFO]: Optimizing wasm binaries with `wasm-opt`...
2025-12-16T13:45:41.5471466Z [custom build] 
2025-12-16T13:45:42.6263071Z [custom build] [INFO]: ✨  Done in 3.63s
2025-12-16T13:45:42.6264194Z [custom build] [INFO]: 📦   Your wasm pkg is ready to publish at /home/runner/work/ZKS-Tunnel-VPN/ZKS-Tunnel-VPN/zks-tunnel-worker/build.
2025-12-16T13:45:42.6266487Z [custom build] 
2025-12-16T13:45:42.6268008Z [custom build] [INFO]: ⬇️  Downloading Esbuild@0.27.0...
2025-12-16T13:45:42.6270083Z [custom build] 
2025-12-16T13:45:42.7467989Z [custom build] 
2025-12-16T13:45:42.7468600Z [custom build]   index.js  23.6kb
2025-12-16T13:45:42.7469038Z [custom build] 
2025-12-16T13:45:42.7469803Z [custom build] ⚡ Done in 5ms
2025-12-16T13:45:42.7470667Z [custom build] 
2025-12-16T13:45:42.7996003Z Total Upload: 507.63 KiB / gzip: 205.14 KiB
2025-12-16T13:45:42.8015468Z Your Worker has access to the following bindings:
2025-12-16T13:45:42.8016245Z Binding                                 Resource            
2025-12-16T13:45:42.8016928Z env.TUNNEL_SESSION (TunnelSession)      Durable Object      
2025-12-16T13:45:42.8017354Z 
2025-12-16T13:45:42.8017801Z --dry-run: exiting now.
2025-12-16T13:45:42.8723300Z Post job cleanup.
2025-12-16T13:45:43.1301028Z Cache up-to-date.
2025-12-16T13:45:43.1459730Z Post job cleanup.
2025-12-16T13:45:43.2398028Z [command]/usr/bin/git version
2025-12-16T13:45:43.2434895Z git version 2.52.0
2025-12-16T13:45:43.2478939Z Temporarily overriding HOME='/home/runner/work/_temp/3f8ec093-1bb0-4571-beda-fff1d6eb6f74' before making global git config changes
2025-12-16T13:45:43.2480223Z Adding repository directory to the temporary git global config as a safe directory
2025-12-16T13:45:43.2485261Z [command]/usr/bin/git config --global --add safe.directory /home/runner/work/ZKS-Tunnel-VPN/ZKS-Tunnel-VPN
2025-12-16T13:45:43.2521834Z [command]/usr/bin/git config --local --name-only --get-regexp core\.sshCommand
2025-12-16T13:45:43.2555270Z [command]/usr/bin/git submodule foreach --recursive sh -c "git config --local --name-only --get-regexp 'core\.sshCommand' && git config --local --unset-all 'core.sshCommand' || :"
2025-12-16T13:45:43.2782782Z [command]/usr/bin/git config --local --name-only --get-regexp http\.https\:\/\/github\.com\/\.extraheader
2025-12-16T13:45:43.2804186Z http.https://github.com/.extraheader
2025-12-16T13:45:43.2817004Z [command]/usr/bin/git config --local --unset-all http.https://github.com/.extraheader
2025-12-16T13:45:43.2846155Z [command]/usr/bin/git submodule foreach --recursive sh -c "git config --local --name-only --get-regexp 'http\.https\:\/\/github\.com\/\.extraheader' && git config --local --unset-all 'http.https://github.com/.extraheader' || :"
2025-12-16T13:45:43.3066736Z [command]/usr/bin/git config --local --name-only --get-regexp ^includeIf\.gitdir:
2025-12-16T13:45:43.3098194Z [command]/usr/bin/git submodule foreach --recursive git config --local --show-origin --name-only --get-regexp remote.origin.url
2025-12-16T13:45:43.3421674Z Cleaning up orphan processes
