2025-12-16T13:45:13.7576420Z Current runner version: '2.329.0'
2025-12-16T13:45:13.7591360Z ##[group]Runner Image Provisioner
2025-12-16T13:45:13.7591810Z Hosted Compute Agent
2025-12-16T13:45:13.7592130Z Version: 20251211.462
2025-12-16T13:45:13.7592500Z Commit: 6cbad8c2bb55d58165063d031ccabf57e2d2db61
2025-12-16T13:45:13.7592920Z Build Date: 2025-12-11T16:28:49Z
2025-12-16T13:45:13.7593330Z Worker ID: {083ece21-138b-4598-8fe0-11c00170954e}
2025-12-16T13:45:13.7593740Z ##[endgroup]
2025-12-16T13:45:13.7594050Z ##[group]Operating System
2025-12-16T13:45:13.7594400Z macOS
2025-12-16T13:45:13.7594680Z 15.7.2
2025-12-16T13:45:13.7594940Z 24G325
2025-12-16T13:45:13.7595210Z ##[endgroup]
2025-12-16T13:45:13.7595510Z ##[group]Runner Image
2025-12-16T13:45:13.7595820Z Image: macos-15-arm64
2025-12-16T13:45:13.7596120Z Version: 20251210.0068.1
2025-12-16T13:45:13.7596800Z Included Software: https://github.com/actions/runner-images/blob/macos-15-arm64/20251210.0068/images/macos/macos-15-arm64-Readme.md
2025-12-16T13:45:13.7597800Z Image Release: https://github.com/actions/runner-images/releases/tag/macos-15-arm64%2F20251210.0068
2025-12-16T13:45:13.7598400Z ##[endgroup]
2025-12-16T13:45:13.7599060Z ##[group]GITHUB_TOKEN Permissions
2025-12-16T13:45:13.7600020Z Contents: read
2025-12-16T13:45:13.7600320Z Metadata: read
2025-12-16T13:45:13.7600620Z Packages: read
2025-12-16T13:45:13.7600940Z ##[endgroup]
2025-12-16T13:45:13.7602360Z Secret source: Actions
2025-12-16T13:45:13.7602830Z Prepare workflow directory
2025-12-16T13:45:13.8000390Z Prepare all required actions
2025-12-16T13:45:13.8031060Z Getting action download info
2025-12-16T13:45:14.0596170Z Download action repository 'actions/checkout@v4' (SHA:34e114876b0b11c390a56381ad16ebd13914f8d5)
2025-12-16T13:45:14.5166970Z Download action repository 'dtolnay/rust-toolchain@stable' (SHA:6d9817901c499d6b02debbb57edb38d33daa680b)
2025-12-16T13:45:15.5314460Z Download action repository 'Swatinem/rust-cache@v2' (SHA:779680da715d629ac1d338a641029a2f4372abb5)
2025-12-16T13:45:17.0442010Z Download action repository 'actions/upload-artifact@v4' (SHA:ea165f8d65b6e75b540449e92b4886f43607fa02)
2025-12-16T13:45:17.2803870Z Complete job name: Build Client (macos-latest, x86_64-apple-darwin, zks-vpn)
2025-12-16T13:45:17.3184850Z ##[group]Run actions/checkout@v4
2025-12-16T13:45:17.3185440Z with:
2025-12-16T13:45:17.3186020Z   repository: cswasif/ZKS-Tunnel-VPN
2025-12-16T13:45:17.3186540Z   token: ***
2025-12-16T13:45:17.3186730Z   ssh-strict: true
2025-12-16T13:45:17.3186930Z   ssh-user: git
2025-12-16T13:45:17.3187150Z   persist-credentials: true
2025-12-16T13:45:17.3187370Z   clean: true
2025-12-16T13:45:17.3187580Z   sparse-checkout-cone-mode: true
2025-12-16T13:45:17.3187830Z   fetch-depth: 1
2025-12-16T13:45:17.3188030Z   fetch-tags: false
2025-12-16T13:45:17.3188250Z   show-progress: true
2025-12-16T13:45:17.3188460Z   lfs: false
2025-12-16T13:45:17.3188650Z   submodules: false
2025-12-16T13:45:17.3188870Z   set-safe-directory: true
2025-12-16T13:45:17.3189330Z env:
2025-12-16T13:45:17.3189580Z   CARGO_TERM_COLOR: always
2025-12-16T13:45:17.3189870Z ##[endgroup]
2025-12-16T13:45:17.6446080Z Syncing repository: cswasif/ZKS-Tunnel-VPN
2025-12-16T13:45:17.6447410Z ##[group]Getting Git version info
2025-12-16T13:45:17.6447920Z Working directory is '/Users/runner/work/ZKS-Tunnel-VPN/ZKS-Tunnel-VPN'
2025-12-16T13:45:17.6448490Z [command]/opt/homebrew/bin/git version
2025-12-16T13:45:17.7416850Z git version 2.50.1
2025-12-16T13:45:17.7456160Z ##[endgroup]
2025-12-16T13:45:17.7461240Z Copying '/Users/runner/.gitconfig' to '/Users/runner/work/_temp/d0f698f1-65bb-4dcb-87e9-53ccd0a2b8b5/.gitconfig'
2025-12-16T13:45:17.7462020Z Temporarily overriding HOME='/Users/runner/work/_temp/d0f698f1-65bb-4dcb-87e9-53ccd0a2b8b5' before making global git config changes
2025-12-16T13:45:17.7463160Z Adding repository directory to the temporary git global config as a safe directory
2025-12-16T13:45:17.7463850Z [command]/opt/homebrew/bin/git config --global --add safe.directory /Users/runner/work/ZKS-Tunnel-VPN/ZKS-Tunnel-VPN
2025-12-16T13:45:17.7491080Z Deleting the contents of '/Users/runner/work/ZKS-Tunnel-VPN/ZKS-Tunnel-VPN'
2025-12-16T13:45:17.7493850Z ##[group]Initializing the repository
2025-12-16T13:45:17.7499170Z [command]/opt/homebrew/bin/git init /Users/runner/work/ZKS-Tunnel-VPN/ZKS-Tunnel-VPN
2025-12-16T13:45:17.7699030Z hint: Using 'master' as the name for the initial branch. This default branch name
2025-12-16T13:45:17.7707910Z hint: is subject to change. To configure the initial branch name to use in all
2025-12-16T13:45:17.7733600Z hint: of your new repositories, which will suppress this warning, call:
2025-12-16T13:45:17.7734230Z hint:
2025-12-16T13:45:17.7734680Z hint: 	git config --global init.defaultBranch <name>
2025-12-16T13:45:17.7735080Z hint:
2025-12-16T13:45:17.7735500Z hint: Names commonly chosen instead of 'master' are 'main', 'trunk' and
2025-12-16T13:45:17.7736060Z hint: 'development'. The just-created branch can be renamed via this command:
2025-12-16T13:45:17.7736510Z hint:
2025-12-16T13:45:17.7736860Z hint: 	git branch -m <name>
2025-12-16T13:45:17.7737280Z hint:
2025-12-16T13:45:17.7737720Z hint: Disable this message with "git config set advice.defaultBranchName false"
2025-12-16T13:45:17.7738370Z Initialized empty Git repository in /Users/runner/work/ZKS-Tunnel-VPN/ZKS-Tunnel-VPN/.git/
2025-12-16T13:45:17.7740030Z [command]/opt/homebrew/bin/git remote add origin https://github.com/cswasif/ZKS-Tunnel-VPN
2025-12-16T13:45:17.7771210Z ##[endgroup]
2025-12-16T13:45:17.7771740Z ##[group]Disabling automatic garbage collection
2025-12-16T13:45:17.7773260Z [command]/opt/homebrew/bin/git config --local gc.auto 0
2025-12-16T13:45:17.7829120Z ##[endgroup]
2025-12-16T13:45:17.7829720Z ##[group]Setting up auth
2025-12-16T13:45:17.7831950Z [command]/opt/homebrew/bin/git config --local --name-only --get-regexp core\.sshCommand
2025-12-16T13:45:17.7884950Z [command]/opt/homebrew/bin/git submodule foreach --recursive sh -c "git config --local --name-only --get-regexp 'core\.sshCommand' && git config --local --unset-all 'core.sshCommand' || :"
2025-12-16T13:45:17.8610680Z [command]/opt/homebrew/bin/git config --local --name-only --get-regexp http\.https\:\/\/github\.com\/\.extraheader
2025-12-16T13:45:17.8656540Z [command]/opt/homebrew/bin/git submodule foreach --recursive sh -c "git config --local --name-only --get-regexp 'http\.https\:\/\/github\.com\/\.extraheader' && git config --local --unset-all 'http.https://github.com/.extraheader' || :"
2025-12-16T13:45:17.9511200Z [command]/opt/homebrew/bin/git config --local --name-only --get-regexp ^includeIf\.gitdir:
2025-12-16T13:45:17.9596340Z [command]/opt/homebrew/bin/git submodule foreach --recursive git config --local --show-origin --name-only --get-regexp remote.origin.url
2025-12-16T13:45:18.0981280Z [command]/opt/homebrew/bin/git config --local http.https://github.com/.extraheader AUTHORIZATION: basic ***
2025-12-16T13:45:18.1040980Z ##[endgroup]
2025-12-16T13:45:18.1041560Z ##[group]Fetching the repository
2025-12-16T13:45:18.1046660Z [command]/opt/homebrew/bin/git -c protocol.version=2 fetch --no-tags --prune --no-recurse-submodules --depth=1 origin +07e5b94c516c63d1da59149cb4db8a89630bdd19:refs/remotes/origin/master
2025-12-16T13:45:18.7925750Z From https://github.com/cswasif/ZKS-Tunnel-VPN
2025-12-16T13:45:18.7926310Z  * [new ref]         07e5b94c516c63d1da59149cb4db8a89630bdd19 -> origin/master
2025-12-16T13:45:18.8048190Z ##[endgroup]
2025-12-16T13:45:18.8049120Z ##[group]Determining the checkout info
2025-12-16T13:45:18.8050270Z ##[endgroup]
2025-12-16T13:45:18.8052430Z [command]/opt/homebrew/bin/git sparse-checkout disable
2025-12-16T13:45:18.8205270Z [command]/opt/homebrew/bin/git config --local --unset-all extensions.worktreeConfig
2025-12-16T13:45:18.8290950Z ##[group]Checking out the ref
2025-12-16T13:45:18.8306230Z [command]/opt/homebrew/bin/git checkout --progress --force -B master refs/remotes/origin/master
2025-12-16T13:45:18.8567990Z Reset branch 'master'
2025-12-16T13:45:18.8671460Z branch 'master' set up to track 'origin/master'.
2025-12-16T13:45:18.8748990Z ##[endgroup]
2025-12-16T13:45:18.8750220Z [command]/opt/homebrew/bin/git log -1 --format=%H
2025-12-16T13:45:18.8750800Z 07e5b94c516c63d1da59149cb4db8a89630bdd19
2025-12-16T13:45:18.9053510Z ##[group]Run dtolnay/rust-toolchain@stable
2025-12-16T13:45:18.9053780Z with:
2025-12-16T13:45:18.9053910Z   targets: x86_64-apple-darwin
2025-12-16T13:45:18.9054080Z   toolchain: stable
2025-12-16T13:45:18.9054200Z env:
2025-12-16T13:45:18.9054390Z   CARGO_TERM_COLOR: always
2025-12-16T13:45:18.9054540Z ##[endgroup]
2025-12-16T13:45:18.9162780Z ##[group]Run : parse toolchain version
2025-12-16T13:45:18.9163090Z [36;1m: parse toolchain version[0m
2025-12-16T13:45:18.9163320Z [36;1mif [[ -z $toolchain ]]; then[0m
2025-12-16T13:45:18.9163830Z [36;1m  # GitHub does not enforce `required: true` inputs itself. https://github.com/actions/runner/issues/1070[0m
2025-12-16T13:45:18.9164320Z [36;1m  echo "'toolchain' is a required input" >&2[0m
2025-12-16T13:45:18.9164550Z [36;1m  exit 1[0m
2025-12-16T13:45:18.9183340Z [36;1melif [[ $toolchain =~ ^stable' '[0-9]+' '(year|month|week|day)s?' 'ago$ ]]; then[0m
2025-12-16T13:45:18.9183760Z [36;1m  if [[ macOS == macOS ]]; then[0m
2025-12-16T13:45:18.9184280Z [36;1m    echo "toolchain=1.$((($(date -v-$(sed 's/stable \([0-9]*\) \(.\).*/\1\2/' <<< $toolchain) +%s)/60/60/24-16569)/7/6))" >> $GITHUB_OUTPUT[0m
2025-12-16T13:45:18.9184760Z [36;1m  else[0m
2025-12-16T13:45:18.9185160Z [36;1m    echo "toolchain=1.$((($(date --date "${toolchain#stable }" +%s)/60/60/24-16569)/7/6))" >> $GITHUB_OUTPUT[0m
2025-12-16T13:45:18.9185470Z [36;1m  fi[0m
2025-12-16T13:45:18.9185680Z [36;1melif [[ $toolchain =~ ^stable' 'minus' '[0-9]+' 'releases?$ ]]; then[0m
2025-12-16T13:45:18.9186060Z [36;1m  echo "toolchain=1.$((($(date +%s)/60/60/24-16569)/7/6-${toolchain//[^0-9]/}))" >> $GITHUB_OUTPUT[0m
2025-12-16T13:45:18.9186380Z [36;1melif [[ $toolchain =~ ^1\.[0-9]+$ ]]; then[0m
2025-12-16T13:45:18.9186790Z [36;1m  echo "toolchain=1.$((i=${toolchain#1.}, c=($(date +%s)/60/60/24-16569)/7/6, i+9*i*(10*i<=c)+90*i*(100*i<=c)))" >> $GITHUB_OUTPUT[0m
2025-12-16T13:45:18.9187210Z [36;1melse[0m
2025-12-16T13:45:18.9187380Z [36;1m  echo "toolchain=$toolchain" >> $GITHUB_OUTPUT[0m
2025-12-16T13:45:18.9187590Z [36;1mfi[0m
2025-12-16T13:45:18.9237520Z shell: /bin/bash --noprofile --norc -e -o pipefail {0}
2025-12-16T13:45:18.9237840Z env:
2025-12-16T13:45:18.9238020Z   CARGO_TERM_COLOR: always
2025-12-16T13:45:18.9238170Z   toolchain: stable
2025-12-16T13:45:18.9238310Z ##[endgroup]
2025-12-16T13:45:18.9735720Z ##[group]Run : construct rustup command line
2025-12-16T13:45:18.9739590Z [36;1m: construct rustup command line[0m
2025-12-16T13:45:18.9739940Z [36;1mecho "targets=$(for t in ${targets//,/ }; do echo -n ' --target' $t; done)" >> $GITHUB_OUTPUT[0m
2025-12-16T13:45:18.9740450Z [36;1mecho "components=$(for c in ${components//,/ }; do echo -n ' --component' $c; done)" >> $GITHUB_OUTPUT[0m
2025-12-16T13:45:18.9742910Z [36;1mecho "downgrade=" >> $GITHUB_OUTPUT[0m
2025-12-16T13:45:18.9776690Z shell: /bin/bash --noprofile --norc -e -o pipefail {0}
2025-12-16T13:45:18.9777050Z env:
2025-12-16T13:45:18.9777210Z   CARGO_TERM_COLOR: always
2025-12-16T13:45:18.9777430Z   targets: x86_64-apple-darwin
2025-12-16T13:45:18.9777610Z   components: 
2025-12-16T13:45:18.9777740Z ##[endgroup]
2025-12-16T13:45:19.0071270Z ##[group]Run : set $CARGO_HOME
2025-12-16T13:45:19.0071500Z [36;1m: set $CARGO_HOME[0m
2025-12-16T13:45:19.0071760Z [36;1mecho CARGO_HOME=${CARGO_HOME:-"$HOME/.cargo"} >> $GITHUB_ENV[0m
2025-12-16T13:45:19.0109230Z shell: /bin/bash --noprofile --norc -e -o pipefail {0}
2025-12-16T13:45:19.0109490Z env:
2025-12-16T13:45:19.0109630Z   CARGO_TERM_COLOR: always
2025-12-16T13:45:19.0109790Z ##[endgroup]
2025-12-16T13:45:19.0462410Z ##[group]Run : install rustup if needed
2025-12-16T13:45:19.0462700Z [36;1m: install rustup if needed[0m
2025-12-16T13:45:19.0462920Z [36;1mif ! command -v rustup &>/dev/null; then[0m
2025-12-16T13:45:19.0463500Z [36;1m  curl --proto '=https' --tlsv1.2 --retry 10 --retry-connrefused --location --silent --show-error --fail https://sh.rustup.rs | sh -s -- --default-toolchain none -y[0m
2025-12-16T13:45:19.0464680Z [36;1m  echo "$CARGO_HOME/bin" >> $GITHUB_PATH[0m
2025-12-16T13:45:19.0464920Z [36;1mfi[0m
2025-12-16T13:45:19.0525180Z shell: /bin/bash --noprofile --norc -e -o pipefail {0}
2025-12-16T13:45:19.0525460Z env:
2025-12-16T13:45:19.0525620Z   CARGO_TERM_COLOR: always
2025-12-16T13:45:19.0525790Z   CARGO_HOME: /Users/runner/.cargo
2025-12-16T13:45:19.0525980Z ##[endgroup]
2025-12-16T13:45:19.1227130Z ##[group]Run rustup toolchain install stable --target x86_64-apple-darwin --profile minimal --no-self-update
2025-12-16T13:45:19.1227850Z [36;1mrustup toolchain install stable --target x86_64-apple-darwin --profile minimal --no-self-update[0m
2025-12-16T13:45:19.1267980Z shell: /bin/bash --noprofile --norc -e -o pipefail {0}
2025-12-16T13:45:19.1268330Z env:
2025-12-16T13:45:19.1268490Z   CARGO_TERM_COLOR: always
2025-12-16T13:45:19.1268710Z   CARGO_HOME: /Users/runner/.cargo
2025-12-16T13:45:19.1268950Z ##[endgroup]
2025-12-16T13:45:19.4281790Z info: syncing channel updates for 'stable-aarch64-apple-darwin'
2025-12-16T13:45:19.5083810Z info: latest update on 2025-12-11, rust version 1.92.0 (ded5c06cf 2025-12-08)
2025-12-16T13:45:19.5324160Z info: downloading component 'rust-std' for 'x86_64-apple-darwin'
2025-12-16T13:45:19.7674730Z info: downloading component 'clippy'
2025-12-16T13:45:19.8205080Z info: downloading component 'rustfmt'
2025-12-16T13:45:19.8344690Z info: downloading component 'cargo'
2025-12-16T13:45:19.8868690Z info: downloading component 'rust-std'
2025-12-16T13:45:20.0747670Z info: downloading component 'rustc'
2025-12-16T13:45:20.5332820Z info: removing previous version of component 'clippy'
2025-12-16T13:45:20.5370670Z info: removing previous version of component 'rustfmt'
2025-12-16T13:45:20.5392610Z info: removing previous version of component 'cargo'
2025-12-16T13:45:20.5466690Z info: removing previous version of component 'rust-std'
2025-12-16T13:45:20.5544540Z info: removing previous version of component 'rustc'
2025-12-16T13:45:20.5642450Z info: installing component 'rust-std' for 'x86_64-apple-darwin'
2025-12-16T13:45:22.4760160Z info: installing component 'clippy'
2025-12-16T13:45:22.8718260Z info: installing component 'rustfmt'
2025-12-16T13:45:23.1641100Z info: installing component 'cargo'
2025-12-16T13:45:23.8917980Z info: installing component 'rust-std'
2025-12-16T13:45:25.4028990Z info: installing component 'rustc'
2025-12-16T13:45:29.4071200Z 
2025-12-16T13:45:29.6254090Z   stable-aarch64-apple-darwin updated - rustc 1.92.0 (ded5c06cf 2025-12-08) (from rustc 1.91.1 (ed61e7d7e 2025-11-07))
2025-12-16T13:45:29.6289090Z info: self-update is disabled for this build of rustup
2025-12-16T13:45:29.6289660Z 
2025-12-16T13:45:29.6292590Z info: any updates to rustup will need to be fetched with your system package manager
2025-12-16T13:45:29.6540600Z ##[group]Run rustup default stable
2025-12-16T13:45:29.6541550Z [36;1mrustup default stable[0m
2025-12-16T13:45:29.6737220Z shell: /bin/bash --noprofile --norc -e -o pipefail {0}
2025-12-16T13:45:29.6738080Z env:
2025-12-16T13:45:29.6738560Z   CARGO_TERM_COLOR: always
2025-12-16T13:45:29.6739150Z   CARGO_HOME: /Users/runner/.cargo
2025-12-16T13:45:29.6739690Z ##[endgroup]
2025-12-16T13:45:29.8201550Z info: using existing install for 'stable-aarch64-apple-darwin'
2025-12-16T13:45:29.8594980Z info: default toolchain set to 'stable-aarch64-apple-darwin'
2025-12-16T13:45:29.8595310Z 
2025-12-16T13:45:29.8700410Z   stable-aarch64-apple-darwin unchanged - rustc 1.92.0 (ded5c06cf 2025-12-08)
2025-12-16T13:45:29.8701020Z 
2025-12-16T13:45:29.8740710Z ##[group]Run : create cachekey
2025-12-16T13:45:29.8741070Z [36;1m: create cachekey[0m
2025-12-16T13:45:29.8741610Z [36;1mDATE=$(rustc +stable --version --verbose | sed -ne 's/^commit-date: \(20[0-9][0-9]\)-\([01][0-9]\)-\([0-3][0-9]\)$/\1\2\3/p')[0m
2025-12-16T13:45:29.8742270Z [36;1mHASH=$(rustc +stable --version --verbose | sed -ne 's/^commit-hash: //p')[0m
2025-12-16T13:45:29.8746810Z [36;1mecho "cachekey=$(echo $DATE$HASH | head -c12)" >> $GITHUB_OUTPUT[0m
2025-12-16T13:45:29.8845910Z shell: /bin/bash --noprofile --norc -e -o pipefail {0}
2025-12-16T13:45:29.8847530Z env:
2025-12-16T13:45:29.8848180Z   CARGO_TERM_COLOR: always
2025-12-16T13:45:29.8849340Z   CARGO_HOME: /Users/runner/.cargo
2025-12-16T13:45:29.8849950Z ##[endgroup]
2025-12-16T13:45:30.0334020Z ##[group]Run : disable incremental compilation
2025-12-16T13:45:30.0334520Z [36;1m: disable incremental compilation[0m
2025-12-16T13:45:30.0335780Z [36;1mif [ -z "${CARGO_INCREMENTAL+set}" ]; then[0m
2025-12-16T13:45:30.0337370Z [36;1m  echo CARGO_INCREMENTAL=0 >> $GITHUB_ENV[0m
2025-12-16T13:45:30.0337770Z [36;1mfi[0m
2025-12-16T13:45:30.0446040Z shell: /bin/bash --noprofile --norc -e -o pipefail {0}
2025-12-16T13:45:30.0446400Z env:
2025-12-16T13:45:30.0446620Z   CARGO_TERM_COLOR: always
2025-12-16T13:45:30.0447030Z   CARGO_HOME: /Users/runner/.cargo
2025-12-16T13:45:30.0447270Z ##[endgroup]
2025-12-16T13:45:30.0995000Z ##[group]Run : enable colors in Cargo output
2025-12-16T13:45:30.0995470Z [36;1m: enable colors in Cargo output[0m
2025-12-16T13:45:30.0995800Z [36;1mif [ -z "${CARGO_TERM_COLOR+set}" ]; then[0m
2025-12-16T13:45:30.0996110Z [36;1m  echo CARGO_TERM_COLOR=always >> $GITHUB_ENV[0m
2025-12-16T13:45:30.0996390Z [36;1mfi[0m
2025-12-16T13:45:30.1032470Z shell: /bin/bash --noprofile --norc -e -o pipefail {0}
2025-12-16T13:45:30.1032850Z env:
2025-12-16T13:45:30.1033060Z   CARGO_TERM_COLOR: always
2025-12-16T13:45:30.1033310Z   CARGO_HOME: /Users/runner/.cargo
2025-12-16T13:45:30.1033640Z   CARGO_INCREMENTAL: 0
2025-12-16T13:45:30.1033840Z ##[endgroup]
2025-12-16T13:45:30.1636770Z ##[group]Run : enable Cargo sparse registry
2025-12-16T13:45:30.1637150Z [36;1m: enable Cargo sparse registry[0m
2025-12-16T13:45:30.1637410Z [36;1m# implemented in 1.66, stabilized in 1.68, made default in 1.70[0m
2025-12-16T13:45:30.1637980Z [36;1mif [ -z "${CARGO_REGISTRIES_CRATES_IO_PROTOCOL+set}" -o -f "/Users/runner/work/_temp"/.implicit_cargo_registries_crates_io_protocol ]; then[0m
2025-12-16T13:45:30.1638600Z [36;1m  if rustc +stable --version --verbose | grep -q '^release: 1\.6[89]\.'; then[0m
2025-12-16T13:45:30.1639150Z [36;1m    touch "/Users/runner/work/_temp"/.implicit_cargo_registries_crates_io_protocol || true[0m
2025-12-16T13:45:30.1639660Z [36;1m    echo CARGO_REGISTRIES_CRATES_IO_PROTOCOL=sparse >> $GITHUB_ENV[0m
2025-12-16T13:45:30.1640110Z [36;1m  elif rustc +stable --version --verbose | grep -q '^release: 1\.6[67]\.'; then[0m
2025-12-16T13:45:30.1640520Z [36;1m    touch "/Users/runner/work/_temp"/.implicit_cargo_registries_crates_io_protocol || true[0m
2025-12-16T13:45:30.1640890Z [36;1m    echo CARGO_REGISTRIES_CRATES_IO_PROTOCOL=git >> $GITHUB_ENV[0m
2025-12-16T13:45:30.1641120Z [36;1m  fi[0m
2025-12-16T13:45:30.1641300Z [36;1mfi[0m
2025-12-16T13:45:30.1678720Z shell: /bin/bash --noprofile --norc -e -o pipefail {0}
2025-12-16T13:45:30.1679160Z env:
2025-12-16T13:45:30.1679410Z   CARGO_TERM_COLOR: always
2025-12-16T13:45:30.1679680Z   CARGO_HOME: /Users/runner/.cargo
2025-12-16T13:45:30.1679960Z   CARGO_INCREMENTAL: 0
2025-12-16T13:45:30.1680270Z ##[endgroup]
2025-12-16T13:45:30.2547940Z ##[group]Run : work around spurious network errors in curl 8.0
2025-12-16T13:45:30.2548370Z [36;1m: work around spurious network errors in curl 8.0[0m
2025-12-16T13:45:30.2548820Z [36;1m# https://rust-lang.zulipchat.com/#narrow/stream/246057-t-cargo/topic/timeout.20investigation[0m
2025-12-16T13:45:30.2549280Z [36;1mif rustc +stable --version --verbose | grep -q '^release: 1\.7[01]\.'; then[0m
2025-12-16T13:45:30.2549620Z [36;1m  echo CARGO_HTTP_MULTIPLEXING=false >> $GITHUB_ENV[0m
2025-12-16T13:45:30.2549850Z [36;1mfi[0m
2025-12-16T13:45:30.2587970Z shell: /bin/bash --noprofile --norc -e -o pipefail {0}
2025-12-16T13:45:30.2588250Z env:
2025-12-16T13:45:30.2588400Z   CARGO_TERM_COLOR: always
2025-12-16T13:45:30.2588570Z   CARGO_HOME: /Users/runner/.cargo
2025-12-16T13:45:30.2589230Z   CARGO_INCREMENTAL: 0
2025-12-16T13:45:30.2589400Z ##[endgroup]
2025-12-16T13:45:30.3323440Z ##[group]Run rustc +stable --version --verbose
2025-12-16T13:45:30.3324040Z [36;1mrustc +stable --version --verbose[0m
2025-12-16T13:45:30.3360410Z shell: /bin/bash --noprofile --norc -e -o pipefail {0}
2025-12-16T13:45:30.3360670Z env:
2025-12-16T13:45:30.3360830Z   CARGO_TERM_COLOR: always
2025-12-16T13:45:30.3361020Z   CARGO_HOME: /Users/runner/.cargo
2025-12-16T13:45:30.3361210Z   CARGO_INCREMENTAL: 0
2025-12-16T13:45:30.3361370Z ##[endgroup]
2025-12-16T13:45:30.4250790Z rustc 1.92.0 (ded5c06cf 2025-12-08)
2025-12-16T13:45:30.4275990Z binary: rustc
2025-12-16T13:45:30.4284360Z commit-hash: ded5c06cf21d2b93bffd5d884aa6e96934ee4234
2025-12-16T13:45:30.4284830Z commit-date: 2025-12-08
2025-12-16T13:45:30.4285130Z host: aarch64-apple-darwin
2025-12-16T13:45:30.4285450Z release: 1.92.0
2025-12-16T13:45:30.4285700Z LLVM version: 21.1.3
2025-12-16T13:45:30.4415050Z ##[group]Run Swatinem/rust-cache@v2
2025-12-16T13:45:30.4415350Z with:
2025-12-16T13:45:30.4415650Z   prefix-key: v0-rust
2025-12-16T13:45:30.4415820Z   add-job-id-key: true
2025-12-16T13:45:30.4417340Z   add-rust-environment-hash-key: true
2025-12-16T13:45:30.4418160Z   cache-targets: true
2025-12-16T13:45:30.4418330Z   cache-all-crates: false
2025-12-16T13:45:30.4418810Z   cache-workspace-crates: false
2025-12-16T13:45:30.4418980Z   save-if: true
2025-12-16T13:45:30.4419140Z   cache-provider: github
2025-12-16T13:45:30.4419310Z   cache-bin: true
2025-12-16T13:45:30.4419450Z   lookup-only: false
2025-12-16T13:45:30.4445870Z env:
2025-12-16T13:45:30.4446110Z   CARGO_TERM_COLOR: always
2025-12-16T13:45:30.4446270Z   CARGO_HOME: /Users/runner/.cargo
2025-12-16T13:45:30.4446470Z   CARGO_INCREMENTAL: 0
2025-12-16T13:45:30.4446630Z ##[endgroup]
2025-12-16T13:45:31.1908180Z ##[group]Cache Configuration
2025-12-16T13:45:31.1910080Z Cache Provider:
2025-12-16T13:45:31.1910640Z     github
2025-12-16T13:45:31.1917290Z Workspaces:
2025-12-16T13:45:31.1918380Z     /Users/runner/work/ZKS-Tunnel-VPN/ZKS-Tunnel-VPN
2025-12-16T13:45:31.1918790Z Cache Paths:
2025-12-16T13:45:31.1919420Z     /Users/runner/.cargo/bin
2025-12-16T13:45:31.1919750Z     /Users/runner/.cargo/.crates.toml
2025-12-16T13:45:31.1920040Z     /Users/runner/.cargo/.crates2.json
2025-12-16T13:45:31.1920340Z     /Users/runner/.cargo/registry
2025-12-16T13:45:31.1926070Z     /Users/runner/.cargo/git
2025-12-16T13:45:31.1926470Z     /Users/runner/work/ZKS-Tunnel-VPN/ZKS-Tunnel-VPN/target
2025-12-16T13:45:31.1926820Z Restore Key:
2025-12-16T13:45:31.1927120Z     v0-rust-build-client-Darwin-arm64-e910a226
2025-12-16T13:45:31.1927430Z Cache Key:
2025-12-16T13:45:31.1928020Z     v0-rust-build-client-Darwin-arm64-e910a226-be31038b
2025-12-16T13:45:31.1928350Z .. Prefix:
2025-12-16T13:45:31.1928650Z   - v0-rust-build-client-Darwin-arm64
2025-12-16T13:45:31.1928970Z .. Environment considered:
2025-12-16T13:45:31.1929370Z   - Rust Version: 1.92.0 aarch64-apple-darwin (ded5c06cf21d2b93bffd5d884aa6e96934ee4234)
2025-12-16T13:45:31.1930070Z   - CARGO_HOME
2025-12-16T13:45:31.1930340Z   - CARGO_INCREMENTAL
2025-12-16T13:45:31.1930590Z   - CARGO_TERM_COLOR
2025-12-16T13:45:31.1930850Z .. Lockfiles considered:
2025-12-16T13:45:31.1931260Z   - /Users/runner/work/ZKS-Tunnel-VPN/ZKS-Tunnel-VPN/zks-tunnel-client/Cargo.toml
2025-12-16T13:45:31.1931850Z   - /Users/runner/work/ZKS-Tunnel-VPN/ZKS-Tunnel-VPN/zks-tunnel-proto/Cargo.toml
2025-12-16T13:45:31.1932600Z   - /Users/runner/work/ZKS-Tunnel-VPN/ZKS-Tunnel-VPN/zks-tunnel-worker/Cargo.toml
2025-12-16T13:45:31.1970510Z ##[endgroup]
2025-12-16T13:45:31.1970760Z 
2025-12-16T13:45:31.1970910Z ... Restoring cache ...
2025-12-16T13:45:31.3167020Z Cache hit for restore-key: v0-rust-build-client-Darwin-arm64-e910a226-ccfe68ba
2025-12-16T13:45:32.3278910Z Received 146646134 of 146646134 (100.0%), 143.3 MBs/sec
2025-12-16T13:45:32.3280630Z Cache Size: ~140 MB (146646134 B)
2025-12-16T13:45:32.3331020Z [command]/opt/homebrew/bin/gtar -xf /Users/runner/work/_temp/f679a8d3-3802-48f9-902e-f705862eac43/cache.tzst -P -C /Users/runner/work/ZKS-Tunnel-VPN/ZKS-Tunnel-VPN --delay-directory-restore --use-compress-program unzstd
2025-12-16T13:45:34.0690620Z Cache restored successfully
2025-12-16T13:45:34.0736390Z Restored from cache key "v0-rust-build-client-Darwin-arm64-e910a226-ccfe68ba" full match: false.
2025-12-16T13:45:34.0923390Z ##[group]Run cargo build --release -p zks-tunnel-client --target x86_64-apple-darwin
2025-12-16T13:45:34.0923930Z [36;1mcargo build --release -p zks-tunnel-client --target x86_64-apple-darwin[0m
2025-12-16T13:45:34.0986410Z shell: /bin/bash -e {0}
2025-12-16T13:45:34.0986680Z env:
2025-12-16T13:45:34.0986880Z   CARGO_TERM_COLOR: always
2025-12-16T13:45:34.0987100Z   CARGO_HOME: /Users/runner/.cargo
2025-12-16T13:45:34.0987390Z   CARGO_INCREMENTAL: 0
2025-12-16T13:45:34.0987610Z   CACHE_ON_FAILURE: false
2025-12-16T13:45:34.0987870Z ##[endgroup]
2025-12-16T13:45:34.4006980Z [1m[92m    Updating[0m crates.io index
2025-12-16T13:45:35.5232800Z [1m[92m     Locking[0m 301 packages to latest compatible versions
2025-12-16T13:45:35.5401540Z [1m[92m      Adding[0m generic-array v0.14.7 [1m[33m(available: v0.14.9)[0m
2025-12-16T13:45:35.5404290Z [1m[92m      Adding[0m getrandom v0.2.16 [1m[33m(available: v0.3.4)[0m
2025-12-16T13:45:35.5586810Z [1m[92m      Adding[0m reqwest v0.11.27 [1m[33m(available: v0.12.26)[0m
2025-12-16T13:45:35.5784860Z [1m[92m      Adding[0m thiserror v1.0.69 [1m[33m(available: v2.0.17)[0m
2025-12-16T13:45:35.5832510Z [1m[92m      Adding[0m tokio-tungstenite v0.24.0 [1m[33m(available: v0.28.0)[0m
2025-12-16T13:45:36.5513860Z [1m[92m   Compiling[0m futures-sink v0.3.31
2025-12-16T13:45:36.5522340Z [1m[92m   Compiling[0m futures-core v0.3.31
2025-12-16T13:45:36.5623850Z [1m[92m   Compiling[0m futures-io v0.3.31
2025-12-16T13:45:37.0162370Z [1m[92m   Compiling[0m futures-channel v0.3.31
2025-12-16T13:45:37.1007450Z [1m[92m   Compiling[0m zks-tunnel-proto v0.1.0 (/Users/runner/work/ZKS-Tunnel-VPN/ZKS-Tunnel-VPN/zks-tunnel-proto)
2025-12-16T13:45:37.1088390Z [1m[92m   Compiling[0m tokio-util v0.7.17
2025-12-16T13:45:37.2306390Z [1m[92m   Compiling[0m futures-util v0.3.31
2025-12-16T13:45:38.7580200Z [1m[92m   Compiling[0m futures-executor v0.3.31
2025-12-16T13:45:38.7580850Z [1m[92m   Compiling[0m tokio-tungstenite v0.24.0
2025-12-16T13:45:38.9714720Z [1m[92m   Compiling[0m futures v0.3.31
2025-12-16T13:45:39.1463120Z [1m[92m   Compiling[0m zks-tunnel-client v0.1.0 (/Users/runner/work/ZKS-Tunnel-VPN/ZKS-Tunnel-VPN/zks-tunnel-client)
2025-12-16T13:45:39.2993640Z [1m[33mwarning[0m[1m: unused import: `std::sync::Arc`[0m
2025-12-16T13:45:39.2995200Z   [1m[94m--> [0mzks-tunnel-client/src/main.rs:18:5
2025-12-16T13:45:39.2995950Z    [1m[94m|[0m
2025-12-16T13:45:39.2996730Z [1m[94m18[0m [1m[94m|[0m use std::sync::Arc;
2025-12-16T13:45:39.2997690Z    [1m[94m|[0m     [1m[33m^^^^^^^^^^^^^^[0m
2025-12-16T13:45:39.2998380Z    [1m[94m|[0m
2025-12-16T13:45:39.2999350Z    [1m[94m= [0m[1mnote[0m: `#[warn(unused_imports)]` (part of `#[warn(unused)]`) on by default
2025-12-16T13:45:39.3000260Z 
2025-12-16T13:45:39.3000680Z [1m[33mwarning[0m[1m: unused import: `warn`[0m
2025-12-16T13:45:39.3001530Z   [1m[94m--> [0mzks-tunnel-client/src/main.rs:20:28
2025-12-16T13:45:39.3002390Z    [1m[94m|[0m
2025-12-16T13:45:39.3003230Z [1m[94m20[0m [1m[94m|[0m use tracing::{info, error, warn, Level};
2025-12-16T13:45:39.3004130Z    [1m[94m|[0m                            [1m[33m^^^^[0m
2025-12-16T13:45:39.3004720Z 
2025-12-16T13:45:39.3005720Z [1m[33mwarning[0m[1m: unused imports: `VpnConfig` and `VpnController`[0m
2025-12-16T13:45:39.3006720Z   [1m[94m--> [0mzks-tunnel-client/src/main.rs:30:11
2025-12-16T13:45:39.3007460Z    [1m[94m|[0m
2025-12-16T13:45:39.3008370Z [1m[94m30[0m [1m[94m|[0m use vpn::{VpnController, VpnConfig};
2025-12-16T13:45:39.3009310Z    [1m[94m|[0m           [1m[33m^^^^^^^^^^^^^[0m  [1m[33m^^^^^^^^^[0m
2025-12-16T13:45:39.3009860Z 
2025-12-16T13:45:39.4279200Z [1m[33mwarning[0m[1m: unreachable expression[0m
2025-12-16T13:45:39.4279680Z    [1m[94m--> [0mzks-tunnel-client/src/main.rs:211:5
2025-12-16T13:45:39.4280100Z     [1m[94m|[0m
2025-12-16T13:45:39.4281120Z [1m[94m162[0m [1m[94m|[0m         return Err("VPN feature not enabled".into());
2025-12-16T13:45:39.4281710Z     [1m[94m|[0m         [1m[94m--------------------------------------------[0m [1m[94many code following this expression is unreachable[0m
2025-12-16T13:45:39.4282140Z [1m[94m...[0m
2025-12-16T13:45:39.4282460Z [1m[94m211[0m [1m[94m|[0m     Ok(())
2025-12-16T13:45:39.4282800Z     [1m[94m|[0m     [1m[33m^^^^^^[0m [1m[33munreachable expression[0m
2025-12-16T13:45:39.4283100Z     [1m[94m|[0m
2025-12-16T13:45:39.4283510Z     [1m[94m= [0m[1mnote[0m: `#[warn(unreachable_code)]` (part of `#[warn(unused)]`) on by default
2025-12-16T13:45:39.4283750Z 
2025-12-16T13:45:39.4540220Z [1m[91merror[E0277][0m[1m: the trait bound `Ipv4Addr: Default` is not satisfied[0m
2025-12-16T13:45:39.4540750Z    [1m[94m--> [0mzks-tunnel-client/src/vpn.rs:563:9
2025-12-16T13:45:39.4541210Z     [1m[94m|[0m
2025-12-16T13:45:39.4541540Z [1m[94m560[0m [1m[94m|[0m     #[derive(Debug, Clone, Default)]
2025-12-16T13:45:39.4542080Z     [1m[94m|[0m                            [1m[94m-------[0m [1m[94min this derive macro expansion[0m
2025-12-16T13:45:39.4542400Z [1m[94m...[0m
2025-12-16T13:45:39.4542800Z [1m[94m563[0m [1m[94m|[0m         pub address: std::net::Ipv4Addr,
2025-12-16T13:45:39.4543370Z     [1m[94m|[0m         [1m[91m^^^^^^^^^^^^^^^^^^^^^^^^^^^^^^^[0m [1m[91mthe trait `Default` is not implemented for `Ipv4Addr`[0m
2025-12-16T13:45:39.4543610Z 
2025-12-16T13:45:39.4545470Z [1m[91merror[E0277][0m[1m: the trait bound `Ipv4Addr: Default` is not satisfied[0m
2025-12-16T13:45:39.4545900Z    [1m[94m--> [0mzks-tunnel-client/src/vpn.rs:564:9
2025-12-16T13:45:39.4546260Z     [1m[94m|[0m
2025-12-16T13:45:39.4546580Z [1m[94m560[0m [1m[94m|[0m     #[derive(Debug, Clone, Default)]
2025-12-16T13:45:39.4547040Z     [1m[94m|[0m                            [1m[94m-------[0m [1m[94min this derive macro expansion[0m
2025-12-16T13:45:39.4547510Z [1m[94m...[0m
2025-12-16T13:45:39.4547880Z [1m[94m564[0m [1m[94m|[0m         pub netmask: std::net::Ipv4Addr,
2025-12-16T13:45:39.4548340Z     [1m[94m|[0m         [1m[91m^^^^^^^^^^^^^^^^^^^^^^^^^^^^^^^[0m [1m[91mthe trait `Default` is not implemented for `Ipv4Addr`[0m
2025-12-16T13:45:39.4548630Z 
2025-12-16T13:45:39.5357760Z [1m[33mwarning[0m[1m: unused variable: `args`[0m
2025-12-16T13:45:39.5358420Z    [1m[94m--> [0mzks-tunnel-client/src/main.rs:156:23
2025-12-16T13:45:39.5358800Z     [1m[94m|[0m
2025-12-16T13:45:39.5359250Z [1m[94m156[0m [1m[94m|[0m async fn run_vpn_mode(args: Args, tunnel: TunnelClient) -> Result<(), BoxError> {
2025-12-16T13:45:39.5359950Z     [1m[94m|[0m                       [1m[33m^^^^[0m [1m[33mhelp: if this is intentional, prefix it with an underscore: `_args`[0m
2025-12-16T13:45:39.5360360Z     [1m[94m|[0m
2025-12-16T13:45:39.5360720Z     [1m[94m= [0m[1mnote[0m: `#[warn(unused_variables)]` (part of `#[warn(unused)]`) on by default
2025-12-16T13:45:39.5361210Z 
2025-12-16T13:45:39.5361530Z [1m[33mwarning[0m[1m: unused variable: `tunnel`[0m
2025-12-16T13:45:39.5362030Z    [1m[94m--> [0mzks-tunnel-client/src/main.rs:156:35
2025-12-16T13:45:39.5362410Z     [1m[94m|[0m
2025-12-16T13:45:39.5363000Z [1m[94m156[0m [1m[94m|[0m async fn run_vpn_mode(args: Args, tunnel: TunnelClient) -> Result<(), BoxError> {
2025-12-16T13:45:39.5380440Z     [1m[94m|[0m                                   [1m[33m^^^^^^[0m [1m[33mhelp: if this is intentional, prefix it with an underscore: `_tunnel`[0m
2025-12-16T13:45:39.5380750Z 
2025-12-16T13:45:39.5544650Z [1mFor more information about this error, try `rustc --explain E0277`.[0m
2025-12-16T13:45:39.5580630Z [1m[33mwarning[0m: `zks-tunnel-client` (bin "zks-vpn") generated 6 warnings
2025-12-16T13:45:39.5581550Z [1m[91merror[0m: could not compile `zks-tunnel-client` (bin "zks-vpn") due to 2 previous errors; 6 warnings emitted
2025-12-16T13:45:39.6262980Z ##[error]The operation was canceled.
2025-12-16T13:45:39.6351240Z Post job cleanup.
2025-12-16T13:45:39.7334580Z [command]/opt/homebrew/bin/git version
2025-12-16T13:45:39.7512710Z git version 2.50.1
2025-12-16T13:45:39.7534450Z Copying '/Users/runner/.gitconfig' to '/Users/runner/work/_temp/1820b6ad-99b3-44bf-824e-5045ce70b149/.gitconfig'
2025-12-16T13:45:39.7543570Z Temporarily overriding HOME='/Users/runner/work/_temp/1820b6ad-99b3-44bf-824e-5045ce70b149' before making global git config changes
2025-12-16T13:45:39.7544140Z Adding repository directory to the temporary git global config as a safe directory
2025-12-16T13:45:39.7551180Z [command]/opt/homebrew/bin/git config --global --add safe.directory /Users/runner/work/ZKS-Tunnel-VPN/ZKS-Tunnel-VPN
2025-12-16T13:45:39.7640140Z [command]/opt/homebrew/bin/git config --local --name-only --get-regexp core\.sshCommand
2025-12-16T13:45:39.7690600Z [command]/opt/homebrew/bin/git submodule foreach --recursive sh -c "git config --local --name-only --get-regexp 'core\.sshCommand' && git config --local --unset-all 'core.sshCommand' || :"
2025-12-16T13:45:39.8522750Z [command]/opt/homebrew/bin/git config --local --name-only --get-regexp http\.https\:\/\/github\.com\/\.extraheader
2025-12-16T13:45:39.8578680Z http.https://github.com/.extraheader
2025-12-16T13:45:39.8590420Z [command]/opt/homebrew/bin/git config --local --unset-all http.https://github.com/.extraheader
2025-12-16T13:45:39.8660360Z [command]/opt/homebrew/bin/git submodule foreach --recursive sh -c "git config --local --name-only --get-regexp 'http\.https\:\/\/github\.com\/\.extraheader' && git config --local --unset-all 'http.https://github.com/.extraheader' || :"
2025-12-16T13:45:39.9344070Z [command]/opt/homebrew/bin/git config --local --name-only --get-regexp ^includeIf\.gitdir:
2025-12-16T13:45:39.9424570Z [command]/opt/homebrew/bin/git submodule foreach --recursive git config --local --show-origin --name-only --get-regexp remote.origin.url
2025-12-16T13:45:40.0297680Z Cleaning up orphan processes
