2025-12-16T13:45:16.1399161Z Current runner version: '2.329.0'
2025-12-16T13:45:16.1426034Z ##[group]Runner Image Provisioner
2025-12-16T13:45:16.1426867Z Hosted Compute Agent
2025-12-16T13:45:16.1427498Z Version: 20251202.455
2025-12-16T13:45:16.1428096Z Commit: 6c10caca4910e198df60de23adf20ad317c474e3
2025-12-16T13:45:16.1428789Z Build Date: 2025-12-02T15:56:59Z
2025-12-16T13:45:16.1429388Z Worker ID: {166fcae9-34e2-49bf-a678-f591b7cba7c9}
2025-12-16T13:45:16.1430154Z ##[endgroup]
2025-12-16T13:45:16.1430643Z ##[group]Operating System
2025-12-16T13:45:16.1431186Z Ubuntu
2025-12-16T13:45:16.1431967Z 24.04.3
2025-12-16T13:45:16.1432404Z LTS
2025-12-16T13:45:16.1432913Z ##[endgroup]
2025-12-16T13:45:16.1433472Z ##[group]Runner Image
2025-12-16T13:45:16.1434016Z Image: ubuntu-24.04
2025-12-16T13:45:16.1434486Z Version: 20251208.163.1
2025-12-16T13:45:16.1435567Z Included Software: https://github.com/actions/runner-images/blob/ubuntu24/20251208.163/images/ubuntu/Ubuntu2404-Readme.md
2025-12-16T13:45:16.1437133Z Image Release: https://github.com/actions/runner-images/releases/tag/ubuntu24%2F20251208.163
2025-12-16T13:45:16.1438228Z ##[endgroup]
2025-12-16T13:45:16.1439251Z ##[group]GITHUB_TOKEN Permissions
2025-12-16T13:45:16.1441435Z Contents: read
2025-12-16T13:45:16.1442194Z Metadata: read
2025-12-16T13:45:16.1442650Z Packages: read
2025-12-16T13:45:16.1443194Z ##[endgroup]
2025-12-16T13:45:16.1445436Z Secret source: Actions
2025-12-16T13:45:16.1446103Z Prepare workflow directory
2025-12-16T13:45:16.1840160Z Prepare all required actions
2025-12-16T13:45:16.1880006Z Getting action download info
2025-12-16T13:45:16.7153792Z Download action repository 'actions/checkout@v4' (SHA:34e114876b0b11c390a56381ad16ebd13914f8d5)
2025-12-16T13:45:16.8367121Z Download action repository 'dtolnay/rust-toolchain@stable' (SHA:6d9817901c499d6b02debbb57edb38d33daa680b)
2025-12-16T13:45:17.2433363Z Download action repository 'Swatinem/rust-cache@v2' (SHA:779680da715d629ac1d338a641029a2f4372abb5)
2025-12-16T13:45:18.0093566Z Complete job name: Clippy
2025-12-16T13:45:18.0913075Z ##[group]Run actions/checkout@v4
2025-12-16T13:45:18.0914445Z with:
2025-12-16T13:45:18.0915275Z   repository: cswasif/ZKS-Tunnel-VPN
2025-12-16T13:45:18.0916640Z   token: ***
2025-12-16T13:45:18.0917416Z   ssh-strict: true
2025-12-16T13:45:18.0918230Z   ssh-user: git
2025-12-16T13:45:18.0919056Z   persist-credentials: true
2025-12-16T13:45:18.0919967Z   clean: true
2025-12-16T13:45:18.0920794Z   sparse-checkout-cone-mode: true
2025-12-16T13:45:18.0921946Z   fetch-depth: 1
2025-12-16T13:45:18.0922770Z   fetch-tags: false
2025-12-16T13:45:18.0923595Z   show-progress: true
2025-12-16T13:45:18.0924423Z   lfs: false
2025-12-16T13:45:18.0925208Z   submodules: false
2025-12-16T13:45:18.0926042Z   set-safe-directory: true
2025-12-16T13:45:18.0927257Z env:
2025-12-16T13:45:18.0928025Z   CARGO_TERM_COLOR: always
2025-12-16T13:45:18.0928895Z ##[endgroup]
2025-12-16T13:45:18.2069228Z Syncing repository: cswasif/ZKS-Tunnel-VPN
2025-12-16T13:45:18.2074340Z ##[group]Getting Git version info
2025-12-16T13:45:18.2076140Z Working directory is '/home/runner/work/ZKS-Tunnel-VPN/ZKS-Tunnel-VPN'
2025-12-16T13:45:18.2078332Z [command]/usr/bin/git version
2025-12-16T13:45:18.2179771Z git version 2.52.0
2025-12-16T13:45:18.2209104Z ##[endgroup]
2025-12-16T13:45:18.2234172Z Temporarily overriding HOME='/home/runner/work/_temp/81e16afb-5f46-421c-9794-ca40bb0ec43f' before making global git config changes
2025-12-16T13:45:18.2239215Z Adding repository directory to the temporary git global config as a safe directory
2025-12-16T13:45:18.2243676Z [command]/usr/bin/git config --global --add safe.directory /home/runner/work/ZKS-Tunnel-VPN/ZKS-Tunnel-VPN
2025-12-16T13:45:18.2286614Z Deleting the contents of '/home/runner/work/ZKS-Tunnel-VPN/ZKS-Tunnel-VPN'
2025-12-16T13:45:18.2290705Z ##[group]Initializing the repository
2025-12-16T13:45:18.2295387Z [command]/usr/bin/git init /home/runner/work/ZKS-Tunnel-VPN/ZKS-Tunnel-VPN
2025-12-16T13:45:18.2443355Z hint: Using 'master' as the name for the initial branch. This default branch name
2025-12-16T13:45:18.2447905Z hint: will change to "main" in Git 3.0. To configure the initial branch name
2025-12-16T13:45:18.2450977Z hint: to use in all of your new repositories, which will suppress this warning,
2025-12-16T13:45:18.2453308Z hint: call:
2025-12-16T13:45:18.2454202Z hint:
2025-12-16T13:45:18.2455325Z hint: 	git config --global init.defaultBranch <name>
2025-12-16T13:45:18.2456977Z hint:
2025-12-16T13:45:18.2458620Z hint: Names commonly chosen instead of 'master' are 'main', 'trunk' and
2025-12-16T13:45:18.2460503Z hint: 'development'. The just-created branch can be renamed via this command:
2025-12-16T13:45:18.2462294Z hint:
2025-12-16T13:45:18.2463348Z hint: 	git branch -m <name>
2025-12-16T13:45:18.2464364Z hint:
2025-12-16T13:45:18.2465938Z hint: Disable this message with "git config set advice.defaultBranchName false"
2025-12-16T13:45:18.2468151Z Initialized empty Git repository in /home/runner/work/ZKS-Tunnel-VPN/ZKS-Tunnel-VPN/.git/
2025-12-16T13:45:18.2472064Z [command]/usr/bin/git remote add origin https://github.com/cswasif/ZKS-Tunnel-VPN
2025-12-16T13:45:18.2512660Z ##[endgroup]
2025-12-16T13:45:18.2514117Z ##[group]Disabling automatic garbage collection
2025-12-16T13:45:18.2519237Z [command]/usr/bin/git config --local gc.auto 0
2025-12-16T13:45:18.2555353Z ##[endgroup]
2025-12-16T13:45:18.2556680Z ##[group]Setting up auth
2025-12-16T13:45:18.2566859Z [command]/usr/bin/git config --local --name-only --get-regexp core\.sshCommand
2025-12-16T13:45:18.2608156Z [command]/usr/bin/git submodule foreach --recursive sh -c "git config --local --name-only --get-regexp 'core\.sshCommand' && git config --local --unset-all 'core.sshCommand' || :"
2025-12-16T13:45:18.3075254Z [command]/usr/bin/git config --local --name-only --get-regexp http\.https\:\/\/github\.com\/\.extraheader
2025-12-16T13:45:18.3111402Z [command]/usr/bin/git submodule foreach --recursive sh -c "git config --local --name-only --get-regexp 'http\.https\:\/\/github\.com\/\.extraheader' && git config --local --unset-all 'http.https://github.com/.extraheader' || :"
2025-12-16T13:45:18.3341893Z [command]/usr/bin/git config --local --name-only --get-regexp ^includeIf\.gitdir:
2025-12-16T13:45:18.3384383Z [command]/usr/bin/git submodule foreach --recursive git config --local --show-origin --name-only --get-regexp remote.origin.url
2025-12-16T13:45:18.3615928Z [command]/usr/bin/git config --local http.https://github.com/.extraheader AUTHORIZATION: basic ***
2025-12-16T13:45:18.3654993Z ##[endgroup]
2025-12-16T13:45:18.3657565Z ##[group]Fetching the repository
2025-12-16T13:45:18.3666798Z [command]/usr/bin/git -c protocol.version=2 fetch --no-tags --prune --no-recurse-submodules --depth=1 origin +07e5b94c516c63d1da59149cb4db8a89630bdd19:refs/remotes/origin/master
2025-12-16T13:45:18.7455355Z From https://github.com/cswasif/ZKS-Tunnel-VPN
2025-12-16T13:45:18.7458449Z  * [new ref]         07e5b94c516c63d1da59149cb4db8a89630bdd19 -> origin/master
2025-12-16T13:45:18.7492039Z ##[endgroup]
2025-12-16T13:45:18.7493737Z ##[group]Determining the checkout info
2025-12-16T13:45:18.7495195Z ##[endgroup]
2025-12-16T13:45:18.7498459Z [command]/usr/bin/git sparse-checkout disable
2025-12-16T13:45:18.7543222Z [command]/usr/bin/git config --local --unset-all extensions.worktreeConfig
2025-12-16T13:45:18.7569631Z ##[group]Checking out the ref
2025-12-16T13:45:18.7574217Z [command]/usr/bin/git checkout --progress --force -B master refs/remotes/origin/master
2025-12-16T13:45:18.7650789Z Reset branch 'master'
2025-12-16T13:45:18.7652660Z branch 'master' set up to track 'origin/master'.
2025-12-16T13:45:18.7660804Z ##[endgroup]
2025-12-16T13:45:18.7698794Z [command]/usr/bin/git log -1 --format=%H
2025-12-16T13:45:18.7723883Z 07e5b94c516c63d1da59149cb4db8a89630bdd19
2025-12-16T13:45:18.8168175Z ##[group]Run dtolnay/rust-toolchain@stable
2025-12-16T13:45:18.8169171Z with:
2025-12-16T13:45:18.8169820Z   components: clippy
2025-12-16T13:45:18.8170563Z   toolchain: stable
2025-12-16T13:45:18.8171291Z env:
2025-12-16T13:45:18.8172064Z   CARGO_TERM_COLOR: always
2025-12-16T13:45:18.8173082Z ##[endgroup]
2025-12-16T13:45:18.8307592Z ##[group]Run : parse toolchain version
2025-12-16T13:45:18.8308664Z [36;1m: parse toolchain version[0m
2025-12-16T13:45:18.8309582Z [36;1mif [[ -z $toolchain ]]; then[0m
2025-12-16T13:45:18.8311200Z [36;1m  # GitHub does not enforce `required: true` inputs itself. https://github.com/actions/runner/issues/1070[0m
2025-12-16T13:45:18.8313217Z [36;1m  echo "'toolchain' is a required input" >&2[0m
2025-12-16T13:45:18.8314202Z [36;1m  exit 1[0m
2025-12-16T13:45:18.8315234Z [36;1melif [[ $toolchain =~ ^stable' '[0-9]+' '(year|month|week|day)s?' 'ago$ ]]; then[0m
2025-12-16T13:45:18.8316523Z [36;1m  if [[ Linux == macOS ]]; then[0m
2025-12-16T13:45:18.8318132Z [36;1m    echo "toolchain=1.$((($(date -v-$(sed 's/stable \([0-9]*\) \(.\).*/\1\2/' <<< $toolchain) +%s)/60/60/24-16569)/7/6))" >> $GITHUB_OUTPUT[0m
2025-12-16T13:45:18.8319667Z [36;1m  else[0m
2025-12-16T13:45:18.8320903Z [36;1m    echo "toolchain=1.$((($(date --date "${toolchain#stable }" +%s)/60/60/24-16569)/7/6))" >> $GITHUB_OUTPUT[0m
2025-12-16T13:45:18.8322458Z [36;1m  fi[0m
2025-12-16T13:45:18.8323400Z [36;1melif [[ $toolchain =~ ^stable' 'minus' '[0-9]+' 'releases?$ ]]; then[0m
2025-12-16T13:45:18.8325057Z [36;1m  echo "toolchain=1.$((($(date +%s)/60/60/24-16569)/7/6-${toolchain//[^0-9]/}))" >> $GITHUB_OUTPUT[0m
2025-12-16T13:45:18.8326496Z [36;1melif [[ $toolchain =~ ^1\.[0-9]+$ ]]; then[0m
2025-12-16T13:45:18.8328107Z [36;1m  echo "toolchain=1.$((i=${toolchain#1.}, c=($(date +%s)/60/60/24-16569)/7/6, i+9*i*(10*i<=c)+90*i*(100*i<=c)))" >> $GITHUB_OUTPUT[0m
2025-12-16T13:45:18.8329633Z [36;1melse[0m
2025-12-16T13:45:18.8330427Z [36;1m  echo "toolchain=$toolchain" >> $GITHUB_OUTPUT[0m
2025-12-16T13:45:18.8331403Z [36;1mfi[0m
2025-12-16T13:45:18.8371509Z shell: /usr/bin/bash --noprofile --norc -e -o pipefail {0}
2025-12-16T13:45:18.8372762Z env:
2025-12-16T13:45:18.8373396Z   CARGO_TERM_COLOR: always
2025-12-16T13:45:18.8374161Z   toolchain: stable
2025-12-16T13:45:18.8374848Z ##[endgroup]
2025-12-16T13:45:18.8545367Z ##[group]Run : construct rustup command line
2025-12-16T13:45:18.8546409Z [36;1m: construct rustup command line[0m
2025-12-16T13:45:18.8547796Z [36;1mecho "targets=$(for t in ${targets//,/ }; do echo -n ' --target' $t; done)" >> $GITHUB_OUTPUT[0m
2025-12-16T13:45:18.8549724Z [36;1mecho "components=$(for c in ${components//,/ }; do echo -n ' --component' $c; done)" >> $GITHUB_OUTPUT[0m
2025-12-16T13:45:18.8551267Z [36;1mecho "downgrade=" >> $GITHUB_OUTPUT[0m
2025-12-16T13:45:18.8587232Z shell: /usr/bin/bash --noprofile --norc -e -o pipefail {0}
2025-12-16T13:45:18.8588294Z env:
2025-12-16T13:45:18.8588924Z   CARGO_TERM_COLOR: always
2025-12-16T13:45:18.8589699Z   targets: 
2025-12-16T13:45:18.8590339Z   components: clippy
2025-12-16T13:45:18.8591026Z ##[endgroup]
2025-12-16T13:45:18.8780872Z ##[group]Run : set $CARGO_HOME
2025-12-16T13:45:18.8781850Z [36;1m: set $CARGO_HOME[0m
2025-12-16T13:45:18.8782897Z [36;1mecho CARGO_HOME=${CARGO_HOME:-"$HOME/.cargo"} >> $GITHUB_ENV[0m
2025-12-16T13:45:18.8819899Z shell: /usr/bin/bash --noprofile --norc -e -o pipefail {0}
2025-12-16T13:45:18.8820955Z env:
2025-12-16T13:45:18.8821739Z   CARGO_TERM_COLOR: always
2025-12-16T13:45:18.8822584Z ##[endgroup]
2025-12-16T13:45:18.8936270Z ##[group]Run : install rustup if needed
2025-12-16T13:45:18.8937242Z [36;1m: install rustup if needed[0m
2025-12-16T13:45:18.8938187Z [36;1mif ! command -v rustup &>/dev/null; then[0m
2025-12-16T13:45:18.8940422Z [36;1m  curl --proto '=https' --tlsv1.2 --retry 10 --retry-connrefused --location --silent --show-error --fail https://sh.rustup.rs | sh -s -- --default-toolchain none -y[0m
2025-12-16T13:45:18.8943091Z [36;1m  echo "$CARGO_HOME/bin" >> $GITHUB_PATH[0m
2025-12-16T13:45:18.8944026Z [36;1mfi[0m
2025-12-16T13:45:18.8980728Z shell: /usr/bin/bash --noprofile --norc -e -o pipefail {0}
2025-12-16T13:45:18.8982056Z env:
2025-12-16T13:45:18.8982760Z   CARGO_TERM_COLOR: always
2025-12-16T13:45:18.8983577Z   CARGO_HOME: /home/runner/.cargo
2025-12-16T13:45:18.8984584Z ##[endgroup]
2025-12-16T13:45:18.9101450Z ##[group]Run rustup toolchain install stable --component clippy --profile minimal --no-self-update
2025-12-16T13:45:18.9103796Z [36;1mrustup toolchain install stable --component clippy --profile minimal --no-self-update[0m
2025-12-16T13:45:18.9141800Z shell: /usr/bin/bash --noprofile --norc -e -o pipefail {0}
2025-12-16T13:45:18.9142876Z env:
2025-12-16T13:45:18.9143488Z   CARGO_TERM_COLOR: always
2025-12-16T13:45:18.9144289Z   CARGO_HOME: /home/runner/.cargo
2025-12-16T13:45:18.9145104Z ##[endgroup]
2025-12-16T13:45:19.1554851Z info: syncing channel updates for 'stable-x86_64-unknown-linux-gnu'
2025-12-16T13:45:19.4007361Z info: latest update on 2025-12-11, rust version 1.92.0 (ded5c06cf 2025-12-08)
2025-12-16T13:45:19.4360633Z info: downloading component 'clippy'
2025-12-16T13:45:19.4732004Z info: downloading component 'rustfmt'
2025-12-16T13:45:19.4976543Z info: downloading component 'cargo'
2025-12-16T13:45:19.5830095Z info: downloading component 'rust-std'
2025-12-16T13:45:19.8922376Z info: downloading component 'rustc'
2025-12-16T13:45:22.0126526Z info: removing previous version of component 'clippy'
2025-12-16T13:45:22.0147841Z info: removing previous version of component 'rustfmt'
2025-12-16T13:45:22.0161996Z info: removing previous version of component 'cargo'
2025-12-16T13:45:22.0223269Z info: removing previous version of component 'rust-std'
2025-12-16T13:45:22.0272572Z info: removing previous version of component 'rustc'
2025-12-16T13:45:22.0359962Z info: installing component 'clippy'
2025-12-16T13:45:22.4274504Z info: installing component 'rustfmt'
2025-12-16T13:45:22.6637938Z info: installing component 'cargo'
2025-12-16T13:45:23.3870560Z info: installing component 'rust-std'
2025-12-16T13:45:25.3079733Z info: installing component 'rustc'
2025-12-16T13:45:30.0355526Z 
2025-12-16T13:45:30.0455041Z   stable-x86_64-unknown-linux-gnu updated - rustc 1.92.0 (ded5c06cf 2025-12-08) (from rustc 1.91.1 (ed61e7d7e 2025-11-07))
2025-12-16T13:45:30.0455942Z 
2025-12-16T13:45:30.0521735Z ##[group]Run rustup default stable
2025-12-16T13:45:30.0522066Z [36;1mrustup default stable[0m
2025-12-16T13:45:30.0553849Z shell: /usr/bin/bash --noprofile --norc -e -o pipefail {0}
2025-12-16T13:45:30.0554192Z env:
2025-12-16T13:45:30.0554381Z   CARGO_TERM_COLOR: always
2025-12-16T13:45:30.0554605Z   CARGO_HOME: /home/runner/.cargo
2025-12-16T13:45:30.0554833Z ##[endgroup]
2025-12-16T13:45:30.0662370Z info: using existing install for 'stable-x86_64-unknown-linux-gnu'
2025-12-16T13:45:30.1042252Z info: default toolchain set to 'stable-x86_64-unknown-linux-gnu'
2025-12-16T13:45:30.1042898Z 
2025-12-16T13:45:30.1135791Z   stable-x86_64-unknown-linux-gnu unchanged - rustc 1.92.0 (ded5c06cf 2025-12-08)
2025-12-16T13:45:30.1136225Z 
2025-12-16T13:45:30.1182835Z ##[group]Run : create cachekey
2025-12-16T13:45:30.1183112Z [36;1m: create cachekey[0m
2025-12-16T13:45:30.1183548Z [36;1mDATE=$(rustc +stable --version --verbose | sed -ne 's/^commit-date: \(20[0-9][0-9]\)-\([01][0-9]\)-\([0-3][0-9]\)$/\1\2\3/p')[0m
2025-12-16T13:45:30.1184161Z [36;1mHASH=$(rustc +stable --version --verbose | sed -ne 's/^commit-hash: //p')[0m
2025-12-16T13:45:30.1184626Z [36;1mecho "cachekey=$(echo $DATE$HASH | head -c12)" >> $GITHUB_OUTPUT[0m
2025-12-16T13:45:30.1216905Z shell: /usr/bin/bash --noprofile --norc -e -o pipefail {0}
2025-12-16T13:45:30.1217233Z env:
2025-12-16T13:45:30.1217417Z   CARGO_TERM_COLOR: always
2025-12-16T13:45:30.1217672Z   CARGO_HOME: /home/runner/.cargo
2025-12-16T13:45:30.1217905Z ##[endgroup]
2025-12-16T13:45:30.1631887Z ##[group]Run : disable incremental compilation
2025-12-16T13:45:30.1632271Z [36;1m: disable incremental compilation[0m
2025-12-16T13:45:30.1632792Z [36;1mif [ -z "${CARGO_INCREMENTAL+set}" ]; then[0m
2025-12-16T13:45:30.1633132Z [36;1m  echo CARGO_INCREMENTAL=0 >> $GITHUB_ENV[0m
2025-12-16T13:45:30.1633395Z [36;1mfi[0m
2025-12-16T13:45:30.1665032Z shell: /usr/bin/bash --noprofile --norc -e -o pipefail {0}
2025-12-16T13:45:30.1665521Z env:
2025-12-16T13:45:30.1665695Z   CARGO_TERM_COLOR: always
2025-12-16T13:45:30.1665928Z   CARGO_HOME: /home/runner/.cargo
2025-12-16T13:45:30.1666146Z ##[endgroup]
2025-12-16T13:45:30.1737546Z ##[group]Run : enable colors in Cargo output
2025-12-16T13:45:30.1737866Z [36;1m: enable colors in Cargo output[0m
2025-12-16T13:45:30.1738157Z [36;1mif [ -z "${CARGO_TERM_COLOR+set}" ]; then[0m
2025-12-16T13:45:30.1738484Z [36;1m  echo CARGO_TERM_COLOR=always >> $GITHUB_ENV[0m
2025-12-16T13:45:30.1738742Z [36;1mfi[0m
2025-12-16T13:45:30.1768385Z shell: /usr/bin/bash --noprofile --norc -e -o pipefail {0}
2025-12-16T13:45:30.1768722Z env:
2025-12-16T13:45:30.1768915Z   CARGO_TERM_COLOR: always
2025-12-16T13:45:30.1769153Z   CARGO_HOME: /home/runner/.cargo
2025-12-16T13:45:30.1769387Z   CARGO_INCREMENTAL: 0
2025-12-16T13:45:30.1769590Z ##[endgroup]
2025-12-16T13:45:30.1844088Z ##[group]Run : enable Cargo sparse registry
2025-12-16T13:45:30.1844406Z [36;1m: enable Cargo sparse registry[0m
2025-12-16T13:45:30.1844751Z [36;1m# implemented in 1.66, stabilized in 1.68, made default in 1.70[0m
2025-12-16T13:45:30.1845375Z [36;1mif [ -z "${CARGO_REGISTRIES_CRATES_IO_PROTOCOL+set}" -o -f "/home/runner/work/_temp"/.implicit_cargo_registries_crates_io_protocol ]; then[0m
2025-12-16T13:45:30.1846008Z [36;1m  if rustc +stable --version --verbose | grep -q '^release: 1\.6[89]\.'; then[0m
2025-12-16T13:45:30.1846527Z [36;1m    touch "/home/runner/work/_temp"/.implicit_cargo_registries_crates_io_protocol || true[0m
2025-12-16T13:45:30.1847002Z [36;1m    echo CARGO_REGISTRIES_CRATES_IO_PROTOCOL=sparse >> $GITHUB_ENV[0m
2025-12-16T13:45:30.1847472Z [36;1m  elif rustc +stable --version --verbose | grep -q '^release: 1\.6[67]\.'; then[0m
2025-12-16T13:45:30.1847988Z [36;1m    touch "/home/runner/work/_temp"/.implicit_cargo_registries_crates_io_protocol || true[0m
2025-12-16T13:45:30.1848453Z [36;1m    echo CARGO_REGISTRIES_CRATES_IO_PROTOCOL=git >> $GITHUB_ENV[0m
2025-12-16T13:45:30.1848763Z [36;1m  fi[0m
2025-12-16T13:45:30.1848936Z [36;1mfi[0m
2025-12-16T13:45:30.1878269Z shell: /usr/bin/bash --noprofile --norc -e -o pipefail {0}
2025-12-16T13:45:30.1878580Z env:
2025-12-16T13:45:30.1878748Z   CARGO_TERM_COLOR: always
2025-12-16T13:45:30.1878971Z   CARGO_HOME: /home/runner/.cargo
2025-12-16T13:45:30.1879191Z   CARGO_INCREMENTAL: 0
2025-12-16T13:45:30.1879388Z ##[endgroup]
2025-12-16T13:45:30.2257154Z ##[group]Run : work around spurious network errors in curl 8.0
2025-12-16T13:45:30.2257584Z [36;1m: work around spurious network errors in curl 8.0[0m
2025-12-16T13:45:30.2258106Z [36;1m# https://rust-lang.zulipchat.com/#narrow/stream/246057-t-cargo/topic/timeout.20investigation[0m
2025-12-16T13:45:30.2258687Z [36;1mif rustc +stable --version --verbose | grep -q '^release: 1\.7[01]\.'; then[0m
2025-12-16T13:45:30.2259083Z [36;1m  echo CARGO_HTTP_MULTIPLEXING=false >> $GITHUB_ENV[0m
2025-12-16T13:45:30.2259363Z [36;1mfi[0m
2025-12-16T13:45:30.2291370Z shell: /usr/bin/bash --noprofile --norc -e -o pipefail {0}
2025-12-16T13:45:30.2291909Z env:
2025-12-16T13:45:30.2292104Z   CARGO_TERM_COLOR: always
2025-12-16T13:45:30.2292327Z   CARGO_HOME: /home/runner/.cargo
2025-12-16T13:45:30.2292568Z   CARGO_INCREMENTAL: 0
2025-12-16T13:45:30.2292763Z ##[endgroup]
2025-12-16T13:45:30.2521495Z ##[group]Run rustc +stable --version --verbose
2025-12-16T13:45:30.2522058Z [36;1mrustc +stable --version --verbose[0m
2025-12-16T13:45:30.2553576Z shell: /usr/bin/bash --noprofile --norc -e -o pipefail {0}
2025-12-16T13:45:30.2553900Z env:
2025-12-16T13:45:30.2554080Z   CARGO_TERM_COLOR: always
2025-12-16T13:45:30.2554304Z   CARGO_HOME: /home/runner/.cargo
2025-12-16T13:45:30.2554538Z   CARGO_INCREMENTAL: 0
2025-12-16T13:45:30.2554902Z ##[endgroup]
2025-12-16T13:45:30.2736502Z rustc 1.92.0 (ded5c06cf 2025-12-08)
2025-12-16T13:45:30.2737374Z binary: rustc
2025-12-16T13:45:30.2737964Z commit-hash: ded5c06cf21d2b93bffd5d884aa6e96934ee4234
2025-12-16T13:45:30.2738622Z commit-date: 2025-12-08
2025-12-16T13:45:30.2739313Z host: x86_64-unknown-linux-gnu
2025-12-16T13:45:30.2739591Z release: 1.92.0
2025-12-16T13:45:30.2739816Z LLVM version: 21.1.3
2025-12-16T13:45:30.2867097Z ##[group]Run Swatinem/rust-cache@v2
2025-12-16T13:45:30.2867371Z with:
2025-12-16T13:45:30.2867541Z   prefix-key: v0-rust
2025-12-16T13:45:30.2867742Z   add-job-id-key: true
2025-12-16T13:45:30.2867950Z   add-rust-environment-hash-key: true
2025-12-16T13:45:30.2868196Z   cache-targets: true
2025-12-16T13:45:30.2868392Z   cache-all-crates: false
2025-12-16T13:45:30.2868606Z   cache-workspace-crates: false
2025-12-16T13:45:30.2868815Z   save-if: true
2025-12-16T13:45:30.2868997Z   cache-provider: github
2025-12-16T13:45:30.2869195Z   cache-bin: true
2025-12-16T13:45:30.2869370Z   lookup-only: false
2025-12-16T13:45:30.2869551Z env:
2025-12-16T13:45:30.2869710Z   CARGO_TERM_COLOR: always
2025-12-16T13:45:30.2869923Z   CARGO_HOME: /home/runner/.cargo
2025-12-16T13:45:30.2870139Z   CARGO_INCREMENTAL: 0
2025-12-16T13:45:30.2870327Z ##[endgroup]
2025-12-16T13:45:30.7259680Z ##[group]Cache Configuration
2025-12-16T13:45:30.7260499Z Cache Provider:
2025-12-16T13:45:30.7260871Z     github
2025-12-16T13:45:30.7261310Z Workspaces:
2025-12-16T13:45:30.7262145Z     /home/runner/work/ZKS-Tunnel-VPN/ZKS-Tunnel-VPN
2025-12-16T13:45:30.7262742Z Cache Paths:
2025-12-16T13:45:30.7263113Z     /home/runner/.cargo/bin
2025-12-16T13:45:30.7263575Z     /home/runner/.cargo/.crates.toml
2025-12-16T13:45:30.7264077Z     /home/runner/.cargo/.crates2.json
2025-12-16T13:45:30.7264569Z     /home/runner/.cargo/registry
2025-12-16T13:45:30.7265020Z     /home/runner/.cargo/git
2025-12-16T13:45:30.7265406Z     /home/runner/work/ZKS-Tunnel-VPN/ZKS-Tunnel-VPN/target
2025-12-16T13:45:30.7265847Z Restore Key:
2025-12-16T13:45:30.7266279Z     v0-rust-clippy-Linux-x64-826f3078
2025-12-16T13:45:30.7266857Z Cache Key:
2025-12-16T13:45:30.7267193Z     v0-rust-clippy-Linux-x64-826f3078-be31038b
2025-12-16T13:45:30.7267520Z .. Prefix:
2025-12-16T13:45:30.7267745Z   - v0-rust-clippy-Linux-x64
2025-12-16T13:45:30.7268069Z .. Environment considered:
2025-12-16T13:45:30.7268549Z   - Rust Version: 1.92.0 x86_64-unknown-linux-gnu (ded5c06cf21d2b93bffd5d884aa6e96934ee4234)
2025-12-16T13:45:30.7269320Z   - CARGO_HOME
2025-12-16T13:45:30.7269672Z   - CARGO_INCREMENTAL
2025-12-16T13:45:30.7269918Z   - CARGO_TERM_COLOR
2025-12-16T13:45:30.7270159Z .. Lockfiles considered:
2025-12-16T13:45:30.7270583Z   - /home/runner/work/ZKS-Tunnel-VPN/ZKS-Tunnel-VPN/zks-tunnel-client/Cargo.toml
2025-12-16T13:45:30.7271221Z   - /home/runner/work/ZKS-Tunnel-VPN/ZKS-Tunnel-VPN/zks-tunnel-proto/Cargo.toml
2025-12-16T13:45:30.7272065Z   - /home/runner/work/ZKS-Tunnel-VPN/ZKS-Tunnel-VPN/zks-tunnel-worker/Cargo.toml
2025-12-16T13:45:30.7272774Z ##[endgroup]
2025-12-16T13:45:30.7272905Z 
2025-12-16T13:45:30.7273009Z ... Restoring cache ...
2025-12-16T13:45:31.0431814Z No cache found.
2025-12-16T13:45:31.0550558Z ##[group]Run cargo clippy -p zks-tunnel-proto -p zks-tunnel-client -- -D warnings
2025-12-16T13:45:31.0551095Z [36;1mcargo clippy -p zks-tunnel-proto -p zks-tunnel-client -- -D warnings[0m
2025-12-16T13:45:31.0583942Z shell: /usr/bin/bash -e {0}
2025-12-16T13:45:31.0584166Z env:
2025-12-16T13:45:31.0584337Z   CARGO_TERM_COLOR: always
2025-12-16T13:45:31.0584561Z   CARGO_HOME: /home/runner/.cargo
2025-12-16T13:45:31.0584790Z   CARGO_INCREMENTAL: 0
2025-12-16T13:45:31.0584983Z   CACHE_ON_FAILURE: false
2025-12-16T13:45:31.0585177Z ##[endgroup]
2025-12-16T13:45:31.2039619Z [1m[92m    Updating[0m crates.io index
2025-12-16T13:45:31.8819440Z [1m[92m     Locking[0m 301 packages to latest compatible versions
2025-12-16T13:45:31.8891896Z [1m[92m      Adding[0m generic-array v0.14.7 [1m[33m(available: v0.14.9)[0m
2025-12-16T13:45:31.8894281Z [1m[92m      Adding[0m getrandom v0.2.16 [1m[33m(available: v0.3.4)[0m
2025-12-16T13:45:31.9007868Z [1m[92m      Adding[0m reqwest v0.11.27 [1m[33m(available: v0.12.26)[0m
2025-12-16T13:45:31.9120013Z [1m[92m      Adding[0m thiserror v1.0.69 [1m[33m(available: v2.0.17)[0m
2025-12-16T13:45:31.9149664Z [1m[92m      Adding[0m tokio-tungstenite v0.24.0 [1m[33m(available: v0.28.0)[0m
2025-12-16T13:45:31.9274612Z [1m[92m Downloading[0m crates ...
2025-12-16T13:45:31.9801164Z [1m[92m  Downloaded[0m anstream v0.6.21
2025-12-16T13:45:31.9830363Z [1m[92m  Downloaded[0m getrandom v0.2.16
2025-12-16T13:45:31.9863786Z [1m[92m  Downloaded[0m rand v0.8.5
2025-12-16T13:45:31.9902914Z [1m[92m  Downloaded[0m zerofrom v0.1.6
2025-12-16T13:45:31.9915571Z [1m[92m  Downloaded[0m writeable v0.6.2
2025-12-16T13:45:31.9940336Z [1m[92m  Downloaded[0m utf-8 v0.7.6
2025-12-16T13:45:31.9968131Z [1m[92m  Downloaded[0m zerovec-derive v0.11.2
2025-12-16T13:45:31.9997828Z [1m[92m  Downloaded[0m yoke v0.8.1
2025-12-16T13:45:32.0032749Z [1m[92m  Downloaded[0m tracing-log v0.2.0
2025-12-16T13:45:32.0056820Z [1m[92m  Downloaded[0m zerotrie v0.2.3
2025-12-16T13:45:32.0107241Z [1m[92m  Downloaded[0m url v2.5.7
2025-12-16T13:45:32.0145628Z [1m[92m  Downloaded[0m typenum v1.19.0
2025-12-16T13:45:32.0185083Z [1m[92m  Downloaded[0m stable_deref_trait v1.2.1
2025-12-16T13:45:32.0200417Z [1m[92m  Downloaded[0m zerovec v0.11.5
2025-12-16T13:45:32.0258170Z [1m[92m  Downloaded[0m thiserror v1.0.69
2025-12-16T13:45:32.0317357Z [1m[92m  Downloaded[0m thiserror-impl v1.0.69
2025-12-16T13:45:32.0332318Z [1m[92m  Downloaded[0m tracing-subscriber v0.3.22
2025-12-16T13:45:32.0419171Z [1m[92m  Downloaded[0m vcpkg v0.2.15
2025-12-16T13:45:32.1040477Z [1m[92m  Downloaded[0m http v1.4.0
2025-12-16T13:45:32.1077859Z [1m[92m  Downloaded[0m zerocopy v0.8.31
2025-12-16T13:45:32.1336561Z [1m[92m  Downloaded[0m serde v1.0.228
2025-12-16T13:45:32.1371502Z [1m[92m  Downloaded[0m syn v2.0.111
2025-12-16T13:45:32.1477640Z [1m[92m  Downloaded[0m regex-syntax v0.8.8
2025-12-16T13:45:32.1545597Z [1m[92m  Downloaded[0m httparse v1.10.1
2025-12-16T13:45:32.1571098Z [1m[92m  Downloaded[0m socket2 v0.6.1
2025-12-16T13:45:32.1589572Z [1m[92m  Downloaded[0m serde_json v1.0.145
2025-12-16T13:45:32.1661876Z [1m[92m  Downloaded[0m futures v0.3.31
2025-12-16T13:45:32.1709304Z [1m[92m  Downloaded[0m find-msvc-tools v0.1.5
2025-12-16T13:45:32.1724986Z [1m[92m  Downloaded[0m smallvec v1.15.1
2025-12-16T13:45:32.1746487Z [1m[92m  Downloaded[0m ryu v1.0.20
2025-12-16T13:45:32.1777828Z [1m[92m  Downloaded[0m form_urlencoded v1.2.2
2025-12-16T13:45:32.1786099Z [1m[92m  Downloaded[0m clap v4.5.53
2025-12-16T13:45:32.1878594Z [1m[92m  Downloaded[0m cc v1.2.49
2025-12-16T13:45:32.1907940Z [1m[92m  Downloaded[0m sha1 v0.10.6
2025-12-16T13:45:32.1924557Z [1m[92m  Downloaded[0m serde_derive v1.0.228
2025-12-16T13:45:32.1955233Z [1m[92m  Downloaded[0m serde_core v1.0.228
2025-12-16T13:45:32.1982722Z [1m[92m  Downloaded[0m futures-util v0.3.31
2025-12-16T13:45:32.2113953Z [1m[92m  Downloaded[0m pkg-config v0.3.32
2025-12-16T13:45:32.2126984Z [1m[92m  Downloaded[0m percent-encoding v2.3.2
2025-12-16T13:45:32.2135583Z [1m[92m  Downloaded[0m parking_lot_core v0.9.12
2025-12-16T13:45:32.2156392Z [1m[92m  Downloaded[0m parking_lot v0.12.5
2025-12-16T13:45:32.2181858Z [1m[92m  Downloaded[0m generic-array v0.14.7
2025-12-16T13:45:32.2195227Z [1m[92m  Downloaded[0m futures-task v0.3.31
2025-12-16T13:45:32.2206266Z [1m[92m  Downloaded[0m futures-macro v0.3.31
2025-12-16T13:45:32.2215981Z [1m[92m  Downloaded[0m futures-executor v0.3.31
2025-12-16T13:45:32.2229185Z [1m[92m  Downloaded[0m regex-automata v0.4.13
2025-12-16T13:45:32.2379457Z [1m[92m  Downloaded[0m futures-core v0.3.31
2025-12-16T13:45:32.2392400Z [1m[92m  Downloaded[0m futures-channel v0.3.31
2025-12-16T13:45:32.2410636Z [1m[92m  Downloaded[0m displaydoc v0.2.5
2025-12-16T13:45:32.2440387Z [1m[92m  Downloaded[0m cpufeatures v0.2.17
2025-12-16T13:45:32.2454331Z [1m[92m  Downloaded[0m base64 v0.22.1
2025-12-16T13:45:32.2492313Z [1m[92m  Downloaded[0m slab v0.4.11
2025-12-16T13:45:32.2504602Z [1m[92m  Downloaded[0m signal-hook-registry v1.4.7
2025-12-16T13:45:32.2515825Z [1m[92m  Downloaded[0m shlex v1.3.0
2025-12-16T13:45:32.2528377Z [1m[92m  Downloaded[0m tokio v1.48.0
2025-12-16T13:45:32.2948694Z [1m[92m  Downloaded[0m ppv-lite86 v0.2.21
2025-12-16T13:45:32.2961189Z [1m[92m  Downloaded[0m pin-project-lite v0.2.16
2025-12-16T13:45:32.3018270Z [1m[92m  Downloaded[0m openssl-sys v0.9.111
2025-12-16T13:45:32.3072967Z [1m[92m  Downloaded[0m memchr v2.7.6
2025-12-16T13:45:32.3127201Z [1m[92m  Downloaded[0m futures-io v0.3.31
2025-12-16T13:45:32.3135023Z [1m[92m  Downloaded[0m foreign-types-shared v0.1.1
2025-12-16T13:45:32.3141451Z [1m[92m  Downloaded[0m foreign-types v0.3.2
2025-12-16T13:45:32.3148173Z [1m[92m  Downloaded[0m synstructure v0.13.2
2025-12-16T13:45:32.3157588Z [1m[92m  Downloaded[0m strsim v0.11.1
2025-12-16T13:45:32.3169565Z [1m[92m  Downloaded[0m sharded-slab v0.1.7
2025-12-16T13:45:32.3202300Z [1m[92m  Downloaded[0m scopeguard v1.2.0
2025-12-16T13:45:32.3213339Z [1m[92m  Downloaded[0m rand_core v0.6.4
2025-12-16T13:45:32.3225698Z [1m[92m  Downloaded[0m rand_chacha v0.3.1
2025-12-16T13:45:32.3236062Z [1m[92m  Downloaded[0m proc-macro2 v1.0.103
2025-12-16T13:45:32.3265251Z [1m[92m  Downloaded[0m pin-utils v0.1.0
2025-12-16T13:45:32.3276390Z [1m[92m  Downloaded[0m heck v0.5.0
2025-12-16T13:45:32.3288666Z [1m[92m  Downloaded[0m futures-sink v0.3.31
2025-12-16T13:45:32.3296165Z [1m[92m  Downloaded[0m clap_derive v4.5.49
2025-12-16T13:45:32.3316878Z [1m[92m  Downloaded[0m clap_builder v4.5.53
2025-12-16T13:45:32.3378444Z [1m[92m  Downloaded[0m anstyle-query v1.1.5
2025-12-16T13:45:32.3389135Z [1m[92m  Downloaded[0m tracing-core v0.1.35
2025-12-16T13:45:32.3415482Z [1m[92m  Downloaded[0m tracing v0.1.43
2025-12-16T13:45:32.3454481Z [1m[92m  Downloaded[0m tokio-util v0.7.17
2025-12-16T13:45:32.3526655Z [1m[92m  Downloaded[0m quote v1.0.42
2025-12-16T13:45:32.3552834Z [1m[92m  Downloaded[0m potential_utf v0.1.4
2025-12-16T13:45:32.3562092Z [1m[92m  Downloaded[0m openssl-macros v0.1.1
2025-12-16T13:45:32.3568933Z [1m[92m  Downloaded[0m openssl v0.10.75
2025-12-16T13:45:32.3663162Z [1m[92m  Downloaded[0m native-tls v0.2.14
2025-12-16T13:45:32.3681758Z [1m[92m  Downloaded[0m mio v1.1.1
2025-12-16T13:45:32.3739393Z [1m[92m  Downloaded[0m lock_api v0.4.14
2025-12-16T13:45:32.3751538Z [1m[92m  Downloaded[0m icu_properties_data v2.1.2
2025-12-16T13:45:32.3852056Z [1m[92m  Downloaded[0m block-buffer v0.10.4
2025-12-16T13:45:32.3861528Z [1m[92m  Downloaded[0m tungstenite v0.24.0
2025-12-16T13:45:32.3892897Z [1m[92m  Downloaded[0m nu-ansi-term v0.50.3
2025-12-16T13:45:32.3916134Z [1m[92m  Downloaded[0m matchers v0.2.0
2025-12-16T13:45:32.3926383Z [1m[92m  Downloaded[0m libc v0.2.178
2025-12-16T13:45:32.4293155Z [1m[92m  Downloaded[0m idna v1.1.0
2025-12-16T13:45:32.4328151Z [1m[92m  Downloaded[0m icu_properties v2.1.2
2025-12-16T13:45:32.4348578Z [1m[92m  Downloaded[0m icu_normalizer_data v2.1.1
2025-12-16T13:45:32.4369498Z [1m[92m  Downloaded[0m icu_normalizer v2.1.1
2025-12-16T13:45:32.4403711Z [1m[92m  Downloaded[0m icu_locale_core v2.1.1
2025-12-16T13:45:32.4470023Z [1m[92m  Downloaded[0m digest v0.10.7
2025-12-16T13:45:32.4487289Z [1m[92m  Downloaded[0m colorchoice v1.0.4
2025-12-16T13:45:32.4496498Z [1m[92m  Downloaded[0m clap_lex v0.7.6
2025-12-16T13:45:32.4506496Z [1m[92m  Downloaded[0m bytes v1.11.0
2025-12-16T13:45:32.4547711Z [1m[92m  Downloaded[0m byteorder v1.5.0
2025-12-16T13:45:32.4563139Z [1m[92m  Downloaded[0m tracing-attributes v0.1.31
2025-12-16T13:45:32.4589132Z [1m[92m  Downloaded[0m tokio-tungstenite v0.24.0
2025-12-16T13:45:32.4608361Z [1m[92m  Downloaded[0m tokio-native-tls v0.3.1
2025-12-16T13:45:32.4625198Z [1m[92m  Downloaded[0m tokio-macros v2.6.0
2025-12-16T13:45:32.4635560Z [1m[92m  Downloaded[0m log v0.4.29
2025-12-16T13:45:32.4659668Z [1m[92m  Downloaded[0m litemap v0.8.1
2025-12-16T13:45:32.4681119Z [1m[92m  Downloaded[0m cfg-if v1.0.4
2025-12-16T13:45:32.4693864Z [1m[92m  Downloaded[0m unicode-ident v1.0.22
2025-12-16T13:45:32.4720954Z [1m[92m  Downloaded[0m thread_local v1.1.9
2025-12-16T13:45:32.4735333Z [1m[92m  Downloaded[0m openssl-probe v0.1.6
2025-12-16T13:45:32.4745851Z [1m[92m  Downloaded[0m lazy_static v1.5.0
2025-12-16T13:45:32.4762743Z [1m[92m  Downloaded[0m is_terminal_polyfill v1.70.2
2025-12-16T13:45:32.4772629Z [1m[92m  Downloaded[0m icu_collections v2.1.1
2025-12-16T13:45:32.4833662Z [1m[92m  Downloaded[0m zerofrom-derive v0.1.6
2025-12-16T13:45:32.4842627Z [1m[92m  Downloaded[0m yoke-derive v0.8.1
2025-12-16T13:45:32.4851356Z [1m[92m  Downloaded[0m version_check v0.9.5
2025-12-16T13:45:32.4863776Z [1m[92m  Downloaded[0m utf8parse v0.2.2
2025-12-16T13:45:32.4873396Z [1m[92m  Downloaded[0m utf8_iter v1.0.4
2025-12-16T13:45:32.4883134Z [1m[92m  Downloaded[0m once_cell v1.21.3
2025-12-16T13:45:32.4909498Z [1m[92m  Downloaded[0m itoa v1.0.15
2025-12-16T13:45:32.4923109Z [1m[92m  Downloaded[0m idna_adapter v1.2.1
2025-12-16T13:45:32.4931946Z [1m[92m  Downloaded[0m icu_provider v2.1.1
2025-12-16T13:45:32.4956832Z [1m[92m  Downloaded[0m tinystr v0.8.2
2025-12-16T13:45:32.4976182Z [1m[92m  Downloaded[0m aho-corasick v1.1.4
2025-12-16T13:45:32.5028622Z [1m[92m  Downloaded[0m anstyle-parse v0.2.7
2025-12-16T13:45:32.5044733Z [1m[92m  Downloaded[0m anstyle v1.0.13
2025-12-16T13:45:32.5058771Z [1m[92m  Downloaded[0m data-encoding v2.9.0
2025-12-16T13:45:32.5068549Z [1m[92m  Downloaded[0m crypto-common v0.1.7
2025-12-16T13:45:32.5077739Z [1m[92m  Downloaded[0m bitflags v2.10.0
2025-12-16T13:45:32.5553255Z [1m[92m   Compiling[0m proc-macro2 v1.0.103
2025-12-16T13:45:32.5553941Z [1m[92m   Compiling[0m quote v1.0.42
2025-12-16T13:45:32.5554517Z [1m[92m   Compiling[0m unicode-ident v1.0.22
2025-12-16T13:45:32.5555085Z [1m[92m   Compiling[0m libc v0.2.178
2025-12-16T13:45:32.6229306Z [1m[92m    Checking[0m cfg-if v1.0.4
2025-12-16T13:45:32.6525162Z [1m[92m    Checking[0m stable_deref_trait v1.2.1
2025-12-16T13:45:32.6820373Z [1m[92m    Checking[0m smallvec v1.15.1
2025-12-16T13:45:32.7405458Z [1m[92m   Compiling[0m find-msvc-tools v0.1.5
2025-12-16T13:45:32.8155395Z [1m[92m   Compiling[0m shlex v1.3.0
2025-12-16T13:45:32.9094748Z [1m[92m   Compiling[0m vcpkg v0.2.15
2025-12-16T13:45:32.9446729Z [1m[92m   Compiling[0m cc v1.2.49
2025-12-16T13:45:33.5445724Z [1m[92m   Compiling[0m pkg-config v0.3.32
2025-12-16T13:45:33.6730460Z [1m[92m   Compiling[0m syn v2.0.111
2025-12-16T13:45:33.8595146Z [1m[92m    Checking[0m once_cell v1.21.3
2025-12-16T13:45:33.9856672Z [1m[92m    Checking[0m pin-project-lite v0.2.16
2025-12-16T13:45:34.0329404Z [1m[92m   Compiling[0m version_check v0.9.5
2025-12-16T13:45:34.0413445Z [1m[92m   Compiling[0m typenum v1.19.0
2025-12-16T13:45:34.2868801Z [1m[92m   Compiling[0m generic-array v0.14.7
2025-12-16T13:45:34.3332593Z [1m[92m   Compiling[0m openssl-sys v0.9.111
2025-12-16T13:45:34.4038950Z [1m[92m   Compiling[0m zerocopy v0.8.31
2025-12-16T13:45:34.6589548Z [1m[92m    Checking[0m writeable v0.6.2
2025-12-16T13:45:34.7496188Z [1m[92m    Checking[0m bytes v1.11.0
2025-12-16T13:45:34.7691239Z [1m[92m   Compiling[0m parking_lot_core v0.9.12
2025-12-16T13:45:34.8504991Z [1m[92m    Checking[0m litemap v0.8.1
2025-12-16T13:45:34.9945894Z [1m[92m    Checking[0m foreign-types-shared v0.1.1
2025-12-16T13:45:35.0270640Z [1m[92m   Compiling[0m icu_normalizer_data v2.1.1
2025-12-16T13:45:35.1215090Z [1m[92m    Checking[0m log v0.4.29
2025-12-16T13:45:35.2197237Z [1m[92m    Checking[0m memchr v2.7.6
2025-12-16T13:45:35.2415330Z [1m[92m    Checking[0m futures-core v0.3.31
2025-12-16T13:45:35.3108907Z [1m[92m    Checking[0m futures-sink v0.3.31
2025-12-16T13:45:35.3610965Z [1m[92m    Checking[0m scopeguard v1.2.0
2025-12-16T13:45:35.4029991Z [1m[92m   Compiling[0m icu_properties_data v2.1.2
2025-12-16T13:45:35.4522361Z [1m[92m   Compiling[0m openssl v0.10.75
2025-12-16T13:45:35.5026213Z [1m[92m   Compiling[0m serde_core v1.0.228
2025-12-16T13:45:35.6074839Z [1m[92m    Checking[0m lock_api v0.4.14
2025-12-16T13:45:35.6256565Z [1m[92m    Checking[0m foreign-types v0.3.2
2025-12-16T13:45:35.8455449Z [1m[92m    Checking[0m getrandom v0.2.16
2025-12-16T13:45:35.9400750Z [1m[92m   Compiling[0m native-tls v0.2.14
2025-12-16T13:45:36.0510896Z [1m[92m    Checking[0m bitflags v2.10.0
2025-12-16T13:45:36.1522659Z [1m[92m    Checking[0m itoa v1.0.15
2025-12-16T13:45:36.2279339Z [1m[92m    Checking[0m futures-io v0.3.31
2025-12-16T13:45:36.2923541Z [1m[92m   Compiling[0m thiserror v1.0.69
2025-12-16T13:45:36.5219255Z [1m[92m    Checking[0m rand_core v0.6.4
2025-12-16T13:45:36.6371463Z [1m[92m    Checking[0m parking_lot v0.12.5
2025-12-16T13:45:36.8966242Z [1m[92m    Checking[0m block-buffer v0.10.4
2025-12-16T13:45:36.9626412Z [1m[92m    Checking[0m crypto-common v0.1.7
2025-12-16T13:45:37.0191415Z [1m[92m    Checking[0m futures-channel v0.3.31
2025-12-16T13:45:37.1555684Z [1m[92m    Checking[0m socket2 v0.6.1
2025-12-16T13:45:37.1778321Z [1m[92m    Checking[0m ppv-lite86 v0.2.21
2025-12-16T13:45:37.4124395Z [1m[92m    Checking[0m signal-hook-registry v1.4.7
2025-12-16T13:45:37.4902449Z [1m[92m   Compiling[0m synstructure v0.13.2
2025-12-16T13:45:37.5177107Z [1m[92m    Checking[0m mio v1.1.1
2025-12-16T13:45:37.7920673Z [1m[92m    Checking[0m slab v0.4.11
2025-12-16T13:45:37.9146485Z [1m[92m    Checking[0m utf8parse v0.2.2
2025-12-16T13:45:37.9628285Z [1m[92m    Checking[0m futures-task v0.3.31
2025-12-16T13:45:38.0583484Z [1m[92m    Checking[0m pin-utils v0.1.0
2025-12-16T13:45:38.0591068Z [1m[92m   Compiling[0m httparse v1.10.1
2025-12-16T13:45:38.0933120Z [1m[92m    Checking[0m openssl-probe v0.1.6
2025-12-16T13:45:38.1390421Z [1m[92m   Compiling[0m serde v1.0.228
2025-12-16T13:45:38.2949974Z [1m[92m    Checking[0m anstyle-parse v0.2.7
2025-12-16T13:45:38.3422201Z [1m[92m    Checking[0m rand_chacha v0.3.1
2025-12-16T13:45:38.3985607Z [1m[92m    Checking[0m digest v0.10.7
2025-12-16T13:45:38.4978575Z [1m[92m    Checking[0m tracing-core v0.1.35
2025-12-16T13:45:38.5297475Z [1m[92m    Checking[0m colorchoice v1.0.4
2025-12-16T13:45:38.5732922Z [1m[92m    Checking[0m is_terminal_polyfill v1.70.2
2025-12-16T13:45:38.6095484Z [1m[92m    Checking[0m regex-syntax v0.8.8
2025-12-16T13:45:38.7286485Z [1m[92m    Checking[0m anstyle v1.0.13
2025-12-16T13:45:38.8000770Z [1m[92m    Checking[0m anstyle-query v1.1.5
2025-12-16T13:45:38.8398814Z [1m[92m    Checking[0m cpufeatures v0.2.17
2025-12-16T13:45:38.8612356Z [1m[92m   Compiling[0m serde_json v1.0.145
2025-12-16T13:45:38.8713892Z [1m[92m    Checking[0m sha1 v0.10.6
2025-12-16T13:45:38.9701335Z [1m[92m    Checking[0m anstream v0.6.21
2025-12-16T13:45:38.9833968Z [1m[92m    Checking[0m rand v0.8.5
2025-12-16T13:45:39.1747346Z [1m[92m   Compiling[0m zerofrom-derive v0.1.6
2025-12-16T13:45:39.2884154Z [1m[92m   Compiling[0m yoke-derive v0.8.1
2025-12-16T13:45:39.4842459Z [1m[92m   Compiling[0m zerovec-derive v0.11.2
2025-12-16T13:45:39.5418724Z [1m[92m   Compiling[0m displaydoc v0.2.5
2025-12-16T13:45:40.0930384Z [1m[92m   Compiling[0m openssl-macros v0.1.1
2025-12-16T13:45:40.2078411Z [1m[92m   Compiling[0m tokio-macros v2.6.0
2025-12-16T13:45:40.3013274Z [1m[92m    Checking[0m zerofrom v0.1.6
2025-12-16T13:45:40.3757047Z [1m[92m    Checking[0m yoke v0.8.1
2025-12-16T13:45:40.5022114Z [1m[92m    Checking[0m zerotrie v0.2.3
2025-12-16T13:45:40.5077769Z [1m[92m    Checking[0m zerovec v0.11.5
2025-12-16T13:45:40.7051322Z [1m[92m   Compiling[0m thiserror-impl v1.0.69
2025-12-16T13:45:40.7724655Z [1m[92m   Compiling[0m futures-macro v0.3.31
2025-12-16T13:45:41.0011183Z [1m[92m    Checking[0m tinystr v0.8.2
2025-12-16T13:45:41.1243206Z [1m[92m    Checking[0m icu_locale_core v2.1.1
2025-12-16T13:45:41.4714230Z [1m[92m    Checking[0m potential_utf v0.1.4
2025-12-16T13:45:41.5401413Z [1m[92m    Checking[0m icu_collections v2.1.1
2025-12-16T13:45:41.7321338Z [1m[92m    Checking[0m icu_provider v2.1.1
2025-12-16T13:45:41.8190531Z [1m[92m    Checking[0m futures-util v0.3.31
2025-12-16T13:45:41.8550000Z [1m[92m    Checking[0m tokio v1.48.0
2025-12-16T13:45:41.9350861Z [1m[92m    Checking[0m icu_normalizer v2.1.1
2025-12-16T13:45:42.2220805Z [1m[92m    Checking[0m icu_properties v2.1.2
2025-12-16T13:45:43.0750567Z [1m[92m   Compiling[0m serde_derive v1.0.228
2025-12-16T13:45:43.1755610Z [1m[92m    Checking[0m idna_adapter v1.2.1
2025-12-16T13:45:43.2310066Z [1m[92m    Checking[0m regex-automata v0.4.13
2025-12-16T13:45:44.2403754Z [1m[92m   Compiling[0m tracing-attributes v0.1.31
2025-12-16T13:45:44.7327611Z [1m[92m    Checking[0m http v1.4.0
2025-12-16T13:45:45.3573002Z [1m[92m    Checking[0m lazy_static v1.5.0
2025-12-16T13:45:45.3949290Z [1m[92m    Checking[0m byteorder v1.5.0
2025-12-16T13:45:45.4506753Z [1m[92m    Checking[0m percent-encoding v2.3.2
2025-12-16T13:45:45.5236158Z [1m[92m    Checking[0m utf-8 v0.7.6
2025-12-16T13:45:45.5364856Z [1m[92m    Checking[0m utf8_iter v1.0.4
2025-12-16T13:45:45.5579687Z [1m[92m    Checking[0m ryu v1.0.20
2025-12-16T13:45:45.6022857Z [1m[92m    Checking[0m strsim v0.11.1
2025-12-16T13:45:45.6043393Z [1m[92m    Checking[0m clap_lex v0.7.6
2025-12-16T13:45:45.6527958Z [1m[92m   Compiling[0m heck v0.5.0
2025-12-16T13:45:45.6907939Z [1m[92m    Checking[0m data-encoding v2.9.0
2025-12-16T13:45:45.7046699Z [1m[92m    Checking[0m clap_builder v4.5.53
2025-12-16T13:45:45.8144149Z [1m[92m   Compiling[0m clap_derive v4.5.49
2025-12-16T13:45:45.9396490Z [1m[92m    Checking[0m tungstenite v0.24.0
2025-12-16T13:45:46.7513163Z [1m[92m    Checking[0m idna v1.1.0
2025-12-16T13:45:46.9509589Z [1m[92m    Checking[0m form_urlencoded v1.2.2
2025-12-16T13:45:47.0232749Z [1m[92m    Checking[0m tokio-native-tls v0.3.1
2025-12-16T13:45:47.0837139Z [1m[92m    Checking[0m tracing v0.1.43
2025-12-16T13:45:47.1173962Z [1m[92m    Checking[0m sharded-slab v0.1.7
2025-12-16T13:45:47.1851021Z [1m[92m    Checking[0m matchers v0.2.0
2025-12-16T13:45:47.2136540Z [1m[92m    Checking[0m futures-executor v0.3.31
2025-12-16T13:45:47.2455993Z [1m[92m    Checking[0m tracing-log v0.2.0
2025-12-16T13:45:47.2976973Z [1m[92m    Checking[0m thread_local v1.1.9
2025-12-16T13:45:47.3333504Z [1m[92m    Checking[0m nu-ansi-term v0.50.3
2025-12-16T13:45:47.4063595Z [1m[92m    Checking[0m futures v0.3.31
2025-12-16T13:45:47.4449684Z [1m[92m    Checking[0m tokio-tungstenite v0.24.0
2025-12-16T13:45:47.5055865Z [1m[92m    Checking[0m zks-tunnel-proto v0.1.0 (/home/runner/work/ZKS-Tunnel-VPN/ZKS-Tunnel-VPN/zks-tunnel-proto)
2025-12-16T13:45:47.5831531Z [1m[92m    Checking[0m tracing-subscriber v0.3.22
2025-12-16T13:45:47.6245855Z [1m[92m    Checking[0m url v2.5.7
2025-12-16T13:45:47.6347649Z [1m[92m    Checking[0m clap v4.5.53
2025-12-16T13:45:47.6692520Z [1m[92m    Checking[0m tokio-util v0.7.17
2025-12-16T13:45:47.6738592Z [1m[92m    Checking[0m base64 v0.22.1
2025-12-16T13:45:48.3290306Z [1m[92m    Checking[0m zks-tunnel-client v0.1.0 (/home/runner/work/ZKS-Tunnel-VPN/ZKS-Tunnel-VPN/zks-tunnel-client)
2025-12-16T13:45:48.3879000Z [1m[91merror[0m[1m: unused import: `std::sync::Arc`[0m
2025-12-16T13:45:48.3879573Z   [1m[94m--> [0mzks-tunnel-client/src/main.rs:18:5
2025-12-16T13:45:48.3879979Z    [1m[94m|[0m
2025-12-16T13:45:48.3880381Z [1m[94m18[0m [1m[94m|[0m use std::sync::Arc;
2025-12-16T13:45:48.3880822Z    [1m[94m|[0m     [1m[91m^^^^^^^^^^^^^^[0m
2025-12-16T13:45:48.3881185Z    [1m[94m|[0m
2025-12-16T13:45:48.3881919Z    [1m[94m= [0m[1mnote[0m: `-D unused-imports` implied by `-D warnings`
2025-12-16T13:45:48.3882628Z    [1m[94m= [0m[1mhelp[0m: to override `-D warnings` add `#[allow(unused_imports)]`
2025-12-16T13:45:48.3883008Z 
2025-12-16T13:45:48.3883234Z [1m[91merror[0m[1m: unused import: `warn`[0m
2025-12-16T13:45:48.3883698Z   [1m[94m--> [0mzks-tunnel-client/src/main.rs:20:28
2025-12-16T13:45:48.3884080Z    [1m[94m|[0m
2025-12-16T13:45:48.3884806Z [1m[94m20[0m [1m[94m|[0m use tracing::{info, error, warn, Level};
2025-12-16T13:45:48.3885317Z    [1m[94m|[0m                            [1m[91m^^^^[0m
2025-12-16T13:45:48.3885578Z 
2025-12-16T13:45:48.3949862Z [1m[91merror[0m[1m: unused imports: `VpnConfig` and `VpnController`[0m
2025-12-16T13:45:48.3950465Z   [1m[94m--> [0mzks-tunnel-client/src/main.rs:30:11
2025-12-16T13:45:48.3950858Z    [1m[94m|[0m
2025-12-16T13:45:48.3951353Z [1m[94m30[0m [1m[94m|[0m use vpn::{VpnController, VpnConfig};
2025-12-16T13:45:48.3952200Z    [1m[94m|[0m           [1m[91m^^^^^^^^^^^^^[0m  [1m[91m^^^^^^^^^[0m
2025-12-16T13:45:48.3952481Z 
2025-12-16T13:45:48.5369707Z [1m[91merror[0m[1m: unreachable expression[0m
2025-12-16T13:45:48.5370392Z    [1m[94m--> [0mzks-tunnel-client/src/main.rs:211:5
2025-12-16T13:45:48.5370938Z     [1m[94m|[0m
2025-12-16T13:45:48.5371496Z [1m[94m162[0m [1m[94m|[0m         return Err("VPN feature not enabled".into());
2025-12-16T13:45:48.5372809Z     [1m[94m|[0m         [1m[94m--------------------------------------------[0m [1m[94many code following this expression is unreachable[0m
2025-12-16T13:45:48.5373534Z [1m[94m...[0m
2025-12-16T13:45:48.5373922Z [1m[94m211[0m [1m[94m|[0m     Ok(())
2025-12-16T13:45:48.5374522Z     [1m[94m|[0m     [1m[91m^^^^^^[0m [1m[91munreachable expression[0m
2025-12-16T13:45:48.5375049Z     [1m[94m|[0m
2025-12-16T13:45:48.5375588Z     [1m[94m= [0m[1mnote[0m: `-D unreachable-code` implied by `-D warnings`
2025-12-16T13:45:48.5376410Z     [1m[94m= [0m[1mhelp[0m: to override `-D warnings` add `#[allow(unreachable_code)]`
2025-12-16T13:45:48.5376885Z 
2025-12-16T13:45:48.5619393Z [1m[91merror[E0277][0m[1m: the trait bound `std::net::Ipv4Addr: std::default::Default` is not satisfied[0m
2025-12-16T13:45:48.5620176Z    [1m[94m--> [0mzks-tunnel-client/src/vpn.rs:563:9
2025-12-16T13:45:48.5620572Z     [1m[94m|[0m
2025-12-16T13:45:48.5621008Z [1m[94m560[0m [1m[94m|[0m     #[derive(Debug, Clone, Default)]
2025-12-16T13:45:48.5621891Z     [1m[94m|[0m                            [1m[94m-------[0m [1m[94min this derive macro expansion[0m
2025-12-16T13:45:48.5622357Z [1m[94m...[0m
2025-12-16T13:45:48.5622822Z [1m[94m563[0m [1m[94m|[0m         pub address: std::net::Ipv4Addr,
2025-12-16T13:45:48.5623704Z     [1m[94m|[0m         [1m[91m^^^^^^^^^^^^^^^^^^^^^^^^^^^^^^^[0m [1m[91mthe trait `std::default::Default` is not implemented for `std::net::Ipv4Addr`[0m
2025-12-16T13:45:48.5624191Z 
2025-12-16T13:45:48.5632207Z [1m[91merror[E0277][0m[1m: the trait bound `std::net::Ipv4Addr: std::default::Default` is not satisfied[0m
2025-12-16T13:45:48.5632936Z    [1m[94m--> [0mzks-tunnel-client/src/vpn.rs:564:9
2025-12-16T13:45:48.5633344Z     [1m[94m|[0m
2025-12-16T13:45:48.5634030Z [1m[94m560[0m [1m[94m|[0m     #[derive(Debug, Clone, Default)]
2025-12-16T13:45:48.5634673Z     [1m[94m|[0m                            [1m[94m-------[0m [1m[94min this derive macro expansion[0m
2025-12-16T13:45:48.5635145Z [1m[94m...[0m
2025-12-16T13:45:48.5635614Z [1m[94m564[0m [1m[94m|[0m         pub netmask: std::net::Ipv4Addr,
2025-12-16T13:45:48.5636494Z     [1m[94m|[0m         [1m[91m^^^^^^^^^^^^^^^^^^^^^^^^^^^^^^^[0m [1m[91mthe trait `std::default::Default` is not implemented for `std::net::Ipv4Addr`[0m
2025-12-16T13:45:48.5636980Z 
2025-12-16T13:45:48.6488094Z [1m[91merror[0m[1m: unused variable: `args`[0m
2025-12-16T13:45:48.6488779Z    [1m[94m--> [0mzks-tunnel-client/src/main.rs:156:23
2025-12-16T13:45:48.6489274Z     [1m[94m|[0m
2025-12-16T13:45:48.6490044Z [1m[94m156[0m [1m[94m|[0m async fn run_vpn_mode(args: Args, tunnel: TunnelClient) -> Result<(), BoxError> {
2025-12-16T13:45:48.6491219Z     [1m[94m|[0m                       [1m[91m^^^^[0m [1m[91mhelp: if this is intentional, prefix it with an underscore: `_args`[0m
2025-12-16T13:45:48.6492166Z     [1m[94m|[0m
2025-12-16T13:45:48.6492667Z     [1m[94m= [0m[1mnote[0m: `-D unused-variables` implied by `-D warnings`
2025-12-16T13:45:48.6493622Z     [1m[94m= [0m[1mhelp[0m: to override `-D warnings` add `#[allow(unused_variables)]`
2025-12-16T13:45:48.6494002Z 
2025-12-16T13:45:48.6494216Z [1m[91merror[0m[1m: unused variable: `tunnel`[0m
2025-12-16T13:45:48.6494698Z    [1m[94m--> [0mzks-tunnel-client/src/main.rs:156:35
2025-12-16T13:45:48.6495085Z     [1m[94m|[0m
2025-12-16T13:45:48.6495659Z [1m[94m156[0m [1m[94m|[0m async fn run_vpn_mode(args: Args, tunnel: TunnelClient) -> Result<(), BoxError> {
2025-12-16T13:45:48.6496579Z     [1m[94m|[0m                                   [1m[91m^^^^^^[0m [1m[91mhelp: if this is intentional, prefix it with an underscore: `_tunnel`[0m
2025-12-16T13:45:48.6497035Z 
2025-12-16T13:45:48.6610127Z [1mFor more information about this error, try `rustc --explain E0277`.[0m
2025-12-16T13:45:48.6679986Z [1m[91merror[0m: could not compile `zks-tunnel-client` (bin "zks-vpn") due to 8 previous errors
2025-12-16T13:45:48.7329420Z ##[error]Process completed with exit code 101.
2025-12-16T13:45:48.7406972Z Post job cleanup.
2025-12-16T13:45:48.8400085Z [command]/usr/bin/git version
2025-12-16T13:45:48.8440739Z git version 2.52.0
2025-12-16T13:45:48.8487047Z Temporarily overriding HOME='/home/runner/work/_temp/d826f909-844b-4f5a-a56d-8e38e5d42dae' before making global git config changes
2025-12-16T13:45:48.8488652Z Adding repository directory to the temporary git global config as a safe directory
2025-12-16T13:45:48.8493512Z [command]/usr/bin/git config --global --add safe.directory /home/runner/work/ZKS-Tunnel-VPN/ZKS-Tunnel-VPN
2025-12-16T13:45:48.8535590Z [command]/usr/bin/git config --local --name-only --get-regexp core\.sshCommand
2025-12-16T13:45:48.8573437Z [command]/usr/bin/git submodule foreach --recursive sh -c "git config --local --name-only --get-regexp 'core\.sshCommand' && git config --local --unset-all 'core.sshCommand' || :"
2025-12-16T13:45:48.8815833Z [command]/usr/bin/git config --local --name-only --get-regexp http\.https\:\/\/github\.com\/\.extraheader
2025-12-16T13:45:48.8839275Z http.https://github.com/.extraheader
2025-12-16T13:45:48.8853075Z [command]/usr/bin/git config --local --unset-all http.https://github.com/.extraheader
2025-12-16T13:45:48.8886256Z [command]/usr/bin/git submodule foreach --recursive sh -c "git config --local --name-only --get-regexp 'http\.https\:\/\/github\.com\/\.extraheader' && git config --local --unset-all 'http.https://github.com/.extraheader' || :"
2025-12-16T13:45:48.9117838Z [command]/usr/bin/git config --local --name-only --get-regexp ^includeIf\.gitdir:
2025-12-16T13:45:48.9150785Z [command]/usr/bin/git submodule foreach --recursive git config --local --show-origin --name-only --get-regexp remote.origin.url
2025-12-16T13:45:48.9494487Z Cleaning up orphan processes
