2025-12-16T13:45:20.2062739Z Current runner version: '2.329.0'
2025-12-16T13:45:20.2156386Z ##[group]Runner Image Provisioner
2025-12-16T13:45:20.2157120Z Hosted Compute Agent
2025-12-16T13:45:20.2157593Z Version: 20251202.455
2025-12-16T13:45:20.2158173Z Commit: 6c10caca4910e198df60de23adf20ad317c474e3
2025-12-16T13:45:20.2158783Z Build Date: 2025-12-02T15:56:59Z
2025-12-16T13:45:20.2159378Z Worker ID: {2a118d06-2607-4d99-89f7-a466d4272508}
2025-12-16T13:45:20.2159999Z ##[endgroup]
2025-12-16T13:45:20.2160444Z ##[group]Operating System
2025-12-16T13:45:20.2160977Z Microsoft Windows Server 2025
2025-12-16T13:45:20.2161476Z 10.0.26100
2025-12-16T13:45:20.2161910Z Datacenter
2025-12-16T13:45:20.2162300Z ##[endgroup]
2025-12-16T13:45:20.2162736Z ##[group]Runner Image
2025-12-16T13:45:20.2163233Z Image: windows-2025
2025-12-16T13:45:20.2163693Z Version: 20251208.136.1
2025-12-16T13:45:20.2164960Z Included Software: https://github.com/actions/runner-images/blob/win25/20251208.136/images/windows/Windows2025-Readme.md
2025-12-16T13:45:20.2166339Z Image Release: https://github.com/actions/runner-images/releases/tag/win25%2F20251208.136
2025-12-16T13:45:20.2167172Z ##[endgroup]
2025-12-16T13:45:20.2168175Z ##[group]GITHUB_TOKEN Permissions
2025-12-16T13:45:20.2170163Z Contents: read
2025-12-16T13:45:20.2170706Z Metadata: read
2025-12-16T13:45:20.2171325Z Packages: read
2025-12-16T13:45:20.2171776Z ##[endgroup]
2025-12-16T13:45:20.2173749Z Secret source: Actions
2025-12-16T13:45:20.2174375Z Prepare workflow directory
2025-12-16T13:45:20.2586536Z Prepare all required actions
2025-12-16T13:45:20.2625268Z Getting action download info
2025-12-16T13:45:20.7295854Z Download action repository 'actions/checkout@v4' (SHA:34e114876b0b11c390a56381ad16ebd13914f8d5)
2025-12-16T13:45:20.8908832Z Download action repository 'dtolnay/rust-toolchain@stable' (SHA:6d9817901c499d6b02debbb57edb38d33daa680b)
2025-12-16T13:45:21.2877367Z Download action repository 'Swatinem/rust-cache@v2' (SHA:779680da715d629ac1d338a641029a2f4372abb5)
2025-12-16T13:45:21.8328723Z Download action repository 'actions/upload-artifact@v4' (SHA:ea165f8d65b6e75b540449e92b4886f43607fa02)
2025-12-16T13:45:22.2897073Z Complete job name: Build Client (windows-latest, x86_64-pc-windows-msvc, zks-vpn.exe)
2025-12-16T13:45:22.4949928Z ##[group]Run actions/checkout@v4
2025-12-16T13:45:22.4951292Z with:
2025-12-16T13:45:22.4952007Z   repository: cswasif/ZKS-Tunnel-VPN
2025-12-16T13:45:22.4953212Z   token: ***
2025-12-16T13:45:22.4953887Z   ssh-strict: true
2025-12-16T13:45:22.4954601Z   ssh-user: git
2025-12-16T13:45:22.4955322Z   persist-credentials: true
2025-12-16T13:45:22.4956131Z   clean: true
2025-12-16T13:45:22.4956857Z   sparse-checkout-cone-mode: true
2025-12-16T13:45:22.4957727Z   fetch-depth: 1
2025-12-16T13:45:22.4958444Z   fetch-tags: false
2025-12-16T13:45:22.4959163Z   show-progress: true
2025-12-16T13:45:22.4959879Z   lfs: false
2025-12-16T13:45:22.4961315Z   submodules: false
2025-12-16T13:45:22.4962083Z   set-safe-directory: true
2025-12-16T13:45:22.4963299Z env:
2025-12-16T13:45:22.4963958Z   CARGO_TERM_COLOR: always
2025-12-16T13:45:22.4964734Z ##[endgroup]
2025-12-16T13:45:22.6793141Z Syncing repository: cswasif/ZKS-Tunnel-VPN
2025-12-16T13:45:22.6796684Z ##[group]Getting Git version info
2025-12-16T13:45:22.6798460Z Working directory is 'D:\a\ZKS-Tunnel-VPN\ZKS-Tunnel-VPN'
2025-12-16T13:45:22.8167757Z [command]"C:\Program Files\Git\bin\git.exe" version
2025-12-16T13:45:23.6709725Z git version 2.52.0.windows.1
2025-12-16T13:45:23.6765226Z ##[endgroup]
2025-12-16T13:45:23.6787280Z Temporarily overriding HOME='D:\a\_temp\9e140f7e-3851-4ea8-be56-06738250a6f4' before making global git config changes
2025-12-16T13:45:23.6790838Z Adding repository directory to the temporary git global config as a safe directory
2025-12-16T13:45:23.6801471Z [command]"C:\Program Files\Git\bin\git.exe" config --global --add safe.directory D:\a\ZKS-Tunnel-VPN\ZKS-Tunnel-VPN
2025-12-16T13:45:23.8147055Z Deleting the contents of 'D:\a\ZKS-Tunnel-VPN\ZKS-Tunnel-VPN'
2025-12-16T13:45:23.8155161Z ##[group]Initializing the repository
2025-12-16T13:45:23.8166508Z [command]"C:\Program Files\Git\bin\git.exe" init D:\a\ZKS-Tunnel-VPN\ZKS-Tunnel-VPN
2025-12-16T13:45:24.0018360Z Initialized empty Git repository in D:/a/ZKS-Tunnel-VPN/ZKS-Tunnel-VPN/.git/
2025-12-16T13:45:24.0068982Z [command]"C:\Program Files\Git\bin\git.exe" remote add origin https://github.com/cswasif/ZKS-Tunnel-VPN
2025-12-16T13:45:24.1106520Z ##[endgroup]
2025-12-16T13:45:24.1107841Z ##[group]Disabling automatic garbage collection
2025-12-16T13:45:24.1123295Z [command]"C:\Program Files\Git\bin\git.exe" config --local gc.auto 0
2025-12-16T13:45:24.1467918Z ##[endgroup]
2025-12-16T13:45:24.1472751Z ##[group]Setting up auth
2025-12-16T13:45:24.1489806Z [command]"C:\Program Files\Git\bin\git.exe" config --local --name-only --get-regexp core\.sshCommand
2025-12-16T13:45:24.1901726Z [command]"C:\Program Files\Git\bin\git.exe" submodule foreach --recursive "sh -c \"git config --local --name-only --get-regexp 'core\.sshCommand' && git config --local --unset-all 'core.sshCommand' || :\""
2025-12-16T13:45:27.0281913Z [command]"C:\Program Files\Git\bin\git.exe" config --local --name-only --get-regexp http\.https\:\/\/github\.com\/\.extraheader
2025-12-16T13:45:27.0588895Z [command]"C:\Program Files\Git\bin\git.exe" submodule foreach --recursive "sh -c \"git config --local --name-only --get-regexp 'http\.https\:\/\/github\.com\/\.extraheader' && git config --local --unset-all 'http.https://github.com/.extraheader' || :\""
2025-12-16T13:45:27.6161962Z [command]"C:\Program Files\Git\bin\git.exe" config --local --name-only --get-regexp ^includeIf\.gitdir:
2025-12-16T13:45:27.6474031Z [command]"C:\Program Files\Git\bin\git.exe" submodule foreach --recursive "git config --local --show-origin --name-only --get-regexp remote.origin.url"
2025-12-16T13:45:28.1997430Z [command]"C:\Program Files\Git\bin\git.exe" config --local http.https://github.com/.extraheader "AUTHORIZATION: basic ***"
2025-12-16T13:45:28.2326804Z ##[endgroup]
2025-12-16T13:45:28.2327262Z ##[group]Fetching the repository
2025-12-16T13:45:28.2343445Z [command]"C:\Program Files\Git\bin\git.exe" -c protocol.version=2 fetch --no-tags --prune --no-recurse-submodules --depth=1 origin +07e5b94c516c63d1da59149cb4db8a89630bdd19:refs/remotes/origin/master
2025-12-16T13:45:30.0450703Z From https://github.com/cswasif/ZKS-Tunnel-VPN
2025-12-16T13:45:30.0451494Z  * [new ref]         07e5b94c516c63d1da59149cb4db8a89630bdd19 -> origin/master
2025-12-16T13:45:30.0801381Z ##[endgroup]
2025-12-16T13:45:30.0801958Z ##[group]Determining the checkout info
2025-12-16T13:45:30.0805194Z ##[endgroup]
2025-12-16T13:45:30.0816763Z [command]"C:\Program Files\Git\bin\git.exe" sparse-checkout disable
2025-12-16T13:45:30.1240970Z [command]"C:\Program Files\Git\bin\git.exe" config --local --unset-all extensions.worktreeConfig
2025-12-16T13:45:30.1573858Z ##[group]Checking out the ref
2025-12-16T13:45:30.1574640Z [command]"C:\Program Files\Git\bin\git.exe" checkout --progress --force -B master refs/remotes/origin/master
2025-12-16T13:45:30.2285051Z branch 'master' set up to track 'origin/master'.
2025-12-16T13:45:30.2292387Z Reset branch 'master'
2025-12-16T13:45:30.2329975Z ##[endgroup]
2025-12-16T13:45:30.2730782Z [command]"C:\Program Files\Git\bin\git.exe" log -1 --format=%H
2025-12-16T13:45:30.3001160Z 07e5b94c516c63d1da59149cb4db8a89630bdd19
2025-12-16T13:45:30.3471443Z ##[group]Run dtolnay/rust-toolchain@stable
2025-12-16T13:45:30.3471804Z with:
2025-12-16T13:45:30.3471987Z   targets: x86_64-pc-windows-msvc
2025-12-16T13:45:30.3472204Z   toolchain: stable
2025-12-16T13:45:30.3472384Z env:
2025-12-16T13:45:30.3472535Z   CARGO_TERM_COLOR: always
2025-12-16T13:45:30.3472728Z ##[endgroup]
2025-12-16T13:45:30.3701142Z ##[group]Run : parse toolchain version
2025-12-16T13:45:30.3701560Z [36;1m: parse toolchain version[0m
2025-12-16T13:45:30.3701803Z [36;1mif [[ -z $toolchain ]]; then[0m
2025-12-16T13:45:30.3702269Z [36;1m  # GitHub does not enforce `required: true` inputs itself. https://github.com/actions/runner/issues/1070[0m
2025-12-16T13:45:30.3704004Z [36;1m  echo "'toolchain' is a required input" >&2[0m
2025-12-16T13:45:30.3704268Z [36;1m  exit 1[0m
2025-12-16T13:45:30.3704550Z [36;1melif [[ $toolchain =~ ^stable' '[0-9]+' '(year|month|week|day)s?' 'ago$ ]]; then[0m
2025-12-16T13:45:30.3704958Z [36;1m  if [[ Windows == macOS ]]; then[0m
2025-12-16T13:45:30.3705383Z [36;1m    echo "toolchain=1.$((($(date -v-$(sed 's/stable \([0-9]*\) \(.\).*/\1\2/' <<< $toolchain) +%s)/60/60/24-16569)/7/6))" >> $GITHUB_OUTPUT[0m
2025-12-16T13:45:30.3705791Z [36;1m  else[0m
2025-12-16T13:45:30.3706121Z [36;1m    echo "toolchain=1.$((($(date --date "${toolchain#stable }" +%s)/60/60/24-16569)/7/6))" >> $GITHUB_OUTPUT[0m
2025-12-16T13:45:30.3706482Z [36;1m  fi[0m
2025-12-16T13:45:30.3706732Z [36;1melif [[ $toolchain =~ ^stable' 'minus' '[0-9]+' 'releases?$ ]]; then[0m
2025-12-16T13:45:30.3707166Z [36;1m  echo "toolchain=1.$((($(date +%s)/60/60/24-16569)/7/6-${toolchain//[^0-9]/}))" >> $GITHUB_OUTPUT[0m
2025-12-16T13:45:30.3707549Z [36;1melif [[ $toolchain =~ ^1\.[0-9]+$ ]]; then[0m
2025-12-16T13:45:30.3707972Z [36;1m  echo "toolchain=1.$((i=${toolchain#1.}, c=($(date +%s)/60/60/24-16569)/7/6, i+9*i*(10*i<=c)+90*i*(100*i<=c)))" >> $GITHUB_OUTPUT[0m
2025-12-16T13:45:30.3708355Z [36;1melse[0m
2025-12-16T13:45:30.3708564Z [36;1m  echo "toolchain=$toolchain" >> $GITHUB_OUTPUT[0m
2025-12-16T13:45:30.3708801Z [36;1mfi[0m
2025-12-16T13:45:30.3729504Z shell: C:\Program Files\Git\bin\bash.EXE --noprofile --norc -e -o pipefail {0}
2025-12-16T13:45:30.3729871Z env:
2025-12-16T13:45:30.3730028Z   CARGO_TERM_COLOR: always
2025-12-16T13:45:30.3730222Z   toolchain: stable
2025-12-16T13:45:30.3730385Z ##[endgroup]
2025-12-16T13:45:30.5618182Z ##[group]Run : construct rustup command line
2025-12-16T13:45:30.5618499Z [36;1m: construct rustup command line[0m
2025-12-16T13:45:30.5618889Z [36;1mecho "targets=$(for t in ${targets//,/ }; do echo -n ' --target' $t; done)" >> $GITHUB_OUTPUT[0m
2025-12-16T13:45:30.5619430Z [36;1mecho "components=$(for c in ${components//,/ }; do echo -n ' --component' $c; done)" >> $GITHUB_OUTPUT[0m
2025-12-16T13:45:30.5619827Z [36;1mecho "downgrade=" >> $GITHUB_OUTPUT[0m
2025-12-16T13:45:30.5636744Z shell: C:\Program Files\Git\bin\bash.EXE --noprofile --norc -e -o pipefail {0}
2025-12-16T13:45:30.5637104Z env:
2025-12-16T13:45:30.5637276Z   CARGO_TERM_COLOR: always
2025-12-16T13:45:30.5637485Z   targets: x86_64-pc-windows-msvc
2025-12-16T13:45:30.5637695Z   components: 
2025-12-16T13:45:30.5637854Z ##[endgroup]
2025-12-16T13:45:30.6400063Z ##[group]Run : set $CARGO_HOME
2025-12-16T13:45:30.6400394Z [36;1m: set $CARGO_HOME[0m
2025-12-16T13:45:30.6400865Z [36;1mecho CARGO_HOME=${CARGO_HOME:-"$USERPROFILE\.cargo"} >> $GITHUB_ENV[0m
2025-12-16T13:45:30.6417814Z shell: C:\Program Files\Git\bin\bash.EXE --noprofile --norc -e -o pipefail {0}
2025-12-16T13:45:30.6418161Z env:
2025-12-16T13:45:30.6418325Z   CARGO_TERM_COLOR: always
2025-12-16T13:45:30.6418534Z ##[endgroup]
2025-12-16T13:45:30.6950937Z ##[group]Run : install rustup if needed on windows
2025-12-16T13:45:30.6951277Z [36;1m: install rustup if needed on windows[0m
2025-12-16T13:45:30.6951544Z [36;1mif ! command -v rustup &>/dev/null; then[0m
2025-12-16T13:45:30.6954274Z [36;1m  curl --proto '=https' --tlsv1.2 --retry 10 --retry-connrefused --location --silent --show-error --fail https://win.rustup.rs/x86_64 --output 'D:\a\_temp\rustup-init.exe'[0m
2025-12-16T13:45:30.6955137Z [36;1m  'D:\a\_temp\rustup-init.exe' --default-toolchain none --no-modify-path -y[0m
2025-12-16T13:45:30.6955534Z [36;1m  echo "$CARGO_HOME\bin" >> $GITHUB_PATH[0m
2025-12-16T13:45:30.6955765Z [36;1mfi[0m
2025-12-16T13:45:30.6970940Z shell: C:\Program Files\Git\bin\bash.EXE --noprofile --norc -e -o pipefail {0}
2025-12-16T13:45:30.6971296Z env:
2025-12-16T13:45:30.6971454Z   CARGO_TERM_COLOR: always
2025-12-16T13:45:30.6971734Z   CARGO_HOME: C:\Users\runneradmin\.cargo
2025-12-16T13:45:30.6972135Z ##[endgroup]
2025-12-16T13:45:30.7575264Z ##[group]Run rustup toolchain install stable --target x86_64-pc-windows-msvc --profile minimal --no-self-update
2025-12-16T13:45:30.7575969Z [36;1mrustup toolchain install stable --target x86_64-pc-windows-msvc --profile minimal --no-self-update[0m
2025-12-16T13:45:30.7592257Z shell: C:\Program Files\Git\bin\bash.EXE --noprofile --norc -e -o pipefail {0}
2025-12-16T13:45:30.7592689Z env:
2025-12-16T13:45:30.7592881Z   CARGO_TERM_COLOR: always
2025-12-16T13:45:30.7593099Z   CARGO_HOME: C:\Users\runneradmin\.cargo
2025-12-16T13:45:30.7593324Z ##[endgroup]
2025-12-16T13:45:34.0453983Z info: syncing channel updates for 'stable-x86_64-pc-windows-msvc'
2025-12-16T13:45:34.5058811Z info: latest update on 2025-12-11, rust version 1.92.0 (ded5c06cf 2025-12-08)
2025-12-16T13:45:34.5854235Z info: downloading component 'rust-std'
2025-12-16T13:45:35.0657256Z info: downloading component 'clippy'
2025-12-16T13:45:35.2300830Z info: downloading component 'rustfmt'
2025-12-16T13:45:35.3149162Z info: downloading component 'rust-std' for 'x86_64-pc-windows-gnu'
2025-12-16T13:45:35.7905276Z info: downloading component 'rust-std' for 'i686-pc-windows-msvc'
2025-12-16T13:45:35.9441358Z info: downloading component 'cargo'
2025-12-16T13:45:36.1121536Z info: downloading component 'rustc'
2025-12-16T13:45:37.6008399Z info: removing previous version of component 'clippy'
2025-12-16T13:45:37.6347735Z info: removing previous version of component 'rustfmt'
2025-12-16T13:45:37.6465097Z info: removing previous version of component 'rust-std' for 'x86_64-pc-windows-gnu'
2025-12-16T13:45:37.7059169Z info: removing previous version of component 'rust-std' for 'i686-pc-windows-msvc'
2025-12-16T13:45:37.7600164Z info: removing previous version of component 'cargo'
2025-12-16T13:45:37.8340920Z info: removing previous version of component 'rust-std'
2025-12-16T13:45:37.8698836Z info: removing previous version of component 'rustc'
2025-12-16T13:45:37.9494658Z info: installing component 'rust-std'
2025-12-16T13:45:39.5052924Z info: installing component 'clippy'
2025-12-16T13:45:39.8713877Z info: installing component 'rustfmt'
2025-12-16T13:45:40.5943967Z info: installing component 'rust-std' for 'x86_64-pc-windows-gnu'
2025-12-16T13:45:42.4525601Z info: installing component 'rust-std' for 'i686-pc-windows-msvc'
2025-12-16T13:45:43.9180735Z info: installing component 'cargo'
2025-12-16T13:45:44.9638498Z ##[error]The operation was canceled.
2025-12-16T13:45:45.3437497Z Post job cleanup.
2025-12-16T13:45:45.9596708Z [command]"C:\Program Files\Git\bin\git.exe" version
2025-12-16T13:45:45.9872980Z git version 2.52.0.windows.1
2025-12-16T13:45:45.9954091Z Temporarily overriding HOME='D:\a\_temp\32245bca-06ec-4f6b-b70d-6b39b7f18f0f' before making global git config changes
2025-12-16T13:45:45.9955236Z Adding repository directory to the temporary git global config as a safe directory
2025-12-16T13:45:45.9966384Z [command]"C:\Program Files\Git\bin\git.exe" config --global --add safe.directory D:\a\ZKS-Tunnel-VPN\ZKS-Tunnel-VPN
2025-12-16T13:45:46.0270235Z [command]"C:\Program Files\Git\bin\git.exe" config --local --name-only --get-regexp core\.sshCommand
2025-12-16T13:45:46.0570210Z [command]"C:\Program Files\Git\bin\git.exe" submodule foreach --recursive "sh -c \"git config --local --name-only --get-regexp 'core\.sshCommand' && git config --local --unset-all 'core.sshCommand' || :\""
2025-12-16T13:45:46.5714031Z [command]"C:\Program Files\Git\bin\git.exe" config --local --name-only --get-regexp http\.https\:\/\/github\.com\/\.extraheader
2025-12-16T13:45:46.5963239Z http.https://github.com/.extraheader
2025-12-16T13:45:46.6004407Z [command]"C:\Program Files\Git\bin\git.exe" config --local --unset-all http.https://github.com/.extraheader
2025-12-16T13:45:46.6297614Z [command]"C:\Program Files\Git\bin\git.exe" submodule foreach --recursive "sh -c \"git config --local --name-only --get-regexp 'http\.https\:\/\/github\.com\/\.extraheader' && git config --local --unset-all 'http.https://github.com/.extraheader' || :\""
2025-12-16T13:45:47.1527212Z [command]"C:\Program Files\Git\bin\git.exe" config --local --name-only --get-regexp ^includeIf\.gitdir:
2025-12-16T13:45:47.1819272Z [command]"C:\Program Files\Git\bin\git.exe" submodule foreach --recursive "git config --local --show-origin --name-only --get-regexp remote.origin.url"
2025-12-16T13:45:47.7153492Z Cleaning up orphan processes
