2025-12-16T13:45:14.4201542Z Current runner version: '2.329.0'
2025-12-16T13:45:14.4225343Z ##[group]Runner Image Provisioner
2025-12-16T13:45:14.4226185Z Hosted Compute Agent
2025-12-16T13:45:14.4226745Z Version: 20251202.455
2025-12-16T13:45:14.4227362Z Commit: 6c10caca4910e198df60de23adf20ad317c474e3
2025-12-16T13:45:14.4228017Z Build Date: 2025-12-02T15:56:59Z
2025-12-16T13:45:14.4228696Z Worker ID: {ca238a7f-85eb-490b-91d3-255635c68512}
2025-12-16T13:45:14.4229405Z ##[endgroup]
2025-12-16T13:45:14.4229880Z ##[group]Operating System
2025-12-16T13:45:14.4230462Z Ubuntu
2025-12-16T13:45:14.4230913Z 24.04.3
2025-12-16T13:45:14.4231360Z LTS
2025-12-16T13:45:14.4231763Z ##[endgroup]
2025-12-16T13:45:14.4232341Z ##[group]Runner Image
2025-12-16T13:45:14.4232835Z Image: ubuntu-24.04
2025-12-16T13:45:14.4233316Z Version: 20251208.163.1
2025-12-16T13:45:14.4234639Z Included Software: https://github.com/actions/runner-images/blob/ubuntu24/20251208.163/images/ubuntu/Ubuntu2404-Readme.md
2025-12-16T13:45:14.4236243Z Image Release: https://github.com/actions/runner-images/releases/tag/ubuntu24%2F20251208.163
2025-12-16T13:45:14.4237305Z ##[endgroup]
2025-12-16T13:45:14.4238347Z ##[group]GITHUB_TOKEN Permissions
2025-12-16T13:45:14.4240445Z Contents: read
2025-12-16T13:45:14.4240989Z Metadata: read
2025-12-16T13:45:14.4241451Z Packages: read
2025-12-16T13:45:14.4242022Z ##[endgroup]
2025-12-16T13:45:14.4244109Z Secret source: Actions
2025-12-16T13:45:14.4244997Z Prepare workflow directory
2025-12-16T13:45:14.4637428Z Prepare all required actions
2025-12-16T13:45:14.4674731Z Getting action download info
2025-12-16T13:45:14.9293445Z Download action repository 'actions/checkout@v4' (SHA:34e114876b0b11c390a56381ad16ebd13914f8d5)
2025-12-16T13:45:15.0473662Z Download action repository 'dtolnay/rust-toolchain@stable' (SHA:6d9817901c499d6b02debbb57edb38d33daa680b)
2025-12-16T13:45:15.4268135Z Download action repository 'Swatinem/rust-cache@v2' (SHA:779680da715d629ac1d338a641029a2f4372abb5)
2025-12-16T13:45:16.0471233Z Download action repository 'actions/upload-artifact@v4' (SHA:ea165f8d65b6e75b540449e92b4886f43607fa02)
2025-12-16T13:45:16.2812534Z Complete job name: Build Client (ubuntu-latest, x86_64-unknown-linux-gnu, zks-vpn)
2025-12-16T13:45:16.3481293Z ##[group]Run actions/checkout@v4
2025-12-16T13:45:16.3482125Z with:
2025-12-16T13:45:16.3482537Z   repository: cswasif/ZKS-Tunnel-VPN
2025-12-16T13:45:16.3483219Z   token: ***
2025-12-16T13:45:16.3483592Z   ssh-strict: true
2025-12-16T13:45:16.3483975Z   ssh-user: git
2025-12-16T13:45:16.3484537Z   persist-credentials: true
2025-12-16T13:45:16.3484983Z   clean: true
2025-12-16T13:45:16.3485372Z   sparse-checkout-cone-mode: true
2025-12-16T13:45:16.3485855Z   fetch-depth: 1
2025-12-16T13:45:16.3486235Z   fetch-tags: false
2025-12-16T13:45:16.3486631Z   show-progress: true
2025-12-16T13:45:16.3487052Z   lfs: false
2025-12-16T13:45:16.3487420Z   submodules: false
2025-12-16T13:45:16.3487866Z   set-safe-directory: true
2025-12-16T13:45:16.3488564Z env:
2025-12-16T13:45:16.3488939Z   CARGO_TERM_COLOR: always
2025-12-16T13:45:16.3489389Z ##[endgroup]
2025-12-16T13:45:16.4556979Z Syncing repository: cswasif/ZKS-Tunnel-VPN
2025-12-16T13:45:16.4558683Z ##[group]Getting Git version info
2025-12-16T13:45:16.4559533Z Working directory is '/home/runner/work/ZKS-Tunnel-VPN/ZKS-Tunnel-VPN'
2025-12-16T13:45:16.4560530Z [command]/usr/bin/git version
2025-12-16T13:45:16.4667942Z git version 2.52.0
2025-12-16T13:45:16.4695270Z ##[endgroup]
2025-12-16T13:45:16.4712068Z Temporarily overriding HOME='/home/runner/work/_temp/d028c95f-aa0f-4c4f-b38a-3fe2a913a09a' before making global git config changes
2025-12-16T13:45:16.4714727Z Adding repository directory to the temporary git global config as a safe directory
2025-12-16T13:45:16.4726787Z [command]/usr/bin/git config --global --add safe.directory /home/runner/work/ZKS-Tunnel-VPN/ZKS-Tunnel-VPN
2025-12-16T13:45:16.4772586Z Deleting the contents of '/home/runner/work/ZKS-Tunnel-VPN/ZKS-Tunnel-VPN'
2025-12-16T13:45:16.4777099Z ##[group]Initializing the repository
2025-12-16T13:45:16.4783129Z [command]/usr/bin/git init /home/runner/work/ZKS-Tunnel-VPN/ZKS-Tunnel-VPN
2025-12-16T13:45:16.4907305Z hint: Using 'master' as the name for the initial branch. This default branch name
2025-12-16T13:45:16.4908358Z hint: will change to "main" in Git 3.0. To configure the initial branch name
2025-12-16T13:45:16.4909662Z hint: to use in all of your new repositories, which will suppress this warning,
2025-12-16T13:45:16.4910894Z hint: call:
2025-12-16T13:45:16.4911524Z hint:
2025-12-16T13:45:16.4912321Z hint: 	git config --global init.defaultBranch <name>
2025-12-16T13:45:16.4913275Z hint:
2025-12-16T13:45:16.4914149Z hint: Names commonly chosen instead of 'master' are 'main', 'trunk' and
2025-12-16T13:45:16.4915444Z hint: 'development'. The just-created branch can be renamed via this command:
2025-12-16T13:45:16.4916137Z hint:
2025-12-16T13:45:16.4916510Z hint: 	git branch -m <name>
2025-12-16T13:45:16.4916957Z hint:
2025-12-16T13:45:16.4917529Z hint: Disable this message with "git config set advice.defaultBranchName false"
2025-12-16T13:45:16.4918584Z Initialized empty Git repository in /home/runner/work/ZKS-Tunnel-VPN/ZKS-Tunnel-VPN/.git/
2025-12-16T13:45:16.4929213Z [command]/usr/bin/git remote add origin https://github.com/cswasif/ZKS-Tunnel-VPN
2025-12-16T13:45:16.4969014Z ##[endgroup]
2025-12-16T13:45:16.4969898Z ##[group]Disabling automatic garbage collection
2025-12-16T13:45:16.4974825Z [command]/usr/bin/git config --local gc.auto 0
2025-12-16T13:45:16.5007945Z ##[endgroup]
2025-12-16T13:45:16.5018668Z ##[group]Setting up auth
2025-12-16T13:45:16.5019419Z [command]/usr/bin/git config --local --name-only --get-regexp core\.sshCommand
2025-12-16T13:45:16.5056571Z [command]/usr/bin/git submodule foreach --recursive sh -c "git config --local --name-only --get-regexp 'core\.sshCommand' && git config --local --unset-all 'core.sshCommand' || :"
2025-12-16T13:45:16.5448202Z [command]/usr/bin/git config --local --name-only --get-regexp http\.https\:\/\/github\.com\/\.extraheader
2025-12-16T13:45:16.5477169Z [command]/usr/bin/git submodule foreach --recursive sh -c "git config --local --name-only --get-regexp 'http\.https\:\/\/github\.com\/\.extraheader' && git config --local --unset-all 'http.https://github.com/.extraheader' || :"
2025-12-16T13:45:16.5691578Z [command]/usr/bin/git config --local --name-only --get-regexp ^includeIf\.gitdir:
2025-12-16T13:45:16.5719965Z [command]/usr/bin/git submodule foreach --recursive git config --local --show-origin --name-only --get-regexp remote.origin.url
2025-12-16T13:45:16.5950076Z [command]/usr/bin/git config --local http.https://github.com/.extraheader AUTHORIZATION: basic ***
2025-12-16T13:45:16.5983894Z ##[endgroup]
2025-12-16T13:45:16.5985042Z ##[group]Fetching the repository
2025-12-16T13:45:16.5992422Z [command]/usr/bin/git -c protocol.version=2 fetch --no-tags --prune --no-recurse-submodules --depth=1 origin +07e5b94c516c63d1da59149cb4db8a89630bdd19:refs/remotes/origin/master
2025-12-16T13:45:16.9835565Z From https://github.com/cswasif/ZKS-Tunnel-VPN
2025-12-16T13:45:16.9836950Z  * [new ref]         07e5b94c516c63d1da59149cb4db8a89630bdd19 -> origin/master
2025-12-16T13:45:16.9866842Z ##[endgroup]
2025-12-16T13:45:16.9867554Z ##[group]Determining the checkout info
2025-12-16T13:45:16.9869883Z ##[endgroup]
2025-12-16T13:45:16.9876456Z [command]/usr/bin/git sparse-checkout disable
2025-12-16T13:45:16.9918015Z [command]/usr/bin/git config --local --unset-all extensions.worktreeConfig
2025-12-16T13:45:16.9943193Z ##[group]Checking out the ref
2025-12-16T13:45:16.9947686Z [command]/usr/bin/git checkout --progress --force -B master refs/remotes/origin/master
2025-12-16T13:45:17.0014014Z Reset branch 'master'
2025-12-16T13:45:17.0017169Z branch 'master' set up to track 'origin/master'.
2025-12-16T13:45:17.0023293Z ##[endgroup]
2025-12-16T13:45:17.0057492Z [command]/usr/bin/git log -1 --format=%H
2025-12-16T13:45:17.0079997Z 07e5b94c516c63d1da59149cb4db8a89630bdd19
2025-12-16T13:45:17.0389411Z ##[group]Run dtolnay/rust-toolchain@stable
2025-12-16T13:45:17.0389977Z with:
2025-12-16T13:45:17.0390535Z   targets: x86_64-unknown-linux-gnu
2025-12-16T13:45:17.0390996Z   toolchain: stable
2025-12-16T13:45:17.0391360Z env:
2025-12-16T13:45:17.0391698Z   CARGO_TERM_COLOR: always
2025-12-16T13:45:17.0392109Z ##[endgroup]
2025-12-16T13:45:17.0501723Z ##[group]Run : parse toolchain version
2025-12-16T13:45:17.0502347Z [36;1m: parse toolchain version[0m
2025-12-16T13:45:17.0502872Z [36;1mif [[ -z $toolchain ]]; then[0m
2025-12-16T13:45:17.0503739Z [36;1m  # GitHub does not enforce `required: true` inputs itself. https://github.com/actions/runner/issues/1070[0m
2025-12-16T13:45:17.0504838Z [36;1m  echo "'toolchain' is a required input" >&2[0m
2025-12-16T13:45:17.0505371Z [36;1m  exit 1[0m
2025-12-16T13:45:17.0505942Z [36;1melif [[ $toolchain =~ ^stable' '[0-9]+' '(year|month|week|day)s?' 'ago$ ]]; then[0m
2025-12-16T13:45:17.0506700Z [36;1m  if [[ Linux == macOS ]]; then[0m
2025-12-16T13:45:17.0507544Z [36;1m    echo "toolchain=1.$((($(date -v-$(sed 's/stable \([0-9]*\) \(.\).*/\1\2/' <<< $toolchain) +%s)/60/60/24-16569)/7/6))" >> $GITHUB_OUTPUT[0m
2025-12-16T13:45:17.0508376Z [36;1m  else[0m
2025-12-16T13:45:17.0509092Z [36;1m    echo "toolchain=1.$((($(date --date "${toolchain#stable }" +%s)/60/60/24-16569)/7/6))" >> $GITHUB_OUTPUT[0m
2025-12-16T13:45:17.0509853Z [36;1m  fi[0m
2025-12-16T13:45:17.0510373Z [36;1melif [[ $toolchain =~ ^stable' 'minus' '[0-9]+' 'releases?$ ]]; then[0m
2025-12-16T13:45:17.0511247Z [36;1m  echo "toolchain=1.$((($(date +%s)/60/60/24-16569)/7/6-${toolchain//[^0-9]/}))" >> $GITHUB_OUTPUT[0m
2025-12-16T13:45:17.0512027Z [36;1melif [[ $toolchain =~ ^1\.[0-9]+$ ]]; then[0m
2025-12-16T13:45:17.0512882Z [36;1m  echo "toolchain=1.$((i=${toolchain#1.}, c=($(date +%s)/60/60/24-16569)/7/6, i+9*i*(10*i<=c)+90*i*(100*i<=c)))" >> $GITHUB_OUTPUT[0m
2025-12-16T13:45:17.0513682Z [36;1melse[0m
2025-12-16T13:45:17.0514125Z [36;1m  echo "toolchain=$toolchain" >> $GITHUB_OUTPUT[0m
2025-12-16T13:45:17.0514823Z [36;1mfi[0m
2025-12-16T13:45:17.0551415Z shell: /usr/bin/bash --noprofile --norc -e -o pipefail {0}
2025-12-16T13:45:17.0552073Z env:
2025-12-16T13:45:17.0552425Z   CARGO_TERM_COLOR: always
2025-12-16T13:45:17.0552856Z   toolchain: stable
2025-12-16T13:45:17.0553223Z ##[endgroup]
2025-12-16T13:45:17.0766913Z ##[group]Run : construct rustup command line
2025-12-16T13:45:17.0767511Z [36;1m: construct rustup command line[0m
2025-12-16T13:45:17.0768275Z [36;1mecho "targets=$(for t in ${targets//,/ }; do echo -n ' --target' $t; done)" >> $GITHUB_OUTPUT[0m
2025-12-16T13:45:17.0769329Z [36;1mecho "components=$(for c in ${components//,/ }; do echo -n ' --component' $c; done)" >> $GITHUB_OUTPUT[0m
2025-12-16T13:45:17.0770153Z [36;1mecho "downgrade=" >> $GITHUB_OUTPUT[0m
2025-12-16T13:45:17.0802866Z shell: /usr/bin/bash --noprofile --norc -e -o pipefail {0}
2025-12-16T13:45:17.0803466Z env:
2025-12-16T13:45:17.0803833Z   CARGO_TERM_COLOR: always
2025-12-16T13:45:17.0804275Z   targets: x86_64-unknown-linux-gnu
2025-12-16T13:45:17.0804993Z   components: 
2025-12-16T13:45:17.0805359Z ##[endgroup]
2025-12-16T13:45:17.0895233Z ##[group]Run : set $CARGO_HOME
2025-12-16T13:45:17.0895705Z [36;1m: set $CARGO_HOME[0m
2025-12-16T13:45:17.0896289Z [36;1mecho CARGO_HOME=${CARGO_HOME:-"$HOME/.cargo"} >> $GITHUB_ENV[0m
2025-12-16T13:45:17.0926445Z shell: /usr/bin/bash --noprofile --norc -e -o pipefail {0}
2025-12-16T13:45:17.0927035Z env:
2025-12-16T13:45:17.0927386Z   CARGO_TERM_COLOR: always
2025-12-16T13:45:17.0927801Z ##[endgroup]
2025-12-16T13:45:17.1013064Z ##[group]Run : install rustup if needed
2025-12-16T13:45:17.1013610Z [36;1m: install rustup if needed[0m
2025-12-16T13:45:17.1014141Z [36;1mif ! command -v rustup &>/dev/null; then[0m
2025-12-16T13:45:17.1015624Z [36;1m  curl --proto '=https' --tlsv1.2 --retry 10 --retry-connrefused --location --silent --show-error --fail https://sh.rustup.rs | sh -s -- --default-toolchain none -y[0m
2025-12-16T13:45:17.1016990Z [36;1m  echo "$CARGO_HOME/bin" >> $GITHUB_PATH[0m
2025-12-16T13:45:17.1017520Z [36;1mfi[0m
2025-12-16T13:45:17.1047882Z shell: /usr/bin/bash --noprofile --norc -e -o pipefail {0}
2025-12-16T13:45:17.1048472Z env:
2025-12-16T13:45:17.1048827Z   CARGO_TERM_COLOR: always
2025-12-16T13:45:17.1049269Z   CARGO_HOME: /home/runner/.cargo
2025-12-16T13:45:17.1049725Z ##[endgroup]
2025-12-16T13:45:17.1135279Z ##[group]Run rustup toolchain install stable --target x86_64-unknown-linux-gnu --profile minimal --no-self-update
2025-12-16T13:45:17.1136631Z [36;1mrustup toolchain install stable --target x86_64-unknown-linux-gnu --profile minimal --no-self-update[0m
2025-12-16T13:45:17.1167272Z shell: /usr/bin/bash --noprofile --norc -e -o pipefail {0}
2025-12-16T13:45:17.1167945Z env:
2025-12-16T13:45:17.1168302Z   CARGO_TERM_COLOR: always
2025-12-16T13:45:17.1168749Z   CARGO_HOME: /home/runner/.cargo
2025-12-16T13:45:17.1169199Z ##[endgroup]
2025-12-16T13:45:17.3885534Z info: syncing channel updates for 'stable-x86_64-unknown-linux-gnu'
2025-12-16T13:45:17.4552734Z info: latest update on 2025-12-11, rust version 1.92.0 (ded5c06cf 2025-12-08)
2025-12-16T13:45:17.4913289Z info: downloading component 'rust-std'
2025-12-16T13:45:17.5923002Z info: downloading component 'clippy'
2025-12-16T13:45:17.6164303Z info: downloading component 'rustfmt'
2025-12-16T13:45:17.6334133Z info: downloading component 'cargo'
2025-12-16T13:45:17.6752332Z info: downloading component 'rustc'
2025-12-16T13:45:17.9435914Z info: removing previous version of component 'clippy'
2025-12-16T13:45:17.9456339Z info: removing previous version of component 'rustfmt'
2025-12-16T13:45:17.9559943Z info: removing previous version of component 'cargo'
2025-12-16T13:45:17.9617165Z info: removing previous version of component 'rust-std'
2025-12-16T13:45:17.9678994Z info: removing previous version of component 'rustc'
2025-12-16T13:45:17.9832626Z info: installing component 'rust-std'
2025-12-16T13:45:19.8967918Z info: installing component 'clippy'
2025-12-16T13:45:20.2872781Z info: installing component 'rustfmt'
2025-12-16T13:45:20.5203275Z info: installing component 'cargo'
2025-12-16T13:45:21.2462093Z info: installing component 'rustc'
2025-12-16T13:45:25.8036030Z 
2025-12-16T13:45:25.8132000Z   stable-x86_64-unknown-linux-gnu updated - rustc 1.92.0 (ded5c06cf 2025-12-08) (from rustc 1.91.1 (ed61e7d7e 2025-11-07))
2025-12-16T13:45:25.8132801Z 
2025-12-16T13:45:25.8191077Z ##[group]Run rustup default stable
2025-12-16T13:45:25.8191400Z [36;1mrustup default stable[0m
2025-12-16T13:45:25.8226366Z shell: /usr/bin/bash --noprofile --norc -e -o pipefail {0}
2025-12-16T13:45:25.8226735Z env:
2025-12-16T13:45:25.8226947Z   CARGO_TERM_COLOR: always
2025-12-16T13:45:25.8227210Z   CARGO_HOME: /home/runner/.cargo
2025-12-16T13:45:25.8227479Z ##[endgroup]
2025-12-16T13:45:25.8331446Z info: using existing install for 'stable-x86_64-unknown-linux-gnu'
2025-12-16T13:45:25.8700272Z info: default toolchain set to 'stable-x86_64-unknown-linux-gnu'
2025-12-16T13:45:25.8700988Z 
2025-12-16T13:45:25.8788537Z   stable-x86_64-unknown-linux-gnu unchanged - rustc 1.92.0 (ded5c06cf 2025-12-08)
2025-12-16T13:45:25.8789030Z 
2025-12-16T13:45:25.8835261Z ##[group]Run : create cachekey
2025-12-16T13:45:25.8835578Z [36;1m: create cachekey[0m
2025-12-16T13:45:25.8836075Z [36;1mDATE=$(rustc +stable --version --verbose | sed -ne 's/^commit-date: \(20[0-9][0-9]\)-\([01][0-9]\)-\([0-3][0-9]\)$/\1\2\3/p')[0m
2025-12-16T13:45:25.8836704Z [36;1mHASH=$(rustc +stable --version --verbose | sed -ne 's/^commit-hash: //p')[0m
2025-12-16T13:45:25.8837189Z [36;1mecho "cachekey=$(echo $DATE$HASH | head -c12)" >> $GITHUB_OUTPUT[0m
2025-12-16T13:45:25.8871193Z shell: /usr/bin/bash --noprofile --norc -e -o pipefail {0}
2025-12-16T13:45:25.8871554Z env:
2025-12-16T13:45:25.8871760Z   CARGO_TERM_COLOR: always
2025-12-16T13:45:25.8872024Z   CARGO_HOME: /home/runner/.cargo
2025-12-16T13:45:25.8872280Z ##[endgroup]
2025-12-16T13:45:25.9258649Z ##[group]Run : disable incremental compilation
2025-12-16T13:45:25.9259317Z [36;1m: disable incremental compilation[0m
2025-12-16T13:45:25.9259676Z [36;1mif [ -z "${CARGO_INCREMENTAL+set}" ]; then[0m
2025-12-16T13:45:25.9260156Z [36;1m  echo CARGO_INCREMENTAL=0 >> $GITHUB_ENV[0m
2025-12-16T13:45:25.9260445Z [36;1mfi[0m
2025-12-16T13:45:25.9294256Z shell: /usr/bin/bash --noprofile --norc -e -o pipefail {0}
2025-12-16T13:45:25.9294835Z env:
2025-12-16T13:45:25.9295046Z   CARGO_TERM_COLOR: always
2025-12-16T13:45:25.9295310Z   CARGO_HOME: /home/runner/.cargo
2025-12-16T13:45:25.9295566Z ##[endgroup]
2025-12-16T13:45:25.9367203Z ##[group]Run : enable colors in Cargo output
2025-12-16T13:45:25.9367541Z [36;1m: enable colors in Cargo output[0m
2025-12-16T13:45:25.9367861Z [36;1mif [ -z "${CARGO_TERM_COLOR+set}" ]; then[0m
2025-12-16T13:45:25.9368200Z [36;1m  echo CARGO_TERM_COLOR=always >> $GITHUB_ENV[0m
2025-12-16T13:45:25.9368492Z [36;1mfi[0m
2025-12-16T13:45:25.9400359Z shell: /usr/bin/bash --noprofile --norc -e -o pipefail {0}
2025-12-16T13:45:25.9400719Z env:
2025-12-16T13:45:25.9400927Z   CARGO_TERM_COLOR: always
2025-12-16T13:45:25.9401196Z   CARGO_HOME: /home/runner/.cargo
2025-12-16T13:45:25.9401470Z   CARGO_INCREMENTAL: 0
2025-12-16T13:45:25.9401696Z ##[endgroup]
2025-12-16T13:45:25.9474270Z ##[group]Run : enable Cargo sparse registry
2025-12-16T13:45:25.9474899Z [36;1m: enable Cargo sparse registry[0m
2025-12-16T13:45:25.9475271Z [36;1m# implemented in 1.66, stabilized in 1.68, made default in 1.70[0m
2025-12-16T13:45:25.9475934Z [36;1mif [ -z "${CARGO_REGISTRIES_CRATES_IO_PROTOCOL+set}" -o -f "/home/runner/work/_temp"/.implicit_cargo_registries_crates_io_protocol ]; then[0m
2025-12-16T13:45:25.9476601Z [36;1m  if rustc +stable --version --verbose | grep -q '^release: 1\.6[89]\.'; then[0m
2025-12-16T13:45:25.9477146Z [36;1m    touch "/home/runner/work/_temp"/.implicit_cargo_registries_crates_io_protocol || true[0m
2025-12-16T13:45:25.9477653Z [36;1m    echo CARGO_REGISTRIES_CRATES_IO_PROTOCOL=sparse >> $GITHUB_ENV[0m
2025-12-16T13:45:25.9478159Z [36;1m  elif rustc +stable --version --verbose | grep -q '^release: 1\.6[67]\.'; then[0m
2025-12-16T13:45:25.9478698Z [36;1m    touch "/home/runner/work/_temp"/.implicit_cargo_registries_crates_io_protocol || true[0m
2025-12-16T13:45:25.9479199Z [36;1m    echo CARGO_REGISTRIES_CRATES_IO_PROTOCOL=git >> $GITHUB_ENV[0m
2025-12-16T13:45:25.9479535Z [36;1m  fi[0m
2025-12-16T13:45:25.9479745Z [36;1mfi[0m
2025-12-16T13:45:25.9511399Z shell: /usr/bin/bash --noprofile --norc -e -o pipefail {0}
2025-12-16T13:45:25.9511762Z env:
2025-12-16T13:45:25.9511977Z   CARGO_TERM_COLOR: always
2025-12-16T13:45:25.9512235Z   CARGO_HOME: /home/runner/.cargo
2025-12-16T13:45:25.9512512Z   CARGO_INCREMENTAL: 0
2025-12-16T13:45:25.9512743Z ##[endgroup]
2025-12-16T13:45:25.9872918Z ##[group]Run : work around spurious network errors in curl 8.0
2025-12-16T13:45:25.9873379Z [36;1m: work around spurious network errors in curl 8.0[0m
2025-12-16T13:45:25.9874066Z [36;1m# https://rust-lang.zulipchat.com/#narrow/stream/246057-t-cargo/topic/timeout.20investigation[0m
2025-12-16T13:45:25.9874925Z [36;1mif rustc +stable --version --verbose | grep -q '^release: 1\.7[01]\.'; then[0m
2025-12-16T13:45:25.9875388Z [36;1m  echo CARGO_HTTP_MULTIPLEXING=false >> $GITHUB_ENV[0m
2025-12-16T13:45:25.9875698Z [36;1mfi[0m
2025-12-16T13:45:25.9911243Z shell: /usr/bin/bash --noprofile --norc -e -o pipefail {0}
2025-12-16T13:45:25.9911602Z env:
2025-12-16T13:45:25.9911819Z   CARGO_TERM_COLOR: always
2025-12-16T13:45:25.9912081Z   CARGO_HOME: /home/runner/.cargo
2025-12-16T13:45:25.9912347Z   CARGO_INCREMENTAL: 0
2025-12-16T13:45:25.9912573Z ##[endgroup]
2025-12-16T13:45:26.0129701Z ##[group]Run rustc +stable --version --verbose
2025-12-16T13:45:26.0130056Z [36;1mrustc +stable --version --verbose[0m
2025-12-16T13:45:26.0163403Z shell: /usr/bin/bash --noprofile --norc -e -o pipefail {0}
2025-12-16T13:45:26.0163763Z env:
2025-12-16T13:45:26.0163980Z   CARGO_TERM_COLOR: always
2025-12-16T13:45:26.0164633Z   CARGO_HOME: /home/runner/.cargo
2025-12-16T13:45:26.0164941Z   CARGO_INCREMENTAL: 0
2025-12-16T13:45:26.0165165Z ##[endgroup]
2025-12-16T13:45:26.0335352Z rustc 1.92.0 (ded5c06cf 2025-12-08)
2025-12-16T13:45:26.0337255Z binary: rustc
2025-12-16T13:45:26.0338041Z commit-hash: ded5c06cf21d2b93bffd5d884aa6e96934ee4234
2025-12-16T13:45:26.0338754Z commit-date: 2025-12-08
2025-12-16T13:45:26.0339165Z host: x86_64-unknown-linux-gnu
2025-12-16T13:45:26.0339492Z release: 1.92.0
2025-12-16T13:45:26.0339817Z LLVM version: 21.1.3
2025-12-16T13:45:26.0481810Z ##[group]Run Swatinem/rust-cache@v2
2025-12-16T13:45:26.0482130Z with:
2025-12-16T13:45:26.0482348Z   prefix-key: v0-rust
2025-12-16T13:45:26.0482594Z   add-job-id-key: true
2025-12-16T13:45:26.0482856Z   add-rust-environment-hash-key: true
2025-12-16T13:45:26.0483134Z   cache-targets: true
2025-12-16T13:45:26.0483371Z   cache-all-crates: false
2025-12-16T13:45:26.0483623Z   cache-workspace-crates: false
2025-12-16T13:45:26.0483885Z   save-if: true
2025-12-16T13:45:26.0484100Z   cache-provider: github
2025-12-16T13:45:26.0484336Z   cache-bin: true
2025-12-16T13:45:26.0484800Z   lookup-only: false
2025-12-16T13:45:26.0485040Z env:
2025-12-16T13:45:26.0485244Z   CARGO_TERM_COLOR: always
2025-12-16T13:45:26.0485493Z   CARGO_HOME: /home/runner/.cargo
2025-12-16T13:45:26.0485759Z   CARGO_INCREMENTAL: 0
2025-12-16T13:45:26.0485979Z ##[endgroup]
2025-12-16T13:45:26.4623204Z ##[group]Cache Configuration
2025-12-16T13:45:26.4623731Z Cache Provider:
2025-12-16T13:45:26.4624117Z     github
2025-12-16T13:45:26.4624784Z Workspaces:
2025-12-16T13:45:26.4625530Z     /home/runner/work/ZKS-Tunnel-VPN/ZKS-Tunnel-VPN
2025-12-16T13:45:26.4626059Z Cache Paths:
2025-12-16T13:45:26.4626430Z     /home/runner/.cargo/bin
2025-12-16T13:45:26.4626860Z     /home/runner/.cargo/.crates.toml
2025-12-16T13:45:26.4627359Z     /home/runner/.cargo/.crates2.json
2025-12-16T13:45:26.4627833Z     /home/runner/.cargo/registry
2025-12-16T13:45:26.4628289Z     /home/runner/.cargo/git
2025-12-16T13:45:26.4628809Z     /home/runner/work/ZKS-Tunnel-VPN/ZKS-Tunnel-VPN/target
2025-12-16T13:45:26.4629345Z Restore Key:
2025-12-16T13:45:26.4629745Z     v0-rust-build-client-Linux-x64-826f3078
2025-12-16T13:45:26.4630240Z Cache Key:
2025-12-16T13:45:26.4630677Z     v0-rust-build-client-Linux-x64-826f3078-be31038b
2025-12-16T13:45:26.4631192Z .. Prefix:
2025-12-16T13:45:26.4631568Z   - v0-rust-build-client-Linux-x64
2025-12-16T13:45:26.4632040Z .. Environment considered:
2025-12-16T13:45:26.4632646Z   - Rust Version: 1.92.0 x86_64-unknown-linux-gnu (ded5c06cf21d2b93bffd5d884aa6e96934ee4234)
2025-12-16T13:45:26.4633265Z   - CARGO_HOME
2025-12-16T13:45:26.4633498Z   - CARGO_INCREMENTAL
2025-12-16T13:45:26.4633744Z   - CARGO_TERM_COLOR
2025-12-16T13:45:26.4633984Z .. Lockfiles considered:
2025-12-16T13:45:26.4634567Z   - /home/runner/work/ZKS-Tunnel-VPN/ZKS-Tunnel-VPN/zks-tunnel-client/Cargo.toml
2025-12-16T13:45:26.4635237Z   - /home/runner/work/ZKS-Tunnel-VPN/ZKS-Tunnel-VPN/zks-tunnel-proto/Cargo.toml
2025-12-16T13:45:26.4635810Z   - /home/runner/work/ZKS-Tunnel-VPN/ZKS-Tunnel-VPN/zks-tunnel-worker/Cargo.toml
2025-12-16T13:45:26.4636441Z ##[endgroup]
2025-12-16T13:45:26.4636582Z 
2025-12-16T13:45:26.4636683Z ... Restoring cache ...
2025-12-16T13:45:26.7647255Z Cache hit for restore-key: v0-rust-build-client-Linux-x64-826f3078-ccfe68ba
2025-12-16T13:45:28.0562826Z Received 0 of 153953232 (0.0%), 0.0 MBs/sec
2025-12-16T13:45:29.1040571Z Received 134217728 of 153953232 (87.2%), 62.5 MBs/sec
2025-12-16T13:45:29.3283586Z Received 153953232 of 153953232 (100.0%), 64.6 MBs/sec
2025-12-16T13:45:29.3284601Z Cache Size: ~147 MB (153953232 B)
2025-12-16T13:45:29.3320358Z [command]/usr/bin/tar -xf /home/runner/work/_temp/2811fe78-e80b-40ce-8321-c3b77104ba8d/cache.tzst -P -C /home/runner/work/ZKS-Tunnel-VPN/ZKS-Tunnel-VPN --use-compress-program unzstd
2025-12-16T13:45:30.1862523Z Cache restored successfully
2025-12-16T13:45:30.2166906Z Restored from cache key "v0-rust-build-client-Linux-x64-826f3078-ccfe68ba" full match: false.
2025-12-16T13:45:30.2327877Z ##[group]Run cargo build --release -p zks-tunnel-client --target x86_64-unknown-linux-gnu
2025-12-16T13:45:30.2328473Z [36;1mcargo build --release -p zks-tunnel-client --target x86_64-unknown-linux-gnu[0m
2025-12-16T13:45:30.2362656Z shell: /usr/bin/bash -e {0}
2025-12-16T13:45:30.2362888Z env:
2025-12-16T13:45:30.2363064Z   CARGO_TERM_COLOR: always
2025-12-16T13:45:30.2363283Z   CARGO_HOME: /home/runner/.cargo
2025-12-16T13:45:30.2363515Z   CARGO_INCREMENTAL: 0
2025-12-16T13:45:30.2363718Z   CACHE_ON_FAILURE: false
2025-12-16T13:45:30.2363912Z ##[endgroup]
2025-12-16T13:45:30.3256471Z [1m[92m    Updating[0m crates.io index
2025-12-16T13:45:30.9811884Z [1m[92m     Locking[0m 301 packages to latest compatible versions
2025-12-16T13:45:31.0085350Z [1m[92m      Adding[0m generic-array v0.14.7 [1m[33m(available: v0.14.9)[0m
2025-12-16T13:45:31.0090573Z [1m[92m      Adding[0m getrandom v0.2.16 [1m[33m(available: v0.3.4)[0m
2025-12-16T13:45:31.0353802Z [1m[92m      Adding[0m reqwest v0.11.27 [1m[33m(available: v0.12.26)[0m
2025-12-16T13:45:31.0634779Z [1m[92m      Adding[0m thiserror v1.0.69 [1m[33m(available: v2.0.17)[0m
2025-12-16T13:45:31.0699468Z [1m[92m      Adding[0m tokio-tungstenite v0.24.0 [1m[33m(available: v0.28.0)[0m
2025-12-16T13:45:31.6711759Z [1m[92m   Compiling[0m futures-sink v0.3.31
2025-12-16T13:45:31.6712487Z [1m[92m   Compiling[0m futures-core v0.3.31
2025-12-16T13:45:31.6751225Z [1m[92m   Compiling[0m futures-io v0.3.31
2025-12-16T13:45:31.6819887Z [1m[92m   Compiling[0m zks-tunnel-proto v0.1.0 (/home/runner/work/ZKS-Tunnel-VPN/ZKS-Tunnel-VPN/zks-tunnel-proto)
2025-12-16T13:45:31.7325684Z [1m[92m   Compiling[0m futures-channel v0.3.31
2025-12-16T13:45:31.7580445Z [1m[92m   Compiling[0m tokio-util v0.7.17
2025-12-16T13:45:31.8748968Z [1m[92m   Compiling[0m futures-util v0.3.31
2025-12-16T13:45:33.5538425Z [1m[92m   Compiling[0m futures-executor v0.3.31
2025-12-16T13:45:33.5539771Z [1m[92m   Compiling[0m tokio-tungstenite v0.24.0
2025-12-16T13:45:33.6584965Z [1m[92m   Compiling[0m futures v0.3.31
2025-12-16T13:45:33.8230833Z [1m[92m   Compiling[0m zks-tunnel-client v0.1.0 (/home/runner/work/ZKS-Tunnel-VPN/ZKS-Tunnel-VPN/zks-tunnel-client)
2025-12-16T13:45:33.8778510Z [1m[33mwarning[0m[1m: unused import: `std::sync::Arc`[0m
2025-12-16T13:45:33.8779315Z   [1m[94m--> [0mzks-tunnel-client/src/main.rs:18:5
2025-12-16T13:45:33.8779838Z    [1m[94m|[0m
2025-12-16T13:45:33.8780427Z [1m[94m18[0m [1m[94m|[0m use std::sync::Arc;
2025-12-16T13:45:33.8781028Z    [1m[94m|[0m     [1m[33m^^^^^^^^^^^^^^[0m
2025-12-16T13:45:33.8781504Z    [1m[94m|[0m
2025-12-16T13:45:33.8782173Z    [1m[94m= [0m[1mnote[0m: `#[warn(unused_imports)]` (part of `#[warn(unused)]`) on by default
2025-12-16T13:45:33.8782705Z 
2025-12-16T13:45:33.8782977Z [1m[33mwarning[0m[1m: unused import: `warn`[0m
2025-12-16T13:45:33.8783600Z   [1m[94m--> [0mzks-tunnel-client/src/main.rs:20:28
2025-12-16T13:45:33.8784129Z    [1m[94m|[0m
2025-12-16T13:45:33.8784939Z [1m[94m20[0m [1m[94m|[0m use tracing::{info, error, warn, Level};
2025-12-16T13:45:33.8785616Z    [1m[94m|[0m                            [1m[33m^^^^[0m
2025-12-16T13:45:33.8785976Z 
2025-12-16T13:45:33.8786386Z [1m[33mwarning[0m[1m: unused imports: `VpnConfig` and `VpnController`[0m
2025-12-16T13:45:33.8787149Z   [1m[94m--> [0mzks-tunnel-client/src/main.rs:30:11
2025-12-16T13:45:33.8787621Z    [1m[94m|[0m
2025-12-16T13:45:33.8788181Z [1m[94m30[0m [1m[94m|[0m use vpn::{VpnController, VpnConfig};
2025-12-16T13:45:33.8788872Z    [1m[94m|[0m           [1m[33m^^^^^^^^^^^^^[0m  [1m[33m^^^^^^^^^[0m
2025-12-16T13:45:33.8789235Z 
2025-12-16T13:45:33.9869363Z [1m[33mwarning[0m[1m: unreachable expression[0m
2025-12-16T13:45:33.9870130Z    [1m[94m--> [0mzks-tunnel-client/src/main.rs:211:5
2025-12-16T13:45:33.9870693Z     [1m[94m|[0m
2025-12-16T13:45:33.9871845Z [1m[94m162[0m [1m[94m|[0m         return Err("VPN feature not enabled".into());
2025-12-16T13:45:33.9872989Z     [1m[94m|[0m         [1m[94m--------------------------------------------[0m [1m[94many code following this expression is unreachable[0m
2025-12-16T13:45:33.9874060Z [1m[94m...[0m
2025-12-16T13:45:33.9874755Z [1m[94m211[0m [1m[94m|[0m     Ok(())
2025-12-16T13:45:33.9875412Z     [1m[94m|[0m     [1m[33m^^^^^^[0m [1m[33munreachable expression[0m
2025-12-16T13:45:33.9875986Z     [1m[94m|[0m
2025-12-16T13:45:33.9876683Z     [1m[94m= [0m[1mnote[0m: `#[warn(unreachable_code)]` (part of `#[warn(unused)]`) on by default
2025-12-16T13:45:33.9877233Z 
2025-12-16T13:45:34.0098240Z [1m[91merror[E0277][0m[1m: the trait bound `Ipv4Addr: Default` is not satisfied[0m
2025-12-16T13:45:34.0099253Z    [1m[94m--> [0mzks-tunnel-client/src/vpn.rs:563:9
2025-12-16T13:45:34.0099724Z     [1m[94m|[0m
2025-12-16T13:45:34.0100205Z [1m[94m560[0m [1m[94m|[0m     #[derive(Debug, Clone, Default)]
2025-12-16T13:45:34.0100970Z     [1m[94m|[0m                            [1m[94m-------[0m [1m[94min this derive macro expansion[0m
2025-12-16T13:45:34.0101533Z [1m[94m...[0m
2025-12-16T13:45:34.0102263Z [1m[94m563[0m [1m[94m|[0m         pub address: std::net::Ipv4Addr,
2025-12-16T13:45:34.0103023Z     [1m[94m|[0m         [1m[91m^^^^^^^^^^^^^^^^^^^^^^^^^^^^^^^[0m [1m[91mthe trait `Default` is not implemented for `Ipv4Addr`[0m
2025-12-16T13:45:34.0103420Z 
2025-12-16T13:45:34.0105613Z [1m[91merror[E0277][0m[1m: the trait bound `Ipv4Addr: Default` is not satisfied[0m
2025-12-16T13:45:34.0106485Z    [1m[94m--> [0mzks-tunnel-client/src/vpn.rs:564:9
2025-12-16T13:45:34.0107039Z     [1m[94m|[0m
2025-12-16T13:45:34.0107588Z [1m[94m560[0m [1m[94m|[0m     #[derive(Debug, Clone, Default)]
2025-12-16T13:45:34.0108398Z     [1m[94m|[0m                            [1m[94m-------[0m [1m[94min this derive macro expansion[0m
2025-12-16T13:45:34.0109023Z [1m[94m...[0m
2025-12-16T13:45:34.0109740Z [1m[94m564[0m [1m[94m|[0m         pub netmask: std::net::Ipv4Addr,
2025-12-16T13:45:34.0110725Z     [1m[94m|[0m         [1m[91m^^^^^^^^^^^^^^^^^^^^^^^^^^^^^^^[0m [1m[91mthe trait `Default` is not implemented for `Ipv4Addr`[0m
2025-12-16T13:45:34.0111268Z 
2025-12-16T13:45:34.0946748Z [1m[33mwarning[0m[1m: unused variable: `args`[0m
2025-12-16T13:45:34.0947477Z    [1m[94m--> [0mzks-tunnel-client/src/main.rs:156:23
2025-12-16T13:45:34.0948018Z     [1m[94m|[0m
2025-12-16T13:45:34.0948856Z [1m[94m156[0m [1m[94m|[0m async fn run_vpn_mode(args: Args, tunnel: TunnelClient) -> Result<(), BoxError> {
2025-12-16T13:45:34.0950073Z     [1m[94m|[0m                       [1m[33m^^^^[0m [1m[33mhelp: if this is intentional, prefix it with an underscore: `_args`[0m
2025-12-16T13:45:34.0950826Z     [1m[94m|[0m
2025-12-16T13:45:34.0951529Z     [1m[94m= [0m[1mnote[0m: `#[warn(unused_variables)]` (part of `#[warn(unused)]`) on by default
2025-12-16T13:45:34.0952071Z 
2025-12-16T13:45:34.0952408Z [1m[33mwarning[0m[1m: unused variable: `tunnel`[0m
2025-12-16T13:45:34.0953093Z    [1m[94m--> [0mzks-tunnel-client/src/main.rs:156:35
2025-12-16T13:45:34.0953624Z     [1m[94m|[0m
2025-12-16T13:45:34.0954676Z [1m[94m156[0m [1m[94m|[0m async fn run_vpn_mode(args: Args, tunnel: TunnelClient) -> Result<(), BoxError> {
2025-12-16T13:45:34.0955924Z     [1m[94m|[0m                                   [1m[33m^^^^^^[0m [1m[33mhelp: if this is intentional, prefix it with an underscore: `_tunnel`[0m
2025-12-16T13:45:34.0956525Z 
2025-12-16T13:45:34.1066688Z [1mFor more information about this error, try `rustc --explain E0277`.[0m
2025-12-16T13:45:34.1131675Z [1m[33mwarning[0m: `zks-tunnel-client` (bin "zks-vpn") generated 6 warnings
2025-12-16T13:45:34.1132529Z [1m[91merror[0m: could not compile `zks-tunnel-client` (bin "zks-vpn") due to 2 previous errors; 6 warnings emitted
2025-12-16T13:45:34.1699260Z ##[error]Process completed with exit code 101.
2025-12-16T13:45:34.1795149Z Post job cleanup.
2025-12-16T13:45:34.2739481Z [command]/usr/bin/git version
2025-12-16T13:45:34.2774066Z git version 2.52.0
2025-12-16T13:45:34.2815576Z Temporarily overriding HOME='/home/runner/work/_temp/f0514402-d4a3-41b8-bf5c-366f70550d04' before making global git config changes
2025-12-16T13:45:34.2816691Z Adding repository directory to the temporary git global config as a safe directory
2025-12-16T13:45:34.2820926Z [command]/usr/bin/git config --global --add safe.directory /home/runner/work/ZKS-Tunnel-VPN/ZKS-Tunnel-VPN
2025-12-16T13:45:34.2855874Z [command]/usr/bin/git config --local --name-only --get-regexp core\.sshCommand
2025-12-16T13:45:34.2888001Z [command]/usr/bin/git submodule foreach --recursive sh -c "git config --local --name-only --get-regexp 'core\.sshCommand' && git config --local --unset-all 'core.sshCommand' || :"
2025-12-16T13:45:34.3111740Z [command]/usr/bin/git config --local --name-only --get-regexp http\.https\:\/\/github\.com\/\.extraheader
2025-12-16T13:45:34.3131278Z http.https://github.com/.extraheader
2025-12-16T13:45:34.3143156Z [command]/usr/bin/git config --local --unset-all http.https://github.com/.extraheader
2025-12-16T13:45:34.3171984Z [command]/usr/bin/git submodule foreach --recursive sh -c "git config --local --name-only --get-regexp 'http\.https\:\/\/github\.com\/\.extraheader' && git config --local --unset-all 'http.https://github.com/.extraheader' || :"
2025-12-16T13:45:34.3389339Z [command]/usr/bin/git config --local --name-only --get-regexp ^includeIf\.gitdir:
2025-12-16T13:45:34.3418170Z [command]/usr/bin/git submodule foreach --recursive git config --local --show-origin --name-only --get-regexp remote.origin.url
2025-12-16T13:45:34.3737145Z Cleaning up orphan processes
