2025-12-16T13:45:24.7633278Z Current runner version: '2.329.0'
2025-12-16T13:45:24.7656696Z ##[group]Runner Image Provisioner
2025-12-16T13:45:24.7657465Z Hosted Compute Agent
2025-12-16T13:45:24.7657976Z Version: 20251202.455
2025-12-16T13:45:24.7658653Z Commit: 6c10caca4910e198df60de23adf20ad317c474e3
2025-12-16T13:45:24.7659332Z Build Date: 2025-12-02T15:56:59Z
2025-12-16T13:45:24.7659947Z Worker ID: {7fd34b43-d930-4780-a67d-ed1a5c65d947}
2025-12-16T13:45:24.7660701Z ##[endgroup]
2025-12-16T13:45:24.7661190Z ##[group]Operating System
2025-12-16T13:45:24.7661743Z Ubuntu
2025-12-16T13:45:24.7662246Z 24.04.3
2025-12-16T13:45:24.7662713Z LTS
2025-12-16T13:45:24.7663361Z ##[endgroup]
2025-12-16T13:45:24.7663942Z ##[group]Runner Image
2025-12-16T13:45:24.7664501Z Image: ubuntu-24.04
2025-12-16T13:45:24.7664966Z Version: 20251208.163.1
2025-12-16T13:45:24.7666019Z Included Software: https://github.com/actions/runner-images/blob/ubuntu24/20251208.163/images/ubuntu/Ubuntu2404-Readme.md
2025-12-16T13:45:24.7667534Z Image Release: https://github.com/actions/runner-images/releases/tag/ubuntu24%2F20251208.163
2025-12-16T13:45:24.7668548Z ##[endgroup]
2025-12-16T13:45:24.7669584Z ##[group]GITHUB_TOKEN Permissions
2025-12-16T13:45:24.7671583Z Contents: read
2025-12-16T13:45:24.7672241Z Metadata: read
2025-12-16T13:45:24.7672708Z Packages: read
2025-12-16T13:45:24.7673521Z ##[endgroup]
2025-12-16T13:45:24.7676095Z Secret source: Actions
2025-12-16T13:45:24.7677127Z Prepare workflow directory
2025-12-16T13:45:24.8059554Z Prepare all required actions
2025-12-16T13:45:24.8097509Z Getting action download info
2025-12-16T13:45:25.2174001Z Download action repository 'actions/checkout@v4' (SHA:34e114876b0b11c390a56381ad16ebd13914f8d5)
2025-12-16T13:45:25.3287782Z Download action repository 'dtolnay/rust-toolchain@stable' (SHA:6d9817901c499d6b02debbb57edb38d33daa680b)
2025-12-16T13:45:25.6451798Z Download action repository 'Swatinem/rust-cache@v2' (SHA:779680da715d629ac1d338a641029a2f4372abb5)
2025-12-16T13:45:26.2672405Z Complete job name: Test
2025-12-16T13:45:26.3339835Z ##[group]Run actions/checkout@v4
2025-12-16T13:45:26.3340662Z with:
2025-12-16T13:45:26.3341078Z   repository: cswasif/ZKS-Tunnel-VPN
2025-12-16T13:45:26.3341762Z   token: ***
2025-12-16T13:45:26.3342139Z   ssh-strict: true
2025-12-16T13:45:26.3342537Z   ssh-user: git
2025-12-16T13:45:26.3343193Z   persist-credentials: true
2025-12-16T13:45:26.3343655Z   clean: true
2025-12-16T13:45:26.3344066Z   sparse-checkout-cone-mode: true
2025-12-16T13:45:26.3344544Z   fetch-depth: 1
2025-12-16T13:45:26.3344939Z   fetch-tags: false
2025-12-16T13:45:26.3345339Z   show-progress: true
2025-12-16T13:45:26.3345747Z   lfs: false
2025-12-16T13:45:26.3346111Z   submodules: false
2025-12-16T13:45:26.3346520Z   set-safe-directory: true
2025-12-16T13:45:26.3347191Z env:
2025-12-16T13:45:26.3347581Z   CARGO_TERM_COLOR: always
2025-12-16T13:45:26.3348020Z ##[endgroup]
2025-12-16T13:45:26.4446097Z Syncing repository: cswasif/ZKS-Tunnel-VPN
2025-12-16T13:45:26.4448170Z ##[group]Getting Git version info
2025-12-16T13:45:26.4449596Z Working directory is '/home/runner/work/ZKS-Tunnel-VPN/ZKS-Tunnel-VPN'
2025-12-16T13:45:26.4451468Z [command]/usr/bin/git version
2025-12-16T13:45:26.4512646Z git version 2.52.0
2025-12-16T13:45:26.4539432Z ##[endgroup]
2025-12-16T13:45:26.4555527Z Temporarily overriding HOME='/home/runner/work/_temp/0ae5d998-e455-40c1-b905-1b53784ea60d' before making global git config changes
2025-12-16T13:45:26.4557972Z Adding repository directory to the temporary git global config as a safe directory
2025-12-16T13:45:26.4569088Z [command]/usr/bin/git config --global --add safe.directory /home/runner/work/ZKS-Tunnel-VPN/ZKS-Tunnel-VPN
2025-12-16T13:45:26.4605925Z Deleting the contents of '/home/runner/work/ZKS-Tunnel-VPN/ZKS-Tunnel-VPN'
2025-12-16T13:45:26.4609696Z ##[group]Initializing the repository
2025-12-16T13:45:26.4614600Z [command]/usr/bin/git init /home/runner/work/ZKS-Tunnel-VPN/ZKS-Tunnel-VPN
2025-12-16T13:45:26.4700566Z hint: Using 'master' as the name for the initial branch. This default branch name
2025-12-16T13:45:26.4702075Z hint: will change to "main" in Git 3.0. To configure the initial branch name
2025-12-16T13:45:26.4704113Z hint: to use in all of your new repositories, which will suppress this warning,
2025-12-16T13:45:26.4704954Z hint: call:
2025-12-16T13:45:26.4705600Z hint:
2025-12-16T13:45:26.4706468Z hint: 	git config --global init.defaultBranch <name>
2025-12-16T13:45:26.4707527Z hint:
2025-12-16T13:45:26.4708540Z hint: Names commonly chosen instead of 'master' are 'main', 'trunk' and
2025-12-16T13:45:26.4710177Z hint: 'development'. The just-created branch can be renamed via this command:
2025-12-16T13:45:26.4711484Z hint:
2025-12-16T13:45:26.4712137Z hint: 	git branch -m <name>
2025-12-16T13:45:26.4713093Z hint:
2025-12-16T13:45:26.4714133Z hint: Disable this message with "git config set advice.defaultBranchName false"
2025-12-16T13:45:26.4716058Z Initialized empty Git repository in /home/runner/work/ZKS-Tunnel-VPN/ZKS-Tunnel-VPN/.git/
2025-12-16T13:45:26.4719036Z [command]/usr/bin/git remote add origin https://github.com/cswasif/ZKS-Tunnel-VPN
2025-12-16T13:45:26.4751727Z ##[endgroup]
2025-12-16T13:45:26.4753126Z ##[group]Disabling automatic garbage collection
2025-12-16T13:45:26.4756794Z [command]/usr/bin/git config --local gc.auto 0
2025-12-16T13:45:26.4784982Z ##[endgroup]
2025-12-16T13:45:26.4786208Z ##[group]Setting up auth
2025-12-16T13:45:26.4792325Z [command]/usr/bin/git config --local --name-only --get-regexp core\.sshCommand
2025-12-16T13:45:26.4822553Z [command]/usr/bin/git submodule foreach --recursive sh -c "git config --local --name-only --get-regexp 'core\.sshCommand' && git config --local --unset-all 'core.sshCommand' || :"
2025-12-16T13:45:26.5136695Z [command]/usr/bin/git config --local --name-only --get-regexp http\.https\:\/\/github\.com\/\.extraheader
2025-12-16T13:45:26.5165432Z [command]/usr/bin/git submodule foreach --recursive sh -c "git config --local --name-only --get-regexp 'http\.https\:\/\/github\.com\/\.extraheader' && git config --local --unset-all 'http.https://github.com/.extraheader' || :"
2025-12-16T13:45:26.5379109Z [command]/usr/bin/git config --local --name-only --get-regexp ^includeIf\.gitdir:
2025-12-16T13:45:26.5407737Z [command]/usr/bin/git submodule foreach --recursive git config --local --show-origin --name-only --get-regexp remote.origin.url
2025-12-16T13:45:26.5631360Z [command]/usr/bin/git config --local http.https://github.com/.extraheader AUTHORIZATION: basic ***
2025-12-16T13:45:26.5664360Z ##[endgroup]
2025-12-16T13:45:26.5665155Z ##[group]Fetching the repository
2025-12-16T13:45:26.5672441Z [command]/usr/bin/git -c protocol.version=2 fetch --no-tags --prune --no-recurse-submodules --depth=1 origin +07e5b94c516c63d1da59149cb4db8a89630bdd19:refs/remotes/origin/master
2025-12-16T13:45:26.8402011Z From https://github.com/cswasif/ZKS-Tunnel-VPN
2025-12-16T13:45:26.8403725Z  * [new ref]         07e5b94c516c63d1da59149cb4db8a89630bdd19 -> origin/master
2025-12-16T13:45:26.8434243Z ##[endgroup]
2025-12-16T13:45:26.8435709Z ##[group]Determining the checkout info
2025-12-16T13:45:26.8437436Z ##[endgroup]
2025-12-16T13:45:26.8441114Z [command]/usr/bin/git sparse-checkout disable
2025-12-16T13:45:26.8480662Z [command]/usr/bin/git config --local --unset-all extensions.worktreeConfig
2025-12-16T13:45:26.8507595Z ##[group]Checking out the ref
2025-12-16T13:45:26.8511469Z [command]/usr/bin/git checkout --progress --force -B master refs/remotes/origin/master
2025-12-16T13:45:26.8576880Z Reset branch 'master'
2025-12-16T13:45:26.8579846Z branch 'master' set up to track 'origin/master'.
2025-12-16T13:45:26.8587918Z ##[endgroup]
2025-12-16T13:45:26.8620571Z [command]/usr/bin/git log -1 --format=%H
2025-12-16T13:45:26.8641881Z 07e5b94c516c63d1da59149cb4db8a89630bdd19
2025-12-16T13:45:26.9126821Z ##[group]Run dtolnay/rust-toolchain@stable
2025-12-16T13:45:26.9128002Z with:
2025-12-16T13:45:26.9128806Z   toolchain: stable
2025-12-16T13:45:26.9129649Z env:
2025-12-16T13:45:26.9130455Z   CARGO_TERM_COLOR: always
2025-12-16T13:45:26.9131399Z ##[endgroup]
2025-12-16T13:45:26.9270414Z ##[group]Run : parse toolchain version
2025-12-16T13:45:26.9271615Z [36;1m: parse toolchain version[0m
2025-12-16T13:45:26.9272680Z [36;1mif [[ -z $toolchain ]]; then[0m
2025-12-16T13:45:26.9274699Z [36;1m  # GitHub does not enforce `required: true` inputs itself. https://github.com/actions/runner/issues/1070[0m
2025-12-16T13:45:26.9276688Z [36;1m  echo "'toolchain' is a required input" >&2[0m
2025-12-16T13:45:26.9277816Z [36;1m  exit 1[0m
2025-12-16T13:45:26.9279040Z [36;1melif [[ $toolchain =~ ^stable' '[0-9]+' '(year|month|week|day)s?' 'ago$ ]]; then[0m
2025-12-16T13:45:26.9280560Z [36;1m  if [[ Linux == macOS ]]; then[0m
2025-12-16T13:45:26.9282433Z [36;1m    echo "toolchain=1.$((($(date -v-$(sed 's/stable \([0-9]*\) \(.\).*/\1\2/' <<< $toolchain) +%s)/60/60/24-16569)/7/6))" >> $GITHUB_OUTPUT[0m
2025-12-16T13:45:26.9284328Z [36;1m  else[0m
2025-12-16T13:45:26.9285793Z [36;1m    echo "toolchain=1.$((($(date --date "${toolchain#stable }" +%s)/60/60/24-16569)/7/6))" >> $GITHUB_OUTPUT[0m
2025-12-16T13:45:26.9287455Z [36;1m  fi[0m
2025-12-16T13:45:26.9288570Z [36;1melif [[ $toolchain =~ ^stable' 'minus' '[0-9]+' 'releases?$ ]]; then[0m
2025-12-16T13:45:26.9290508Z [36;1m  echo "toolchain=1.$((($(date +%s)/60/60/24-16569)/7/6-${toolchain//[^0-9]/}))" >> $GITHUB_OUTPUT[0m
2025-12-16T13:45:26.9292212Z [36;1melif [[ $toolchain =~ ^1\.[0-9]+$ ]]; then[0m
2025-12-16T13:45:26.9294201Z [36;1m  echo "toolchain=1.$((i=${toolchain#1.}, c=($(date +%s)/60/60/24-16569)/7/6, i+9*i*(10*i<=c)+90*i*(100*i<=c)))" >> $GITHUB_OUTPUT[0m
2025-12-16T13:45:26.9295984Z [36;1melse[0m
2025-12-16T13:45:26.9296917Z [36;1m  echo "toolchain=$toolchain" >> $GITHUB_OUTPUT[0m
2025-12-16T13:45:26.9298076Z [36;1mfi[0m
2025-12-16T13:45:26.9337766Z shell: /usr/bin/bash --noprofile --norc -e -o pipefail {0}
2025-12-16T13:45:26.9339049Z env:
2025-12-16T13:45:26.9339783Z   CARGO_TERM_COLOR: always
2025-12-16T13:45:26.9340689Z   toolchain: stable
2025-12-16T13:45:26.9341480Z ##[endgroup]
2025-12-16T13:45:26.9509277Z ##[group]Run : construct rustup command line
2025-12-16T13:45:26.9510456Z [36;1m: construct rustup command line[0m
2025-12-16T13:45:26.9512095Z [36;1mecho "targets=$(for t in ${targets//,/ }; do echo -n ' --target' $t; done)" >> $GITHUB_OUTPUT[0m
2025-12-16T13:45:26.9514620Z [36;1mecho "components=$(for c in ${components//,/ }; do echo -n ' --component' $c; done)" >> $GITHUB_OUTPUT[0m
2025-12-16T13:45:26.9516427Z [36;1mecho "downgrade=" >> $GITHUB_OUTPUT[0m
2025-12-16T13:45:26.9549269Z shell: /usr/bin/bash --noprofile --norc -e -o pipefail {0}
2025-12-16T13:45:26.9550527Z env:
2025-12-16T13:45:26.9551252Z   CARGO_TERM_COLOR: always
2025-12-16T13:45:26.9552133Z   targets: 
2025-12-16T13:45:26.9553067Z   components: 
2025-12-16T13:45:26.9553888Z ##[endgroup]
2025-12-16T13:45:26.9731456Z ##[group]Run : set $CARGO_HOME
2025-12-16T13:45:26.9732461Z [36;1m: set $CARGO_HOME[0m
2025-12-16T13:45:26.9733958Z [36;1mecho CARGO_HOME=${CARGO_HOME:-"$HOME/.cargo"} >> $GITHUB_ENV[0m
2025-12-16T13:45:26.9767050Z shell: /usr/bin/bash --noprofile --norc -e -o pipefail {0}
2025-12-16T13:45:26.9768323Z env:
2025-12-16T13:45:26.9769061Z   CARGO_TERM_COLOR: always
2025-12-16T13:45:26.9769961Z ##[endgroup]
2025-12-16T13:45:26.9941485Z ##[group]Run : install rustup if needed
2025-12-16T13:45:26.9942598Z [36;1m: install rustup if needed[0m
2025-12-16T13:45:26.9944002Z [36;1mif ! command -v rustup &>/dev/null; then[0m
2025-12-16T13:45:26.9946626Z [36;1m  curl --proto '=https' --tlsv1.2 --retry 10 --retry-connrefused --location --silent --show-error --fail https://sh.rustup.rs | sh -s -- --default-toolchain none -y[0m
2025-12-16T13:45:26.9949143Z [36;1m  echo "$CARGO_HOME/bin" >> $GITHUB_PATH[0m
2025-12-16T13:45:26.9950436Z [36;1mfi[0m
2025-12-16T13:45:26.9985923Z shell: /usr/bin/bash --noprofile --norc -e -o pipefail {0}
2025-12-16T13:45:26.9987163Z env:
2025-12-16T13:45:26.9987871Z   CARGO_TERM_COLOR: always
2025-12-16T13:45:26.9988805Z   CARGO_HOME: /home/runner/.cargo
2025-12-16T13:45:26.9989747Z ##[endgroup]
2025-12-16T13:45:27.0107612Z ##[group]Run rustup toolchain install stable --profile minimal --no-self-update
2025-12-16T13:45:27.0109611Z [36;1mrustup toolchain install stable --profile minimal --no-self-update[0m
2025-12-16T13:45:27.0145070Z shell: /usr/bin/bash --noprofile --norc -e -o pipefail {0}
2025-12-16T13:45:27.0146298Z env:
2025-12-16T13:45:27.0147029Z   CARGO_TERM_COLOR: always
2025-12-16T13:45:27.0147956Z   CARGO_HOME: /home/runner/.cargo
2025-12-16T13:45:27.0148903Z ##[endgroup]
2025-12-16T13:45:27.2509987Z info: syncing channel updates for 'stable-x86_64-unknown-linux-gnu'
2025-12-16T13:45:27.4399358Z info: latest update on 2025-12-11, rust version 1.92.0 (ded5c06cf 2025-12-08)
2025-12-16T13:45:27.4722423Z info: downloading component 'clippy'
2025-12-16T13:45:27.6232319Z info: downloading component 'rustfmt'
2025-12-16T13:45:27.7257686Z info: downloading component 'cargo'
2025-12-16T13:45:27.9131135Z info: downloading component 'rust-std'
2025-12-16T13:45:28.3260798Z info: downloading component 'rustc'
2025-12-16T13:45:29.0804099Z info: removing previous version of component 'clippy'
2025-12-16T13:45:29.0820538Z info: removing previous version of component 'rustfmt'
2025-12-16T13:45:29.0831649Z info: removing previous version of component 'cargo'
2025-12-16T13:45:29.0878497Z info: removing previous version of component 'rust-std'
2025-12-16T13:45:29.0908423Z info: removing previous version of component 'rustc'
2025-12-16T13:45:29.0964590Z info: installing component 'clippy'
2025-12-16T13:45:29.4693923Z info: installing component 'rustfmt'
2025-12-16T13:45:29.7018151Z info: installing component 'cargo'
2025-12-16T13:45:30.3921808Z info: installing component 'rust-std'
2025-12-16T13:45:32.2771123Z info: installing component 'rustc'
2025-12-16T13:45:36.8399370Z 
2025-12-16T13:45:36.8499272Z   stable-x86_64-unknown-linux-gnu updated - rustc 1.92.0 (ded5c06cf 2025-12-08) (from rustc 1.91.1 (ed61e7d7e 2025-11-07))
2025-12-16T13:45:36.8500031Z 
2025-12-16T13:45:36.8560659Z ##[group]Run rustup default stable
2025-12-16T13:45:36.8560988Z [36;1mrustup default stable[0m
2025-12-16T13:45:36.8593940Z shell: /usr/bin/bash --noprofile --norc -e -o pipefail {0}
2025-12-16T13:45:36.8594266Z env:
2025-12-16T13:45:36.8594457Z   CARGO_TERM_COLOR: always
2025-12-16T13:45:36.8594684Z   CARGO_HOME: /home/runner/.cargo
2025-12-16T13:45:36.8594916Z ##[endgroup]
2025-12-16T13:45:36.8697030Z info: using existing install for 'stable-x86_64-unknown-linux-gnu'
2025-12-16T13:45:36.9057060Z info: default toolchain set to 'stable-x86_64-unknown-linux-gnu'
2025-12-16T13:45:36.9057542Z 
2025-12-16T13:45:36.9144565Z   stable-x86_64-unknown-linux-gnu unchanged - rustc 1.92.0 (ded5c06cf 2025-12-08)
2025-12-16T13:45:36.9145285Z 
2025-12-16T13:45:36.9191369Z ##[group]Run : create cachekey
2025-12-16T13:45:36.9191653Z [36;1m: create cachekey[0m
2025-12-16T13:45:36.9192113Z [36;1mDATE=$(rustc +stable --version --verbose | sed -ne 's/^commit-date: \(20[0-9][0-9]\)-\([01][0-9]\)-\([0-3][0-9]\)$/\1\2\3/p')[0m
2025-12-16T13:45:36.9192726Z [36;1mHASH=$(rustc +stable --version --verbose | sed -ne 's/^commit-hash: //p')[0m
2025-12-16T13:45:36.9193472Z [36;1mecho "cachekey=$(echo $DATE$HASH | head -c12)" >> $GITHUB_OUTPUT[0m
2025-12-16T13:45:36.9225941Z shell: /usr/bin/bash --noprofile --norc -e -o pipefail {0}
2025-12-16T13:45:36.9226264Z env:
2025-12-16T13:45:36.9226450Z   CARGO_TERM_COLOR: always
2025-12-16T13:45:36.9226705Z   CARGO_HOME: /home/runner/.cargo
2025-12-16T13:45:36.9226947Z ##[endgroup]
2025-12-16T13:45:36.9609779Z ##[group]Run : disable incremental compilation
2025-12-16T13:45:36.9610127Z [36;1m: disable incremental compilation[0m
2025-12-16T13:45:36.9610432Z [36;1mif [ -z "${CARGO_INCREMENTAL+set}" ]; then[0m
2025-12-16T13:45:36.9610990Z [36;1m  echo CARGO_INCREMENTAL=0 >> $GITHUB_ENV[0m
2025-12-16T13:45:36.9611266Z [36;1mfi[0m
2025-12-16T13:45:36.9644475Z shell: /usr/bin/bash --noprofile --norc -e -o pipefail {0}
2025-12-16T13:45:36.9644806Z env:
2025-12-16T13:45:36.9644986Z   CARGO_TERM_COLOR: always
2025-12-16T13:45:36.9645386Z   CARGO_HOME: /home/runner/.cargo
2025-12-16T13:45:36.9645612Z ##[endgroup]
2025-12-16T13:45:36.9713244Z ##[group]Run : enable colors in Cargo output
2025-12-16T13:45:36.9713562Z [36;1m: enable colors in Cargo output[0m
2025-12-16T13:45:36.9713847Z [36;1mif [ -z "${CARGO_TERM_COLOR+set}" ]; then[0m
2025-12-16T13:45:36.9714158Z [36;1m  echo CARGO_TERM_COLOR=always >> $GITHUB_ENV[0m
2025-12-16T13:45:36.9714417Z [36;1mfi[0m
2025-12-16T13:45:36.9744142Z shell: /usr/bin/bash --noprofile --norc -e -o pipefail {0}
2025-12-16T13:45:36.9744465Z env:
2025-12-16T13:45:36.9744644Z   CARGO_TERM_COLOR: always
2025-12-16T13:45:36.9744878Z   CARGO_HOME: /home/runner/.cargo
2025-12-16T13:45:36.9745117Z   CARGO_INCREMENTAL: 0
2025-12-16T13:45:36.9745315Z ##[endgroup]
2025-12-16T13:45:36.9813605Z ##[group]Run : enable Cargo sparse registry
2025-12-16T13:45:36.9813919Z [36;1m: enable Cargo sparse registry[0m
2025-12-16T13:45:36.9814252Z [36;1m# implemented in 1.66, stabilized in 1.68, made default in 1.70[0m
2025-12-16T13:45:36.9814909Z [36;1mif [ -z "${CARGO_REGISTRIES_CRATES_IO_PROTOCOL+set}" -o -f "/home/runner/work/_temp"/.implicit_cargo_registries_crates_io_protocol ]; then[0m
2025-12-16T13:45:36.9815565Z [36;1m  if rustc +stable --version --verbose | grep -q '^release: 1\.6[89]\.'; then[0m
2025-12-16T13:45:36.9816093Z [36;1m    touch "/home/runner/work/_temp"/.implicit_cargo_registries_crates_io_protocol || true[0m
2025-12-16T13:45:36.9816579Z [36;1m    echo CARGO_REGISTRIES_CRATES_IO_PROTOCOL=sparse >> $GITHUB_ENV[0m
2025-12-16T13:45:36.9817022Z [36;1m  elif rustc +stable --version --verbose | grep -q '^release: 1\.6[67]\.'; then[0m
2025-12-16T13:45:36.9817543Z [36;1m    touch "/home/runner/work/_temp"/.implicit_cargo_registries_crates_io_protocol || true[0m
2025-12-16T13:45:36.9818013Z [36;1m    echo CARGO_REGISTRIES_CRATES_IO_PROTOCOL=git >> $GITHUB_ENV[0m
2025-12-16T13:45:36.9818318Z [36;1m  fi[0m
2025-12-16T13:45:36.9818494Z [36;1mfi[0m
2025-12-16T13:45:36.9848267Z shell: /usr/bin/bash --noprofile --norc -e -o pipefail {0}
2025-12-16T13:45:36.9848599Z env:
2025-12-16T13:45:36.9848776Z   CARGO_TERM_COLOR: always
2025-12-16T13:45:36.9849006Z   CARGO_HOME: /home/runner/.cargo
2025-12-16T13:45:36.9849241Z   CARGO_INCREMENTAL: 0
2025-12-16T13:45:36.9849434Z ##[endgroup]
2025-12-16T13:45:37.0208932Z ##[group]Run : work around spurious network errors in curl 8.0
2025-12-16T13:45:37.0209359Z [36;1m: work around spurious network errors in curl 8.0[0m
2025-12-16T13:45:37.0209881Z [36;1m# https://rust-lang.zulipchat.com/#narrow/stream/246057-t-cargo/topic/timeout.20investigation[0m
2025-12-16T13:45:37.0210470Z [36;1mif rustc +stable --version --verbose | grep -q '^release: 1\.7[01]\.'; then[0m
2025-12-16T13:45:37.0210893Z [36;1m  echo CARGO_HTTP_MULTIPLEXING=false >> $GITHUB_ENV[0m
2025-12-16T13:45:37.0211186Z [36;1mfi[0m
2025-12-16T13:45:37.0245041Z shell: /usr/bin/bash --noprofile --norc -e -o pipefail {0}
2025-12-16T13:45:37.0245356Z env:
2025-12-16T13:45:37.0245553Z   CARGO_TERM_COLOR: always
2025-12-16T13:45:37.0245796Z   CARGO_HOME: /home/runner/.cargo
2025-12-16T13:45:37.0246037Z   CARGO_INCREMENTAL: 0
2025-12-16T13:45:37.0246237Z ##[endgroup]
2025-12-16T13:45:37.0467129Z ##[group]Run rustc +stable --version --verbose
2025-12-16T13:45:37.0467476Z [36;1mrustc +stable --version --verbose[0m
2025-12-16T13:45:37.0500282Z shell: /usr/bin/bash --noprofile --norc -e -o pipefail {0}
2025-12-16T13:45:37.0500602Z env:
2025-12-16T13:45:37.0500784Z   CARGO_TERM_COLOR: always
2025-12-16T13:45:37.0501013Z   CARGO_HOME: /home/runner/.cargo
2025-12-16T13:45:37.0501248Z   CARGO_INCREMENTAL: 0
2025-12-16T13:45:37.0501440Z ##[endgroup]
2025-12-16T13:45:37.0674086Z rustc 1.92.0 (ded5c06cf 2025-12-08)
2025-12-16T13:45:37.0674567Z binary: rustc
2025-12-16T13:45:37.0674995Z commit-hash: ded5c06cf21d2b93bffd5d884aa6e96934ee4234
2025-12-16T13:45:37.0675424Z commit-date: 2025-12-08
2025-12-16T13:45:37.0675680Z host: x86_64-unknown-linux-gnu
2025-12-16T13:45:37.0676097Z release: 1.92.0
2025-12-16T13:45:37.0676657Z LLVM version: 21.1.3
2025-12-16T13:45:37.0800435Z ##[group]Run Swatinem/rust-cache@v2
2025-12-16T13:45:37.0800713Z with:
2025-12-16T13:45:37.0800894Z   prefix-key: v0-rust
2025-12-16T13:45:37.0801119Z   add-job-id-key: true
2025-12-16T13:45:37.0801346Z   add-rust-environment-hash-key: true
2025-12-16T13:45:37.0801604Z   cache-targets: true
2025-12-16T13:45:37.0801801Z   cache-all-crates: false
2025-12-16T13:45:37.0802032Z   cache-workspace-crates: false
2025-12-16T13:45:37.0802261Z   save-if: true
2025-12-16T13:45:37.0802454Z   cache-provider: github
2025-12-16T13:45:37.0802657Z   cache-bin: true
2025-12-16T13:45:37.0802837Z   lookup-only: false
2025-12-16T13:45:37.0803243Z env:
2025-12-16T13:45:37.0803415Z   CARGO_TERM_COLOR: always
2025-12-16T13:45:37.0803636Z   CARGO_HOME: /home/runner/.cargo
2025-12-16T13:45:37.0803863Z   CARGO_INCREMENTAL: 0
2025-12-16T13:45:37.0804058Z ##[endgroup]
2025-12-16T13:45:37.5019272Z ##[group]Cache Configuration
2025-12-16T13:45:37.5019769Z Cache Provider:
2025-12-16T13:45:37.5020163Z     github
2025-12-16T13:45:37.5020636Z Workspaces:
2025-12-16T13:45:37.5021082Z     /home/runner/work/ZKS-Tunnel-VPN/ZKS-Tunnel-VPN
2025-12-16T13:45:37.5021597Z Cache Paths:
2025-12-16T13:45:37.5021943Z     /home/runner/.cargo/bin
2025-12-16T13:45:37.5022373Z     /home/runner/.cargo/.crates.toml
2025-12-16T13:45:37.5022844Z     /home/runner/.cargo/.crates2.json
2025-12-16T13:45:37.5023499Z     /home/runner/.cargo/registry
2025-12-16T13:45:37.5023962Z     /home/runner/.cargo/git
2025-12-16T13:45:37.5024449Z     /home/runner/work/ZKS-Tunnel-VPN/ZKS-Tunnel-VPN/target
2025-12-16T13:45:37.5025000Z Restore Key:
2025-12-16T13:45:37.5025362Z     v0-rust-test-Linux-x64-826f3078
2025-12-16T13:45:37.5025790Z Cache Key:
2025-12-16T13:45:37.5026142Z     v0-rust-test-Linux-x64-826f3078-be31038b
2025-12-16T13:45:37.5026575Z .. Prefix:
2025-12-16T13:45:37.5026938Z   - v0-rust-test-Linux-x64
2025-12-16T13:45:37.5027331Z .. Environment considered:
2025-12-16T13:45:37.5028008Z   - Rust Version: 1.92.0 x86_64-unknown-linux-gnu (ded5c06cf21d2b93bffd5d884aa6e96934ee4234)
2025-12-16T13:45:37.5028797Z   - CARGO_HOME
2025-12-16T13:45:37.5029163Z   - CARGO_INCREMENTAL
2025-12-16T13:45:37.5029540Z   - CARGO_TERM_COLOR
2025-12-16T13:45:37.5029924Z .. Lockfiles considered:
2025-12-16T13:45:37.5030575Z   - /home/runner/work/ZKS-Tunnel-VPN/ZKS-Tunnel-VPN/zks-tunnel-client/Cargo.toml
2025-12-16T13:45:37.5031555Z   - /home/runner/work/ZKS-Tunnel-VPN/ZKS-Tunnel-VPN/zks-tunnel-proto/Cargo.toml
2025-12-16T13:45:37.5032602Z   - /home/runner/work/ZKS-Tunnel-VPN/ZKS-Tunnel-VPN/zks-tunnel-worker/Cargo.toml
2025-12-16T13:45:37.5033816Z ##[endgroup]
2025-12-16T13:45:37.5034046Z 
2025-12-16T13:45:37.5034205Z ... Restoring cache ...
2025-12-16T13:45:37.6481980Z Cache hit for: v0-rust-test-Linux-x64-826f3078-be31038b
2025-12-16T13:45:38.7562741Z Received 104460830 of 104460830 (100.0%), 103.3 MBs/sec
2025-12-16T13:45:38.7564485Z Cache Size: ~100 MB (104460830 B)
2025-12-16T13:45:38.7597887Z [command]/usr/bin/tar -xf /home/runner/work/_temp/49dbe93f-e06d-4b18-a966-d7d4a6540d8d/cache.tzst -P -C /home/runner/work/ZKS-Tunnel-VPN/ZKS-Tunnel-VPN --use-compress-program unzstd
2025-12-16T13:45:39.5720650Z Cache restored successfully
2025-12-16T13:45:39.5922322Z Restored from cache key "v0-rust-test-Linux-x64-826f3078-be31038b" full match: true.
2025-12-16T13:45:39.6040396Z ##[group]Run cargo test -p zks-tunnel-proto --verbose
2025-12-16T13:45:39.6040806Z [36;1mcargo test -p zks-tunnel-proto --verbose[0m
2025-12-16T13:45:39.6075089Z shell: /usr/bin/bash -e {0}
2025-12-16T13:45:39.6075341Z env:
2025-12-16T13:45:39.6075540Z   CARGO_TERM_COLOR: always
2025-12-16T13:45:39.6075779Z   CARGO_HOME: /home/runner/.cargo
2025-12-16T13:45:39.6076024Z   CARGO_INCREMENTAL: 0
2025-12-16T13:45:39.6076247Z   CACHE_ON_FAILURE: false
2025-12-16T13:45:39.6076458Z ##[endgroup]
2025-12-16T13:45:39.6869346Z [1m[92m    Updating[0m crates.io index
2025-12-16T13:45:41.2649371Z [1m[92m     Locking[0m 301 packages to latest compatible versions
2025-12-16T13:45:41.2920714Z [1m[92m      Adding[0m generic-array v0.14.7 [1m[33m(available: v0.14.9)[0m
2025-12-16T13:45:41.2925630Z [1m[92m      Adding[0m getrandom v0.2.16 [1m[33m(available: v0.3.4)[0m
2025-12-16T13:45:41.3306781Z [1m[92m      Adding[0m reqwest v0.11.27 [1m[33m(available: v0.12.26)[0m
2025-12-16T13:45:41.3622679Z [1m[92m      Adding[0m thiserror v1.0.69 [1m[33m(available: v2.0.17)[0m
2025-12-16T13:45:41.3722664Z [1m[92m      Adding[0m tokio-tungstenite v0.24.0 [1m[33m(available: v0.28.0)[0m
2025-12-16T13:45:41.5151152Z [1m[92m       Fresh[0m unicode-ident v1.0.22
2025-12-16T13:45:41.5151712Z [1m[92m       Fresh[0m proc-macro2 v1.0.103
2025-12-16T13:45:41.5152489Z [1m[92m       Fresh[0m quote v1.0.42
2025-12-16T13:45:41.5153459Z [1m[92m       Fresh[0m serde_core v1.0.228
2025-12-16T13:45:41.5154074Z [1m[92m       Fresh[0m syn v2.0.111
2025-12-16T13:45:41.5154747Z [1m[92m       Fresh[0m ryu v1.0.20
2025-12-16T13:45:41.5155314Z [1m[92m       Fresh[0m itoa v1.0.15
2025-12-16T13:45:41.5155963Z [1m[92m       Fresh[0m thiserror-impl v1.0.69
2025-12-16T13:45:41.5156539Z [1m[92m       Fresh[0m serde_derive v1.0.228
2025-12-16T13:45:41.5157113Z [1m[92m       Fresh[0m memchr v2.7.6
2025-12-16T13:45:41.5157694Z [1m[92m       Fresh[0m bytes v1.11.0
2025-12-16T13:45:41.5158329Z [1m[92m       Fresh[0m serde_json v1.0.145
2025-12-16T13:45:41.5159035Z [1m[92m       Fresh[0m thiserror v1.0.69
2025-12-16T13:45:41.5159682Z [1m[92m       Fresh[0m serde v1.0.228
2025-12-16T13:45:41.5160668Z [1m[92m   Compiling[0m zks-tunnel-proto v0.1.0 (/home/runner/work/ZKS-Tunnel-VPN/ZKS-Tunnel-VPN/zks-tunnel-proto)
2025-12-16T13:45:41.5168783Z [1m[92m     Running[0m `/home/runner/.rustup/toolchains/stable-x86_64-unknown-linux-gnu/bin/rustc --crate-name zks_tunnel_proto --edition=2021 zks-tunnel-proto/src/lib.rs --error-format=json --json=diagnostic-rendered-ansi,artifacts,future-incompat --crate-type lib --emit=dep-info,metadata,link -C embed-bitcode=no -C debuginfo=2 --check-cfg 'cfg(docsrs,test)' --check-cfg 'cfg(feature, values())' -C metadata=4561b0296cc81dae -C extra-filename=-7839248cdbd44a61 --out-dir /home/runner/work/ZKS-Tunnel-VPN/ZKS-Tunnel-VPN/target/debug/deps -L dependency=/home/runner/work/ZKS-Tunnel-VPN/ZKS-Tunnel-VPN/target/debug/deps --extern bytes=/home/runner/work/ZKS-Tunnel-VPN/ZKS-Tunnel-VPN/target/debug/deps/libbytes-58ca14ebe551896b.rmeta --extern serde=/home/runner/work/ZKS-Tunnel-VPN/ZKS-Tunnel-VPN/target/debug/deps/libserde-b8e3530358e46694.rmeta --extern serde_json=/home/runner/work/ZKS-Tunnel-VPN/ZKS-Tunnel-VPN/target/debug/deps/libserde_json-712f6d4b50e47490.rmeta --extern thiserror=/home/runner/work/ZKS-Tunnel-VPN/ZKS-Tunnel-VPN/target/debug/deps/libthiserror-f0536f3d4dcee198.rmeta`
2025-12-16T13:45:41.5182322Z [1m[92m     Running[0m `/home/runner/.rustup/toolchains/stable-x86_64-unknown-linux-gnu/bin/rustc --crate-name zks_tunnel_proto --edition=2021 zks-tunnel-proto/src/lib.rs --error-format=json --json=diagnostic-rendered-ansi,artifacts,future-incompat --emit=dep-info,link -C embed-bitcode=no -C debuginfo=2 --test --check-cfg 'cfg(docsrs,test)' --check-cfg 'cfg(feature, values())' -C metadata=5fdebc9170171c89 -C extra-filename=-73aa2bfd8060d8c6 --out-dir /home/runner/work/ZKS-Tunnel-VPN/ZKS-Tunnel-VPN/target/debug/deps -L dependency=/home/runner/work/ZKS-Tunnel-VPN/ZKS-Tunnel-VPN/target/debug/deps --extern bytes=/home/runner/work/ZKS-Tunnel-VPN/ZKS-Tunnel-VPN/target/debug/deps/libbytes-58ca14ebe551896b.rlib --extern serde=/home/runner/work/ZKS-Tunnel-VPN/ZKS-Tunnel-VPN/target/debug/deps/libserde-b8e3530358e46694.rlib --extern serde_json=/home/runner/work/ZKS-Tunnel-VPN/ZKS-Tunnel-VPN/target/debug/deps/libserde_json-712f6d4b50e47490.rlib --extern thiserror=/home/runner/work/ZKS-Tunnel-VPN/ZKS-Tunnel-VPN/target/debug/deps/libthiserror-f0536f3d4dcee198.rlib`
2025-12-16T13:45:41.6681971Z [1m[92m    Finished[0m `test` profile [unoptimized + debuginfo] target(s) in 2.00s
2025-12-16T13:45:41.7107301Z [1m[92m     Running[0m `/home/runner/work/ZKS-Tunnel-VPN/ZKS-Tunnel-VPN/target/debug/deps/zks_tunnel_proto-73aa2bfd8060d8c6`
2025-12-16T13:45:41.7121350Z 
2025-12-16T13:45:41.7121507Z running 2 tests
2025-12-16T13:45:41.7129272Z test message::tests::test_connect_roundtrip ... ok
2025-12-16T13:45:41.7129831Z [1m[92m   Doc-tests[0m zks_tunnel_proto
2025-12-16T13:45:41.7135333Z [1m[92m     Running[0m `/home/runner/.rustup/toolchains/stable-x86_64-unknown-linux-gnu/bin/rustdoc --edition=2021 --crate-type lib --color always --crate-name zks_tunnel_proto --test zks-tunnel-proto/src/lib.rs --test-run-directory /home/runner/work/ZKS-Tunnel-VPN/ZKS-Tunnel-VPN/zks-tunnel-proto -L dependency=/home/runner/work/ZKS-Tunnel-VPN/ZKS-Tunnel-VPN/target/debug/deps -L dependency=/home/runner/work/ZKS-Tunnel-VPN/ZKS-Tunnel-VPN/target/debug/deps --extern bytes=/home/runner/work/ZKS-Tunnel-VPN/ZKS-Tunnel-VPN/target/debug/deps/libbytes-58ca14ebe551896b.rlib --extern serde=/home/runner/work/ZKS-Tunnel-VPN/ZKS-Tunnel-VPN/target/debug/deps/libserde-b8e3530358e46694.rlib --extern serde_json=/home/runner/work/ZKS-Tunnel-VPN/ZKS-Tunnel-VPN/target/debug/deps/libserde_json-712f6d4b50e47490.rlib --extern thiserror=/home/runner/work/ZKS-Tunnel-VPN/ZKS-Tunnel-VPN/target/debug/deps/libthiserror-f0536f3d4dcee198.rlib --extern zks_tunnel_proto=/home/runner/work/ZKS-Tunnel-VPN/ZKS-Tunnel-VPN/target/debug/deps/libzks_tunnel_proto-7839248cdbd44a61.rlib -C embed-bitcode=no --check-cfg 'cfg(docsrs,test)' --check-cfg 'cfg(feature, values())' --error-format human`
2025-12-16T13:45:41.7139702Z test message::tests::test_data_roundtrip ... ok
2025-12-16T13:45:41.7139907Z 
2025-12-16T13:45:41.7140130Z test result: ok. 2 passed; 0 failed; 0 ignored; 0 measured; 0 filtered out; finished in 0.00s
2025-12-16T13:45:41.7140431Z 
2025-12-16T13:45:41.7327169Z 
2025-12-16T13:45:41.7327583Z running 0 tests
2025-12-16T13:45:41.7327832Z 
2025-12-16T13:45:41.7328244Z test result: ok. 0 passed; 0 failed; 0 ignored; 0 measured; 0 filtered out; finished in 0.00s
2025-12-16T13:45:41.7328774Z 
2025-12-16T13:45:41.7481764Z Post job cleanup.
2025-12-16T13:45:42.0000995Z Cache up-to-date.
2025-12-16T13:45:42.0152239Z Post job cleanup.
2025-12-16T13:45:42.1084686Z [command]/usr/bin/git version
2025-12-16T13:45:42.1120417Z git version 2.52.0
2025-12-16T13:45:42.1164324Z Temporarily overriding HOME='/home/runner/work/_temp/3fc986d3-5f08-47db-86d2-4840b286a057' before making global git config changes
2025-12-16T13:45:42.1165621Z Adding repository directory to the temporary git global config as a safe directory
2025-12-16T13:45:42.1170860Z [command]/usr/bin/git config --global --add safe.directory /home/runner/work/ZKS-Tunnel-VPN/ZKS-Tunnel-VPN
2025-12-16T13:45:42.1205997Z [command]/usr/bin/git config --local --name-only --get-regexp core\.sshCommand
2025-12-16T13:45:42.1238011Z [command]/usr/bin/git submodule foreach --recursive sh -c "git config --local --name-only --get-regexp 'core\.sshCommand' && git config --local --unset-all 'core.sshCommand' || :"
2025-12-16T13:45:42.1464219Z [command]/usr/bin/git config --local --name-only --get-regexp http\.https\:\/\/github\.com\/\.extraheader
2025-12-16T13:45:42.1485501Z http.https://github.com/.extraheader
2025-12-16T13:45:42.1498056Z [command]/usr/bin/git config --local --unset-all http.https://github.com/.extraheader
2025-12-16T13:45:42.1528766Z [command]/usr/bin/git submodule foreach --recursive sh -c "git config --local --name-only --get-regexp 'http\.https\:\/\/github\.com\/\.extraheader' && git config --local --unset-all 'http.https://github.com/.extraheader' || :"
2025-12-16T13:45:42.1744921Z [command]/usr/bin/git config --local --name-only --get-regexp ^includeIf\.gitdir:
2025-12-16T13:45:42.1775906Z [command]/usr/bin/git submodule foreach --recursive git config --local --show-origin --name-only --get-regexp remote.origin.url
2025-12-16T13:45:42.2091676Z Cleaning up orphan processes
