2025-12-16T13:45:13.9049881Z Current runner version: '2.329.0'
2025-12-16T13:45:13.9074551Z ##[group]Runner Image Provisioner
2025-12-16T13:45:13.9075342Z Hosted Compute Agent
2025-12-16T13:45:13.9075992Z Version: 20251202.455
2025-12-16T13:45:13.9076760Z Commit: 6c10caca4910e198df60de23adf20ad317c474e3
2025-12-16T13:45:13.9077484Z Build Date: 2025-12-02T15:56:59Z
2025-12-16T13:45:13.9078158Z Worker ID: {7853e796-5799-4d02-ba1d-8efeb097be7c}
2025-12-16T13:45:13.9078910Z ##[endgroup]
2025-12-16T13:45:13.9079395Z ##[group]Operating System
2025-12-16T13:45:13.9080004Z Ubuntu
2025-12-16T13:45:13.9080457Z 24.04.3
2025-12-16T13:45:13.9080919Z LTS
2025-12-16T13:45:13.9081315Z ##[endgroup]
2025-12-16T13:45:13.9081909Z ##[group]Runner Image
2025-12-16T13:45:13.9082447Z Image: ubuntu-24.04
2025-12-16T13:45:13.9082906Z Version: 20251208.163.1
2025-12-16T13:45:13.9084003Z Included Software: https://github.com/actions/runner-images/blob/ubuntu24/20251208.163/images/ubuntu/Ubuntu2404-Readme.md
2025-12-16T13:45:13.9085531Z Image Release: https://github.com/actions/runner-images/releases/tag/ubuntu24%2F20251208.163
2025-12-16T13:45:13.9087009Z ##[endgroup]
2025-12-16T13:45:13.9088117Z ##[group]GITHUB_TOKEN Permissions
2025-12-16T13:45:13.9090366Z Contents: read
2025-12-16T13:45:13.9090933Z Metadata: read
2025-12-16T13:45:13.9091405Z Packages: read
2025-12-16T13:45:13.9092018Z ##[endgroup]
2025-12-16T13:45:13.9094060Z Secret source: Actions
2025-12-16T13:45:13.9095049Z Prepare workflow directory
2025-12-16T13:45:13.9491211Z Prepare all required actions
2025-12-16T13:45:13.9530075Z Getting action download info
2025-12-16T13:45:14.3439779Z Download action repository 'actions/checkout@v4' (SHA:34e114876b0b11c390a56381ad16ebd13914f8d5)
2025-12-16T13:45:14.4312695Z Download action repository 'dtolnay/rust-toolchain@stable' (SHA:6d9817901c499d6b02debbb57edb38d33daa680b)
2025-12-16T13:45:14.6997320Z Download action repository 'Swatinem/rust-cache@v2' (SHA:779680da715d629ac1d338a641029a2f4372abb5)
2025-12-16T13:45:15.2804720Z Complete job name: Check
2025-12-16T13:45:15.3595926Z ##[group]Run actions/checkout@v4
2025-12-16T13:45:15.3597517Z with:
2025-12-16T13:45:15.3598355Z   repository: cswasif/ZKS-Tunnel-VPN
2025-12-16T13:45:15.3599656Z   token: ***
2025-12-16T13:45:15.3600410Z   ssh-strict: true
2025-12-16T13:45:15.3601191Z   ssh-user: git
2025-12-16T13:45:15.3601987Z   persist-credentials: true
2025-12-16T13:45:15.3602962Z   clean: true
2025-12-16T13:45:15.3603790Z   sparse-checkout-cone-mode: true
2025-12-16T13:45:15.3604754Z   fetch-depth: 1
2025-12-16T13:45:15.3605603Z   fetch-tags: false
2025-12-16T13:45:15.3606675Z   show-progress: true
2025-12-16T13:45:15.3607472Z   lfs: false
2025-12-16T13:45:15.3608194Z   submodules: false
2025-12-16T13:45:15.3608975Z   set-safe-directory: true
2025-12-16T13:45:15.3610071Z env:
2025-12-16T13:45:15.3610797Z   CARGO_TERM_COLOR: always
2025-12-16T13:45:15.3611633Z ##[endgroup]
2025-12-16T13:45:15.4724472Z Syncing repository: cswasif/ZKS-Tunnel-VPN
2025-12-16T13:45:15.4727739Z ##[group]Getting Git version info
2025-12-16T13:45:15.4729261Z Working directory is '/home/runner/work/ZKS-Tunnel-VPN/ZKS-Tunnel-VPN'
2025-12-16T13:45:15.4731173Z [command]/usr/bin/git version
2025-12-16T13:45:15.4793891Z git version 2.52.0
2025-12-16T13:45:15.4821562Z ##[endgroup]
2025-12-16T13:45:15.4846221Z Temporarily overriding HOME='/home/runner/work/_temp/5baa8c33-dae1-4bc4-9413-a435c85d165a' before making global git config changes
2025-12-16T13:45:15.4849185Z Adding repository directory to the temporary git global config as a safe directory
2025-12-16T13:45:15.4851967Z [command]/usr/bin/git config --global --add safe.directory /home/runner/work/ZKS-Tunnel-VPN/ZKS-Tunnel-VPN
2025-12-16T13:45:15.4892500Z Deleting the contents of '/home/runner/work/ZKS-Tunnel-VPN/ZKS-Tunnel-VPN'
2025-12-16T13:45:15.4895959Z ##[group]Initializing the repository
2025-12-16T13:45:15.4900840Z [command]/usr/bin/git init /home/runner/work/ZKS-Tunnel-VPN/ZKS-Tunnel-VPN
2025-12-16T13:45:15.4992320Z hint: Using 'master' as the name for the initial branch. This default branch name
2025-12-16T13:45:15.4995724Z hint: will change to "main" in Git 3.0. To configure the initial branch name
2025-12-16T13:45:15.4998059Z hint: to use in all of your new repositories, which will suppress this warning,
2025-12-16T13:45:15.4999396Z hint: call:
2025-12-16T13:45:15.5000064Z hint:
2025-12-16T13:45:15.5001006Z hint: 	git config --global init.defaultBranch <name>
2025-12-16T13:45:15.5002623Z hint:
2025-12-16T13:45:15.5003650Z hint: Names commonly chosen instead of 'master' are 'main', 'trunk' and
2025-12-16T13:45:15.5005510Z hint: 'development'. The just-created branch can be renamed via this command:
2025-12-16T13:45:15.5007243Z hint:
2025-12-16T13:45:15.5008365Z hint: 	git branch -m <name>
2025-12-16T13:45:15.5009208Z hint:
2025-12-16T13:45:15.5010298Z hint: Disable this message with "git config set advice.defaultBranchName false"
2025-12-16T13:45:15.5012316Z Initialized empty Git repository in /home/runner/work/ZKS-Tunnel-VPN/ZKS-Tunnel-VPN/.git/
2025-12-16T13:45:15.5015553Z [command]/usr/bin/git remote add origin https://github.com/cswasif/ZKS-Tunnel-VPN
2025-12-16T13:45:15.5045111Z ##[endgroup]
2025-12-16T13:45:15.5046708Z ##[group]Disabling automatic garbage collection
2025-12-16T13:45:15.5049005Z [command]/usr/bin/git config --local gc.auto 0
2025-12-16T13:45:15.5079499Z ##[endgroup]
2025-12-16T13:45:15.5080745Z ##[group]Setting up auth
2025-12-16T13:45:15.5085834Z [command]/usr/bin/git config --local --name-only --get-regexp core\.sshCommand
2025-12-16T13:45:15.5118510Z [command]/usr/bin/git submodule foreach --recursive sh -c "git config --local --name-only --get-regexp 'core\.sshCommand' && git config --local --unset-all 'core.sshCommand' || :"
2025-12-16T13:45:15.5437992Z [command]/usr/bin/git config --local --name-only --get-regexp http\.https\:\/\/github\.com\/\.extraheader
2025-12-16T13:45:15.5473134Z [command]/usr/bin/git submodule foreach --recursive sh -c "git config --local --name-only --get-regexp 'http\.https\:\/\/github\.com\/\.extraheader' && git config --local --unset-all 'http.https://github.com/.extraheader' || :"
2025-12-16T13:45:15.5697465Z [command]/usr/bin/git config --local --name-only --get-regexp ^includeIf\.gitdir:
2025-12-16T13:45:15.5731548Z [command]/usr/bin/git submodule foreach --recursive git config --local --show-origin --name-only --get-regexp remote.origin.url
2025-12-16T13:45:15.5960794Z [command]/usr/bin/git config --local http.https://github.com/.extraheader AUTHORIZATION: basic ***
2025-12-16T13:45:15.5997270Z ##[endgroup]
2025-12-16T13:45:15.5998665Z ##[group]Fetching the repository
2025-12-16T13:45:15.6006150Z [command]/usr/bin/git -c protocol.version=2 fetch --no-tags --prune --no-recurse-submodules --depth=1 origin +07e5b94c516c63d1da59149cb4db8a89630bdd19:refs/remotes/origin/master
2025-12-16T13:45:15.8376092Z From https://github.com/cswasif/ZKS-Tunnel-VPN
2025-12-16T13:45:15.8379918Z  * [new ref]         07e5b94c516c63d1da59149cb4db8a89630bdd19 -> origin/master
2025-12-16T13:45:15.8411161Z ##[endgroup]
2025-12-16T13:45:15.8413435Z ##[group]Determining the checkout info
2025-12-16T13:45:15.8415901Z ##[endgroup]
2025-12-16T13:45:15.8419741Z [command]/usr/bin/git sparse-checkout disable
2025-12-16T13:45:15.8462784Z [command]/usr/bin/git config --local --unset-all extensions.worktreeConfig
2025-12-16T13:45:15.8490624Z ##[group]Checking out the ref
2025-12-16T13:45:15.8495603Z [command]/usr/bin/git checkout --progress --force -B master refs/remotes/origin/master
2025-12-16T13:45:15.8561032Z Reset branch 'master'
2025-12-16T13:45:15.8563845Z branch 'master' set up to track 'origin/master'.
2025-12-16T13:45:15.8571889Z ##[endgroup]
2025-12-16T13:45:15.8606079Z [command]/usr/bin/git log -1 --format=%H
2025-12-16T13:45:15.8628192Z 07e5b94c516c63d1da59149cb4db8a89630bdd19
2025-12-16T13:45:15.9164287Z ##[group]Run dtolnay/rust-toolchain@stable
2025-12-16T13:45:15.9166081Z with:
2025-12-16T13:45:15.9167513Z   toolchain: stable
2025-12-16T13:45:15.9168783Z env:
2025-12-16T13:45:15.9169943Z   CARGO_TERM_COLOR: always
2025-12-16T13:45:15.9171300Z ##[endgroup]
2025-12-16T13:45:15.9335602Z ##[group]Run : parse toolchain version
2025-12-16T13:45:15.9337032Z [36;1m: parse toolchain version[0m
2025-12-16T13:45:15.9337991Z [36;1mif [[ -z $toolchain ]]; then[0m
2025-12-16T13:45:15.9339655Z [36;1m  # GitHub does not enforce `required: true` inputs itself. https://github.com/actions/runner/issues/1070[0m
2025-12-16T13:45:15.9341406Z [36;1m  echo "'toolchain' is a required input" >&2[0m
2025-12-16T13:45:15.9342433Z [36;1m  exit 1[0m
2025-12-16T13:45:15.9343520Z [36;1melif [[ $toolchain =~ ^stable' '[0-9]+' '(year|month|week|day)s?' 'ago$ ]]; then[0m
2025-12-16T13:45:15.9344842Z [36;1m  if [[ Linux == macOS ]]; then[0m
2025-12-16T13:45:15.9346628Z [36;1m    echo "toolchain=1.$((($(date -v-$(sed 's/stable \([0-9]*\) \(.\).*/\1\2/' <<< $toolchain) +%s)/60/60/24-16569)/7/6))" >> $GITHUB_OUTPUT[0m
2025-12-16T13:45:15.9348233Z [36;1m  else[0m
2025-12-16T13:45:15.9349506Z [36;1m    echo "toolchain=1.$((($(date --date "${toolchain#stable }" +%s)/60/60/24-16569)/7/6))" >> $GITHUB_OUTPUT[0m
2025-12-16T13:45:15.9350995Z [36;1m  fi[0m
2025-12-16T13:45:15.9351992Z [36;1melif [[ $toolchain =~ ^stable' 'minus' '[0-9]+' 'releases?$ ]]; then[0m
2025-12-16T13:45:15.9353686Z [36;1m  echo "toolchain=1.$((($(date +%s)/60/60/24-16569)/7/6-${toolchain//[^0-9]/}))" >> $GITHUB_OUTPUT[0m
2025-12-16T13:45:15.9355206Z [36;1melif [[ $toolchain =~ ^1\.[0-9]+$ ]]; then[0m
2025-12-16T13:45:15.9357099Z [36;1m  echo "toolchain=1.$((i=${toolchain#1.}, c=($(date +%s)/60/60/24-16569)/7/6, i+9*i*(10*i<=c)+90*i*(100*i<=c)))" >> $GITHUB_OUTPUT[0m
2025-12-16T13:45:15.9358676Z [36;1melse[0m
2025-12-16T13:45:15.9359512Z [36;1m  echo "toolchain=$toolchain" >> $GITHUB_OUTPUT[0m
2025-12-16T13:45:15.9360570Z [36;1mfi[0m
2025-12-16T13:45:15.9399932Z shell: /usr/bin/bash --noprofile --norc -e -o pipefail {0}
2025-12-16T13:45:15.9401077Z env:
2025-12-16T13:45:15.9401734Z   CARGO_TERM_COLOR: always
2025-12-16T13:45:15.9402549Z   toolchain: stable
2025-12-16T13:45:15.9403253Z ##[endgroup]
2025-12-16T13:45:15.9625425Z ##[group]Run : construct rustup command line
2025-12-16T13:45:15.9627600Z [36;1m: construct rustup command line[0m
2025-12-16T13:45:15.9629116Z [36;1mecho "targets=$(for t in ${targets//,/ }; do echo -n ' --target' $t; done)" >> $GITHUB_OUTPUT[0m
2025-12-16T13:45:15.9631127Z [36;1mecho "components=$(for c in ${components//,/ }; do echo -n ' --component' $c; done)" >> $GITHUB_OUTPUT[0m
2025-12-16T13:45:15.9632698Z [36;1mecho "downgrade=" >> $GITHUB_OUTPUT[0m
2025-12-16T13:45:15.9667677Z shell: /usr/bin/bash --noprofile --norc -e -o pipefail {0}
2025-12-16T13:45:15.9668799Z env:
2025-12-16T13:45:15.9669456Z   CARGO_TERM_COLOR: always
2025-12-16T13:45:15.9670253Z   targets: 
2025-12-16T13:45:15.9670936Z   components: 
2025-12-16T13:45:15.9671612Z ##[endgroup]
2025-12-16T13:45:15.9869093Z ##[group]Run : set $CARGO_HOME
2025-12-16T13:45:15.9870019Z [36;1m: set $CARGO_HOME[0m
2025-12-16T13:45:15.9871127Z [36;1mecho CARGO_HOME=${CARGO_HOME:-"$HOME/.cargo"} >> $GITHUB_ENV[0m
2025-12-16T13:45:15.9906598Z shell: /usr/bin/bash --noprofile --norc -e -o pipefail {0}
2025-12-16T13:45:15.9907770Z env:
2025-12-16T13:45:15.9908452Z   CARGO_TERM_COLOR: always
2025-12-16T13:45:15.9909272Z ##[endgroup]
2025-12-16T13:45:16.0027551Z ##[group]Run : install rustup if needed
2025-12-16T13:45:16.0028596Z [36;1m: install rustup if needed[0m
2025-12-16T13:45:16.0029637Z [36;1mif ! command -v rustup &>/dev/null; then[0m
2025-12-16T13:45:16.0031980Z [36;1m  curl --proto '=https' --tlsv1.2 --retry 10 --retry-connrefused --location --silent --show-error --fail https://sh.rustup.rs | sh -s -- --default-toolchain none -y[0m
2025-12-16T13:45:16.0034299Z [36;1m  echo "$CARGO_HOME/bin" >> $GITHUB_PATH[0m
2025-12-16T13:45:16.0035476Z [36;1mfi[0m
2025-12-16T13:45:16.0069827Z shell: /usr/bin/bash --noprofile --norc -e -o pipefail {0}
2025-12-16T13:45:16.0070953Z env:
2025-12-16T13:45:16.0071650Z   CARGO_TERM_COLOR: always
2025-12-16T13:45:16.0072512Z   CARGO_HOME: /home/runner/.cargo
2025-12-16T13:45:16.0073400Z ##[endgroup]
2025-12-16T13:45:16.0198561Z ##[group]Run rustup toolchain install stable --profile minimal --no-self-update
2025-12-16T13:45:16.0200332Z [36;1mrustup toolchain install stable --profile minimal --no-self-update[0m
2025-12-16T13:45:16.0235306Z shell: /usr/bin/bash --noprofile --norc -e -o pipefail {0}
2025-12-16T13:45:16.0236686Z env:
2025-12-16T13:45:16.0237398Z   CARGO_TERM_COLOR: always
2025-12-16T13:45:16.0238281Z   CARGO_HOME: /home/runner/.cargo
2025-12-16T13:45:16.0239257Z ##[endgroup]
2025-12-16T13:45:16.2558057Z info: syncing channel updates for 'stable-x86_64-unknown-linux-gnu'
2025-12-16T13:45:16.3264528Z info: latest update on 2025-12-11, rust version 1.92.0 (ded5c06cf 2025-12-08)
2025-12-16T13:45:16.3600406Z info: downloading component 'clippy'
2025-12-16T13:45:16.3856876Z info: downloading component 'rustfmt'
2025-12-16T13:45:16.4031511Z info: downloading component 'cargo'
2025-12-16T13:45:16.4472088Z info: downloading component 'rust-std'
2025-12-16T13:45:16.5250641Z info: downloading component 'rustc'
2025-12-16T13:45:16.7519359Z info: removing previous version of component 'clippy'
2025-12-16T13:45:16.7533389Z info: removing previous version of component 'rustfmt'
2025-12-16T13:45:16.7543412Z info: removing previous version of component 'cargo'
2025-12-16T13:45:16.7585981Z info: removing previous version of component 'rust-std'
2025-12-16T13:45:16.7615130Z info: removing previous version of component 'rustc'
2025-12-16T13:45:16.7664449Z info: installing component 'clippy'
2025-12-16T13:45:17.1878838Z info: installing component 'rustfmt'
2025-12-16T13:45:17.4235655Z info: installing component 'cargo'
2025-12-16T13:45:18.1411818Z info: installing component 'rust-std'
2025-12-16T13:45:20.0400846Z info: installing component 'rustc'
2025-12-16T13:45:24.8781843Z 
2025-12-16T13:45:24.8888399Z   stable-x86_64-unknown-linux-gnu updated - rustc 1.92.0 (ded5c06cf 2025-12-08) (from rustc 1.91.1 (ed61e7d7e 2025-11-07))
2025-12-16T13:45:24.8889183Z 
2025-12-16T13:45:24.8947438Z ##[group]Run rustup default stable
2025-12-16T13:45:24.8947763Z [36;1mrustup default stable[0m
2025-12-16T13:45:24.8982109Z shell: /usr/bin/bash --noprofile --norc -e -o pipefail {0}
2025-12-16T13:45:24.8982444Z env:
2025-12-16T13:45:24.8982634Z   CARGO_TERM_COLOR: always
2025-12-16T13:45:24.8982865Z   CARGO_HOME: /home/runner/.cargo
2025-12-16T13:45:24.8983104Z ##[endgroup]
2025-12-16T13:45:24.9092247Z info: using existing install for 'stable-x86_64-unknown-linux-gnu'
2025-12-16T13:45:24.9469597Z info: default toolchain set to 'stable-x86_64-unknown-linux-gnu'
2025-12-16T13:45:24.9470073Z 
2025-12-16T13:45:24.9564725Z   stable-x86_64-unknown-linux-gnu unchanged - rustc 1.92.0 (ded5c06cf 2025-12-08)
2025-12-16T13:45:24.9565163Z 
2025-12-16T13:45:24.9611370Z ##[group]Run : create cachekey
2025-12-16T13:45:24.9611662Z [36;1m: create cachekey[0m
2025-12-16T13:45:24.9612110Z [36;1mDATE=$(rustc +stable --version --verbose | sed -ne 's/^commit-date: \(20[0-9][0-9]\)-\([01][0-9]\)-\([0-3][0-9]\)$/\1\2\3/p')[0m
2025-12-16T13:45:24.9612703Z [36;1mHASH=$(rustc +stable --version --verbose | sed -ne 's/^commit-hash: //p')[0m
2025-12-16T13:45:24.9613165Z [36;1mecho "cachekey=$(echo $DATE$HASH | head -c12)" >> $GITHUB_OUTPUT[0m
2025-12-16T13:45:24.9647803Z shell: /usr/bin/bash --noprofile --norc -e -o pipefail {0}
2025-12-16T13:45:24.9648143Z env:
2025-12-16T13:45:24.9648341Z   CARGO_TERM_COLOR: always
2025-12-16T13:45:24.9648561Z   CARGO_HOME: /home/runner/.cargo
2025-12-16T13:45:24.9648788Z ##[endgroup]
2025-12-16T13:45:25.0053021Z ##[group]Run : disable incremental compilation
2025-12-16T13:45:25.0053387Z [36;1m: disable incremental compilation[0m
2025-12-16T13:45:25.0053730Z [36;1mif [ -z "${CARGO_INCREMENTAL+set}" ]; then[0m
2025-12-16T13:45:25.0054338Z [36;1m  echo CARGO_INCREMENTAL=0 >> $GITHUB_ENV[0m
2025-12-16T13:45:25.0054618Z [36;1mfi[0m
2025-12-16T13:45:25.0088615Z shell: /usr/bin/bash --noprofile --norc -e -o pipefail {0}
2025-12-16T13:45:25.0088946Z env:
2025-12-16T13:45:25.0089162Z   CARGO_TERM_COLOR: always
2025-12-16T13:45:25.0089569Z   CARGO_HOME: /home/runner/.cargo
2025-12-16T13:45:25.0089798Z ##[endgroup]
2025-12-16T13:45:25.0164338Z ##[group]Run : enable colors in Cargo output
2025-12-16T13:45:25.0164655Z [36;1m: enable colors in Cargo output[0m
2025-12-16T13:45:25.0164945Z [36;1mif [ -z "${CARGO_TERM_COLOR+set}" ]; then[0m
2025-12-16T13:45:25.0165260Z [36;1m  echo CARGO_TERM_COLOR=always >> $GITHUB_ENV[0m
2025-12-16T13:45:25.0165525Z [36;1mfi[0m
2025-12-16T13:45:25.0197883Z shell: /usr/bin/bash --noprofile --norc -e -o pipefail {0}
2025-12-16T13:45:25.0198216Z env:
2025-12-16T13:45:25.0198397Z   CARGO_TERM_COLOR: always
2025-12-16T13:45:25.0198628Z   CARGO_HOME: /home/runner/.cargo
2025-12-16T13:45:25.0198872Z   CARGO_INCREMENTAL: 0
2025-12-16T13:45:25.0199068Z ##[endgroup]
2025-12-16T13:45:25.0273485Z ##[group]Run : enable Cargo sparse registry
2025-12-16T13:45:25.0273821Z [36;1m: enable Cargo sparse registry[0m
2025-12-16T13:45:25.0274179Z [36;1m# implemented in 1.66, stabilized in 1.68, made default in 1.70[0m
2025-12-16T13:45:25.0274861Z [36;1mif [ -z "${CARGO_REGISTRIES_CRATES_IO_PROTOCOL+set}" -o -f "/home/runner/work/_temp"/.implicit_cargo_registries_crates_io_protocol ]; then[0m
2025-12-16T13:45:25.0275519Z [36;1m  if rustc +stable --version --verbose | grep -q '^release: 1\.6[89]\.'; then[0m
2025-12-16T13:45:25.0276047Z [36;1m    touch "/home/runner/work/_temp"/.implicit_cargo_registries_crates_io_protocol || true[0m
2025-12-16T13:45:25.0276776Z [36;1m    echo CARGO_REGISTRIES_CRATES_IO_PROTOCOL=sparse >> $GITHUB_ENV[0m
2025-12-16T13:45:25.0277243Z [36;1m  elif rustc +stable --version --verbose | grep -q '^release: 1\.6[67]\.'; then[0m
2025-12-16T13:45:25.0277783Z [36;1m    touch "/home/runner/work/_temp"/.implicit_cargo_registries_crates_io_protocol || true[0m
2025-12-16T13:45:25.0278275Z [36;1m    echo CARGO_REGISTRIES_CRATES_IO_PROTOCOL=git >> $GITHUB_ENV[0m
2025-12-16T13:45:25.0278596Z [36;1m  fi[0m
2025-12-16T13:45:25.0278771Z [36;1mfi[0m
2025-12-16T13:45:25.0310776Z shell: /usr/bin/bash --noprofile --norc -e -o pipefail {0}
2025-12-16T13:45:25.0311123Z env:
2025-12-16T13:45:25.0311306Z   CARGO_TERM_COLOR: always
2025-12-16T13:45:25.0311541Z   CARGO_HOME: /home/runner/.cargo
2025-12-16T13:45:25.0311775Z   CARGO_INCREMENTAL: 0
2025-12-16T13:45:25.0311976Z ##[endgroup]
2025-12-16T13:45:25.0686985Z ##[group]Run : work around spurious network errors in curl 8.0
2025-12-16T13:45:25.0687432Z [36;1m: work around spurious network errors in curl 8.0[0m
2025-12-16T13:45:25.0687970Z [36;1m# https://rust-lang.zulipchat.com/#narrow/stream/246057-t-cargo/topic/timeout.20investigation[0m
2025-12-16T13:45:25.0688604Z [36;1mif rustc +stable --version --verbose | grep -q '^release: 1\.7[01]\.'; then[0m
2025-12-16T13:45:25.0689035Z [36;1m  echo CARGO_HTTP_MULTIPLEXING=false >> $GITHUB_ENV[0m
2025-12-16T13:45:25.0689340Z [36;1mfi[0m
2025-12-16T13:45:25.0725452Z shell: /usr/bin/bash --noprofile --norc -e -o pipefail {0}
2025-12-16T13:45:25.0725776Z env:
2025-12-16T13:45:25.0725966Z   CARGO_TERM_COLOR: always
2025-12-16T13:45:25.0726220Z   CARGO_HOME: /home/runner/.cargo
2025-12-16T13:45:25.0726592Z   CARGO_INCREMENTAL: 0
2025-12-16T13:45:25.0726807Z ##[endgroup]
2025-12-16T13:45:25.0952427Z ##[group]Run rustc +stable --version --verbose
2025-12-16T13:45:25.0952789Z [36;1mrustc +stable --version --verbose[0m
2025-12-16T13:45:25.0988202Z shell: /usr/bin/bash --noprofile --norc -e -o pipefail {0}
2025-12-16T13:45:25.0988529Z env:
2025-12-16T13:45:25.0988719Z   CARGO_TERM_COLOR: always
2025-12-16T13:45:25.0988943Z   CARGO_HOME: /home/runner/.cargo
2025-12-16T13:45:25.0989182Z   CARGO_INCREMENTAL: 0
2025-12-16T13:45:25.0989374Z ##[endgroup]
2025-12-16T13:45:25.1171363Z rustc 1.92.0 (ded5c06cf 2025-12-08)
2025-12-16T13:45:25.1172001Z binary: rustc
2025-12-16T13:45:25.1172763Z commit-hash: ded5c06cf21d2b93bffd5d884aa6e96934ee4234
2025-12-16T13:45:25.1173134Z commit-date: 2025-12-08
2025-12-16T13:45:25.1173374Z host: x86_64-unknown-linux-gnu
2025-12-16T13:45:25.1173628Z release: 1.92.0
2025-12-16T13:45:25.1174023Z LLVM version: 21.1.3
2025-12-16T13:45:25.1298835Z ##[group]Run Swatinem/rust-cache@v2
2025-12-16T13:45:25.1299127Z with:
2025-12-16T13:45:25.1299318Z   prefix-key: v0-rust
2025-12-16T13:45:25.1299538Z   add-job-id-key: true
2025-12-16T13:45:25.1299761Z   add-rust-environment-hash-key: true
2025-12-16T13:45:25.1300021Z   cache-targets: true
2025-12-16T13:45:25.1300224Z   cache-all-crates: false
2025-12-16T13:45:25.1300451Z   cache-workspace-crates: false
2025-12-16T13:45:25.1300671Z   save-if: true
2025-12-16T13:45:25.1300863Z   cache-provider: github
2025-12-16T13:45:25.1301069Z   cache-bin: true
2025-12-16T13:45:25.1301252Z   lookup-only: false
2025-12-16T13:45:25.1301442Z env:
2025-12-16T13:45:25.1301609Z   CARGO_TERM_COLOR: always
2025-12-16T13:45:25.1301834Z   CARGO_HOME: /home/runner/.cargo
2025-12-16T13:45:25.1302064Z   CARGO_INCREMENTAL: 0
2025-12-16T13:45:25.1302257Z ##[endgroup]
2025-12-16T13:45:25.5530891Z ##[group]Cache Configuration
2025-12-16T13:45:25.5531400Z Cache Provider:
2025-12-16T13:45:25.5531769Z     github
2025-12-16T13:45:25.5532153Z Workspaces:
2025-12-16T13:45:25.5532604Z     /home/runner/work/ZKS-Tunnel-VPN/ZKS-Tunnel-VPN
2025-12-16T13:45:25.5533136Z Cache Paths:
2025-12-16T13:45:25.5533486Z     /home/runner/.cargo/bin
2025-12-16T13:45:25.5533914Z     /home/runner/.cargo/.crates.toml
2025-12-16T13:45:25.5534391Z     /home/runner/.cargo/.crates2.json
2025-12-16T13:45:25.5534882Z     /home/runner/.cargo/registry
2025-12-16T13:45:25.5535328Z     /home/runner/.cargo/git
2025-12-16T13:45:25.5535835Z     /home/runner/work/ZKS-Tunnel-VPN/ZKS-Tunnel-VPN/target
2025-12-16T13:45:25.5536562Z Restore Key:
2025-12-16T13:45:25.5536946Z     v0-rust-check-Linux-x64-826f3078
2025-12-16T13:45:25.5537407Z Cache Key:
2025-12-16T13:45:25.5537788Z     v0-rust-check-Linux-x64-826f3078-be31038b
2025-12-16T13:45:25.5538245Z .. Prefix:
2025-12-16T13:45:25.5538579Z   - v0-rust-check-Linux-x64
2025-12-16T13:45:25.5538991Z .. Environment considered:
2025-12-16T13:45:25.5539683Z   - Rust Version: 1.92.0 x86_64-unknown-linux-gnu (ded5c06cf21d2b93bffd5d884aa6e96934ee4234)
2025-12-16T13:45:25.5540417Z   - CARGO_HOME
2025-12-16T13:45:25.5540788Z   - CARGO_INCREMENTAL
2025-12-16T13:45:25.5541152Z   - CARGO_TERM_COLOR
2025-12-16T13:45:25.5541526Z .. Lockfiles considered:
2025-12-16T13:45:25.5542162Z   - /home/runner/work/ZKS-Tunnel-VPN/ZKS-Tunnel-VPN/zks-tunnel-client/Cargo.toml
2025-12-16T13:45:25.5543103Z   - /home/runner/work/ZKS-Tunnel-VPN/ZKS-Tunnel-VPN/zks-tunnel-proto/Cargo.toml
2025-12-16T13:45:25.5544054Z   - /home/runner/work/ZKS-Tunnel-VPN/ZKS-Tunnel-VPN/zks-tunnel-worker/Cargo.toml
2025-12-16T13:45:25.5545088Z ##[endgroup]
2025-12-16T13:45:25.5545298Z 
2025-12-16T13:45:25.5545452Z ... Restoring cache ...
2025-12-16T13:45:25.7465774Z Cache hit for restore-key: v0-rust-check-Linux-x64-826f3078-ccfe68ba
2025-12-16T13:45:26.8568567Z Received 130023424 of 147670471 (88.0%), 124.0 MBs/sec
2025-12-16T13:45:27.0817398Z Received 147670471 of 147670471 (100.0%), 115.0 MBs/sec
2025-12-16T13:45:27.0818693Z Cache Size: ~141 MB (147670471 B)
2025-12-16T13:45:27.0855832Z [command]/usr/bin/tar -xf /home/runner/work/_temp/78d2d69a-537c-4be0-aeaf-7b1fc21abc33/cache.tzst -P -C /home/runner/work/ZKS-Tunnel-VPN/ZKS-Tunnel-VPN --use-compress-program unzstd
2025-12-16T13:45:27.9462865Z Cache restored successfully
2025-12-16T13:45:27.9765656Z Restored from cache key "v0-rust-check-Linux-x64-826f3078-ccfe68ba" full match: false.
2025-12-16T13:45:27.9921447Z ##[group]Run cargo check -p zks-tunnel-proto
2025-12-16T13:45:27.9921803Z [36;1mcargo check -p zks-tunnel-proto[0m
2025-12-16T13:45:27.9955438Z shell: /usr/bin/bash -e {0}
2025-12-16T13:45:27.9955681Z env:
2025-12-16T13:45:27.9955871Z   CARGO_TERM_COLOR: always
2025-12-16T13:45:27.9956099Z   CARGO_HOME: /home/runner/.cargo
2025-12-16T13:45:27.9956482Z   CARGO_INCREMENTAL: 0
2025-12-16T13:45:27.9956694Z   CACHE_ON_FAILURE: false
2025-12-16T13:45:27.9956902Z ##[endgroup]
2025-12-16T13:45:28.0963187Z [1m[92m    Updating[0m crates.io index
2025-12-16T13:45:29.2078539Z [1m[92m     Locking[0m 301 packages to latest compatible versions
2025-12-16T13:45:29.2397921Z [1m[92m      Adding[0m generic-array v0.14.7 [1m[33m(available: v0.14.9)[0m
2025-12-16T13:45:29.2404086Z [1m[92m      Adding[0m getrandom v0.2.16 [1m[33m(available: v0.3.4)[0m
2025-12-16T13:45:29.2705751Z [1m[92m      Adding[0m reqwest v0.11.27 [1m[33m(available: v0.12.26)[0m
2025-12-16T13:45:29.3007558Z [1m[92m      Adding[0m thiserror v1.0.69 [1m[33m(available: v2.0.17)[0m
2025-12-16T13:45:29.3073441Z [1m[92m      Adding[0m tokio-tungstenite v0.24.0 [1m[33m(available: v0.28.0)[0m
2025-12-16T13:45:29.4434749Z [1m[92m    Checking[0m zks-tunnel-proto v0.1.0 (/home/runner/work/ZKS-Tunnel-VPN/ZKS-Tunnel-VPN/zks-tunnel-proto)
2025-12-16T13:45:29.4983047Z [1m[92m    Finished[0m `dev` profile [unoptimized + debuginfo] target(s) in 1.43s
2025-12-16T13:45:29.5589808Z ##[group]Run cargo check -p zks-tunnel-client
2025-12-16T13:45:29.5590176Z [36;1mcargo check -p zks-tunnel-client[0m
2025-12-16T13:45:29.5622549Z shell: /usr/bin/bash -e {0}
2025-12-16T13:45:29.5622797Z env:
2025-12-16T13:45:29.5622990Z   CARGO_TERM_COLOR: always
2025-12-16T13:45:29.5623214Z   CARGO_HOME: /home/runner/.cargo
2025-12-16T13:45:29.5623458Z   CARGO_INCREMENTAL: 0
2025-12-16T13:45:29.5623665Z   CACHE_ON_FAILURE: false
2025-12-16T13:45:29.5623868Z ##[endgroup]
2025-12-16T13:45:30.1280799Z [1m[92m    Checking[0m futures-core v0.3.31
2025-12-16T13:45:30.1283091Z [1m[92m    Checking[0m futures-sink v0.3.31
2025-12-16T13:45:30.1328325Z [1m[92m    Checking[0m futures-io v0.3.31
2025-12-16T13:45:30.1381105Z [1m[92m    Checking[0m zks-tunnel-proto v0.1.0 (/home/runner/work/ZKS-Tunnel-VPN/ZKS-Tunnel-VPN/zks-tunnel-proto)
2025-12-16T13:45:30.1883686Z [1m[92m    Checking[0m futures-channel v0.3.31
2025-12-16T13:45:30.1952392Z [1m[92m    Checking[0m tokio-util v0.7.17
2025-12-16T13:45:30.3011256Z [1m[92m    Checking[0m futures-util v0.3.31
2025-12-16T13:45:31.9001012Z [1m[92m    Checking[0m futures-executor v0.3.31
2025-12-16T13:45:31.9001785Z [1m[92m    Checking[0m tokio-tungstenite v0.24.0
2025-12-16T13:45:31.9590288Z [1m[92m    Checking[0m futures v0.3.31
2025-12-16T13:45:32.0558482Z [1m[92m    Checking[0m zks-tunnel-client v0.1.0 (/home/runner/work/ZKS-Tunnel-VPN/ZKS-Tunnel-VPN/zks-tunnel-client)
2025-12-16T13:45:32.1101819Z [1m[33mwarning[0m[1m: unused import: `std::sync::Arc`[0m
2025-12-16T13:45:32.1102615Z   [1m[94m--> [0mzks-tunnel-client/src/main.rs:18:5
2025-12-16T13:45:32.1103146Z    [1m[94m|[0m
2025-12-16T13:45:32.1103728Z [1m[94m18[0m [1m[94m|[0m use std::sync::Arc;
2025-12-16T13:45:32.1104355Z    [1m[94m|[0m     [1m[33m^^^^^^^^^^^^^^[0m
2025-12-16T13:45:32.1104839Z    [1m[94m|[0m
2025-12-16T13:45:32.1105514Z    [1m[94m= [0m[1mnote[0m: `#[warn(unused_imports)]` (part of `#[warn(unused)]`) on by default
2025-12-16T13:45:32.1106071Z 
2025-12-16T13:45:32.1106590Z [1m[33mwarning[0m[1m: unused import: `warn`[0m
2025-12-16T13:45:32.1107231Z   [1m[94m--> [0mzks-tunnel-client/src/main.rs:20:28
2025-12-16T13:45:32.1107768Z    [1m[94m|[0m
2025-12-16T13:45:32.1108378Z [1m[94m20[0m [1m[94m|[0m use tracing::{info, error, warn, Level};
2025-12-16T13:45:32.1109064Z    [1m[94m|[0m                            [1m[33m^^^^[0m
2025-12-16T13:45:32.1109379Z 
2025-12-16T13:45:32.1109843Z [1m[33mwarning[0m[1m: unused imports: `VpnConfig` and `VpnController`[0m
2025-12-16T13:45:32.1110605Z   [1m[94m--> [0mzks-tunnel-client/src/main.rs:30:11
2025-12-16T13:45:32.1111119Z    [1m[94m|[0m
2025-12-16T13:45:32.1111711Z [1m[94m30[0m [1m[94m|[0m use vpn::{VpnController, VpnConfig};
2025-12-16T13:45:32.1112350Z    [1m[94m|[0m           [1m[33m^^^^^^^^^^^^^[0m  [1m[33m^^^^^^^^^[0m
2025-12-16T13:45:32.1112682Z 
2025-12-16T13:45:32.2520070Z [1m[33mwarning[0m[1m: unreachable expression[0m
2025-12-16T13:45:32.2520724Z    [1m[94m--> [0mzks-tunnel-client/src/main.rs:211:5
2025-12-16T13:45:32.2521146Z     [1m[94m|[0m
2025-12-16T13:45:32.2521613Z [1m[94m162[0m [1m[94m|[0m         return Err("VPN feature not enabled".into());
2025-12-16T13:45:32.2522825Z     [1m[94m|[0m         [1m[94m--------------------------------------------[0m [1m[94many code following this expression is unreachable[0m
2025-12-16T13:45:32.2523419Z [1m[94m...[0m
2025-12-16T13:45:32.2523747Z [1m[94m211[0m [1m[94m|[0m     Ok(())
2025-12-16T13:45:32.2524243Z     [1m[94m|[0m     [1m[33m^^^^^^[0m [1m[33munreachable expression[0m
2025-12-16T13:45:32.2524679Z     [1m[94m|[0m
2025-12-16T13:45:32.2525234Z     [1m[94m= [0m[1mnote[0m: `#[warn(unreachable_code)]` (part of `#[warn(unused)]`) on by default
2025-12-16T13:45:32.2525663Z 
2025-12-16T13:45:32.2773538Z [1m[91merror[E0277][0m[1m: the trait bound `Ipv4Addr: Default` is not satisfied[0m
2025-12-16T13:45:32.2774720Z    [1m[94m--> [0mzks-tunnel-client/src/vpn.rs:563:9
2025-12-16T13:45:32.2775176Z     [1m[94m|[0m
2025-12-16T13:45:32.2775598Z [1m[94m560[0m [1m[94m|[0m     #[derive(Debug, Clone, Default)]
2025-12-16T13:45:32.2776252Z     [1m[94m|[0m                            [1m[94m-------[0m [1m[94min this derive macro expansion[0m
2025-12-16T13:45:32.2776975Z [1m[94m...[0m
2025-12-16T13:45:32.2777623Z [1m[94m563[0m [1m[94m|[0m         pub address: std::net::Ipv4Addr,
2025-12-16T13:45:32.2778373Z     [1m[94m|[0m         [1m[91m^^^^^^^^^^^^^^^^^^^^^^^^^^^^^^^[0m [1m[91mthe trait `Default` is not implemented for `Ipv4Addr`[0m
2025-12-16T13:45:32.2778790Z 
2025-12-16T13:45:32.2782815Z [1m[91merror[E0277][0m[1m: the trait bound `Ipv4Addr: Default` is not satisfied[0m
2025-12-16T13:45:32.2783510Z    [1m[94m--> [0mzks-tunnel-client/src/vpn.rs:564:9
2025-12-16T13:45:32.2783849Z     [1m[94m|[0m
2025-12-16T13:45:32.2784191Z [1m[94m560[0m [1m[94m|[0m     #[derive(Debug, Clone, Default)]
2025-12-16T13:45:32.2784717Z     [1m[94m|[0m                            [1m[94m-------[0m [1m[94min this derive macro expansion[0m
2025-12-16T13:45:32.2785098Z [1m[94m...[0m
2025-12-16T13:45:32.2785549Z [1m[94m564[0m [1m[94m|[0m         pub netmask: std::net::Ipv4Addr,
2025-12-16T13:45:32.2786124Z     [1m[94m|[0m         [1m[91m^^^^^^^^^^^^^^^^^^^^^^^^^^^^^^^[0m [1m[91mthe trait `Default` is not implemented for `Ipv4Addr`[0m
2025-12-16T13:45:32.2786631Z 
2025-12-16T13:45:32.3668765Z [1m[33mwarning[0m[1m: unused variable: `args`[0m
2025-12-16T13:45:32.3669713Z    [1m[94m--> [0mzks-tunnel-client/src/main.rs:156:23
2025-12-16T13:45:32.3670443Z     [1m[94m|[0m
2025-12-16T13:45:32.3671070Z [1m[94m156[0m [1m[94m|[0m async fn run_vpn_mode(args: Args, tunnel: TunnelClient) -> Result<(), BoxError> {
2025-12-16T13:45:32.3671988Z     [1m[94m|[0m                       [1m[33m^^^^[0m [1m[33mhelp: if this is intentional, prefix it with an underscore: `_args`[0m
2025-12-16T13:45:32.3672563Z     [1m[94m|[0m
2025-12-16T13:45:32.3673080Z     [1m[94m= [0m[1mnote[0m: `#[warn(unused_variables)]` (part of `#[warn(unused)]`) on by default
2025-12-16T13:45:32.3673515Z 
2025-12-16T13:45:32.3673712Z [1m[33mwarning[0m[1m: unused variable: `tunnel`[0m
2025-12-16T13:45:32.3674119Z    [1m[94m--> [0mzks-tunnel-client/src/main.rs:156:35
2025-12-16T13:45:32.3674446Z     [1m[94m|[0m
2025-12-16T13:45:32.3674920Z [1m[94m156[0m [1m[94m|[0m async fn run_vpn_mode(args: Args, tunnel: TunnelClient) -> Result<(), BoxError> {
2025-12-16T13:45:32.3675654Z     [1m[94m|[0m                                   [1m[33m^^^^^^[0m [1m[33mhelp: if this is intentional, prefix it with an underscore: `_tunnel`[0m
2025-12-16T13:45:32.3676022Z 
2025-12-16T13:45:32.3789836Z [1mFor more information about this error, try `rustc --explain E0277`.[0m
2025-12-16T13:45:32.3851753Z [1m[33mwarning[0m: `zks-tunnel-client` (bin "zks-vpn") generated 6 warnings
2025-12-16T13:45:32.3852548Z [1m[91merror[0m: could not compile `zks-tunnel-client` (bin "zks-vpn") due to 2 previous errors; 6 warnings emitted
2025-12-16T13:45:32.3992693Z ##[error]Process completed with exit code 101.
2025-12-16T13:45:32.4072507Z Post job cleanup.
2025-12-16T13:45:32.5058790Z [command]/usr/bin/git version
2025-12-16T13:45:32.5096081Z git version 2.52.0
2025-12-16T13:45:32.5141075Z Temporarily overriding HOME='/home/runner/work/_temp/7116e9bb-f4dd-40be-9267-4d2b8e0e03b1' before making global git config changes
2025-12-16T13:45:32.5142358Z Adding repository directory to the temporary git global config as a safe directory
2025-12-16T13:45:32.5148186Z [command]/usr/bin/git config --global --add safe.directory /home/runner/work/ZKS-Tunnel-VPN/ZKS-Tunnel-VPN
2025-12-16T13:45:32.5193056Z [command]/usr/bin/git config --local --name-only --get-regexp core\.sshCommand
2025-12-16T13:45:32.5227410Z [command]/usr/bin/git submodule foreach --recursive sh -c "git config --local --name-only --get-regexp 'core\.sshCommand' && git config --local --unset-all 'core.sshCommand' || :"
2025-12-16T13:45:32.5467614Z [command]/usr/bin/git config --local --name-only --get-regexp http\.https\:\/\/github\.com\/\.extraheader
2025-12-16T13:45:32.5491983Z http.https://github.com/.extraheader
2025-12-16T13:45:32.5505190Z [command]/usr/bin/git config --local --unset-all http.https://github.com/.extraheader
2025-12-16T13:45:32.5538391Z [command]/usr/bin/git submodule foreach --recursive sh -c "git config --local --name-only --get-regexp 'http\.https\:\/\/github\.com\/\.extraheader' && git config --local --unset-all 'http.https://github.com/.extraheader' || :"
2025-12-16T13:45:32.5769428Z [command]/usr/bin/git config --local --name-only --get-regexp ^includeIf\.gitdir:
2025-12-16T13:45:32.5803129Z [command]/usr/bin/git submodule foreach --recursive git config --local --show-origin --name-only --get-regexp remote.origin.url
2025-12-16T13:45:32.6141320Z Cleaning up orphan processes
