2025-12-16T13:45:26.9126799Z ##[group]Run dtolnay/rust-toolchain@stable
2025-12-16T13:45:26.9127996Z with:
2025-12-16T13:45:26.9128802Z   toolchain: stable
2025-12-16T13:45:26.9129645Z env:
2025-12-16T13:45:26.9130451Z   CARGO_TERM_COLOR: always
2025-12-16T13:45:26.9131395Z ##[endgroup]
2025-12-16T13:45:26.9270389Z ##[group]Run : parse toolchain version
2025-12-16T13:45:26.9271609Z [36;1m: parse toolchain version[0m
2025-12-16T13:45:26.9272675Z [36;1mif [[ -z $toolchain ]]; then[0m
2025-12-16T13:45:26.9274691Z [36;1m  # GitHub does not enforce `required: true` inputs itself. https://github.com/actions/runner/issues/1070[0m
2025-12-16T13:45:26.9276684Z [36;1m  echo "'toolchain' is a required input" >&2[0m
2025-12-16T13:45:26.9277812Z [36;1m  exit 1[0m
2025-12-16T13:45:26.9279034Z [36;1melif [[ $toolchain =~ ^stable' '[0-9]+' '(year|month|week|day)s?' 'ago$ ]]; then[0m
2025-12-16T13:45:26.9280556Z [36;1m  if [[ Linux == macOS ]]; then[0m
2025-12-16T13:45:26.9282378Z [36;1m    echo "toolchain=1.$((($(date -v-$(sed 's/stable \([0-9]*\) \(.\).*/\1\2/' <<< $toolchain) +%s)/60/60/24-16569)/7/6))" >> $GITHUB_OUTPUT[0m
2025-12-16T13:45:26.9284322Z [36;1m  else[0m
2025-12-16T13:45:26.9285787Z [36;1m    echo "toolchain=1.$((($(date --date "${toolchain#stable }" +%s)/60/60/24-16569)/7/6))" >> $GITHUB_OUTPUT[0m
2025-12-16T13:45:26.9287451Z [36;1m  fi[0m
2025-12-16T13:45:26.9288565Z [36;1melif [[ $toolchain =~ ^stable' 'minus' '[0-9]+' 'releases?$ ]]; then[0m
2025-12-16T13:45:26.9290504Z [36;1m  echo "toolchain=1.$((($(date +%s)/60/60/24-16569)/7/6-${toolchain//[^0-9]/}))" >> $GITHUB_OUTPUT[0m
2025-12-16T13:45:26.9292208Z [36;1melif [[ $toolchain =~ ^1\.[0-9]+$ ]]; then[0m
2025-12-16T13:45:26.9294194Z [36;1m  echo "toolchain=1.$((i=${toolchain#1.}, c=($(date +%s)/60/60/24-16569)/7/6, i+9*i*(10*i<=c)+90*i*(100*i<=c)))" >> $GITHUB_OUTPUT[0m
2025-12-16T13:45:26.9295980Z [36;1melse[0m
2025-12-16T13:45:26.9296912Z [36;1m  echo "toolchain=$toolchain" >> $GITHUB_OUTPUT[0m
2025-12-16T13:45:26.9298065Z [36;1mfi[0m
2025-12-16T13:45:26.9337743Z shell: /usr/bin/bash --noprofile --norc -e -o pipefail {0}
2025-12-16T13:45:26.9339043Z env:
2025-12-16T13:45:26.9339778Z   CARGO_TERM_COLOR: always
2025-12-16T13:45:26.9340685Z   toolchain: stable
2025-12-16T13:45:26.9341476Z ##[endgroup]
2025-12-16T13:45:26.9509258Z ##[group]Run : construct rustup command line
2025-12-16T13:45:26.9510452Z [36;1m: construct rustup command line[0m
2025-12-16T13:45:26.9512084Z [36;1mecho "targets=$(for t in ${targets//,/ }; do echo -n ' --target' $t; done)" >> $GITHUB_OUTPUT[0m
2025-12-16T13:45:26.9514611Z [36;1mecho "components=$(for c in ${components//,/ }; do echo -n ' --component' $c; done)" >> $GITHUB_OUTPUT[0m
2025-12-16T13:45:26.9516422Z [36;1mecho "downgrade=" >> $GITHUB_OUTPUT[0m
2025-12-16T13:45:26.9549254Z shell: /usr/bin/bash --noprofile --norc -e -o pipefail {0}
2025-12-16T13:45:26.9550522Z env:
2025-12-16T13:45:26.9551248Z   CARGO_TERM_COLOR: always
2025-12-16T13:45:26.9552129Z   targets: 
2025-12-16T13:45:26.9553037Z   components: 
2025-12-16T13:45:26.9553883Z ##[endgroup]
2025-12-16T13:45:26.9731440Z ##[group]Run : set $CARGO_HOME
2025-12-16T13:45:26.9732456Z [36;1m: set $CARGO_HOME[0m
2025-12-16T13:45:26.9733951Z [36;1mecho CARGO_HOME=${CARGO_HOME:-"$HOME/.cargo"} >> $GITHUB_ENV[0m
2025-12-16T13:45:26.9767036Z shell: /usr/bin/bash --noprofile --norc -e -o pipefail {0}
2025-12-16T13:45:26.9768318Z env:
2025-12-16T13:45:26.9769056Z   CARGO_TERM_COLOR: always
2025-12-16T13:45:26.9769957Z ##[endgroup]
2025-12-16T13:45:26.9941464Z ##[group]Run : install rustup if needed
2025-12-16T13:45:26.9942592Z [36;1m: install rustup if needed[0m
2025-12-16T13:45:26.9943994Z [36;1mif ! command -v rustup &>/dev/null; then[0m
2025-12-16T13:45:26.9946618Z [36;1m  curl --proto '=https' --tlsv1.2 --retry 10 --retry-connrefused --location --silent --show-error --fail https://sh.rustup.rs | sh -s -- --default-toolchain none -y[0m
2025-12-16T13:45:26.9949139Z [36;1m  echo "$CARGO_HOME/bin" >> $GITHUB_PATH[0m
2025-12-16T13:45:26.9950203Z [36;1mfi[0m
2025-12-16T13:45:26.9985909Z shell: /usr/bin/bash --noprofile --norc -e -o pipefail {0}
2025-12-16T13:45:26.9987158Z env:
2025-12-16T13:45:26.9987867Z   CARGO_TERM_COLOR: always
2025-12-16T13:45:26.9988800Z   CARGO_HOME: /home/runner/.cargo
2025-12-16T13:45:26.9989743Z ##[endgroup]
2025-12-16T13:45:27.0107589Z ##[group]Run rustup toolchain install stable --profile minimal --no-self-update
2025-12-16T13:45:27.0109594Z [36;1mrustup toolchain install stable --profile minimal --no-self-update[0m
2025-12-16T13:45:27.0145055Z shell: /usr/bin/bash --noprofile --norc -e -o pipefail {0}
2025-12-16T13:45:27.0146293Z env:
2025-12-16T13:45:27.0147025Z   CARGO_TERM_COLOR: always
2025-12-16T13:45:27.0147952Z   CARGO_HOME: /home/runner/.cargo
2025-12-16T13:45:27.0148899Z ##[endgroup]
2025-12-16T13:45:27.2509906Z info: syncing channel updates for 'stable-x86_64-unknown-linux-gnu'
2025-12-16T13:45:27.4399283Z info: latest update on 2025-12-11, rust version 1.92.0 (ded5c06cf 2025-12-08)
2025-12-16T13:45:27.4722290Z info: downloading component 'clippy'
2025-12-16T13:45:27.6232267Z info: downloading component 'rustfmt'
2025-12-16T13:45:27.7257625Z info: downloading component 'cargo'
2025-12-16T13:45:27.9131071Z info: downloading component 'rust-std'
2025-12-16T13:45:28.3260754Z info: downloading component 'rustc'
2025-12-16T13:45:29.0804035Z info: removing previous version of component 'clippy'
2025-12-16T13:45:29.0820508Z info: removing previous version of component 'rustfmt'
2025-12-16T13:45:29.0831626Z info: removing previous version of component 'cargo'
2025-12-16T13:45:29.0878473Z info: removing previous version of component 'rust-std'
2025-12-16T13:45:29.0908399Z info: removing previous version of component 'rustc'
2025-12-16T13:45:29.0964568Z info: installing component 'clippy'
2025-12-16T13:45:29.4693864Z info: installing component 'rustfmt'
2025-12-16T13:45:29.7018091Z info: installing component 'cargo'
2025-12-16T13:45:30.3921755Z info: installing component 'rust-std'
2025-12-16T13:45:32.2771013Z info: installing component 'rustc'
2025-12-16T13:45:36.8399306Z 
2025-12-16T13:45:36.8499224Z   stable-x86_64-unknown-linux-gnu updated - rustc 1.92.0 (ded5c06cf 2025-12-08) (from rustc 1.91.1 (ed61e7d7e 2025-11-07))
2025-12-16T13:45:36.8500024Z 
2025-12-16T13:45:36.8560638Z ##[group]Run rustup default stable
2025-12-16T13:45:36.8560984Z [36;1mrustup default stable[0m
2025-12-16T13:45:36.8593930Z shell: /usr/bin/bash --noprofile --norc -e -o pipefail {0}
2025-12-16T13:45:36.8594262Z env:
2025-12-16T13:45:36.8594446Z   CARGO_TERM_COLOR: always
2025-12-16T13:45:36.8594680Z   CARGO_HOME: /home/runner/.cargo
2025-12-16T13:45:36.8594912Z ##[endgroup]
2025-12-16T13:45:36.8697009Z info: using existing install for 'stable-x86_64-unknown-linux-gnu'
2025-12-16T13:45:36.9057029Z info: default toolchain set to 'stable-x86_64-unknown-linux-gnu'
2025-12-16T13:45:36.9057532Z 
2025-12-16T13:45:36.9144534Z   stable-x86_64-unknown-linux-gnu unchanged - rustc 1.92.0 (ded5c06cf 2025-12-08)
2025-12-16T13:45:36.9145276Z 
2025-12-16T13:45:36.9191338Z ##[group]Run : create cachekey
2025-12-16T13:45:36.9191650Z [36;1m: create cachekey[0m
2025-12-16T13:45:36.9192108Z [36;1mDATE=$(rustc +stable --version --verbose | sed -ne 's/^commit-date: \(20[0-9][0-9]\)-\([01][0-9]\)-\([0-3][0-9]\)$/\1\2\3/p')[0m
2025-12-16T13:45:36.9192723Z [36;1mHASH=$(rustc +stable --version --verbose | sed -ne 's/^commit-hash: //p')[0m
2025-12-16T13:45:36.9193466Z [36;1mecho "cachekey=$(echo $DATE$HASH | head -c12)" >> $GITHUB_OUTPUT[0m
2025-12-16T13:45:36.9225925Z shell: /usr/bin/bash --noprofile --norc -e -o pipefail {0}
2025-12-16T13:45:36.9226260Z env:
2025-12-16T13:45:36.9226447Z   CARGO_TERM_COLOR: always
2025-12-16T13:45:36.9226702Z   CARGO_HOME: /home/runner/.cargo
2025-12-16T13:45:36.9226944Z ##[endgroup]
2025-12-16T13:45:36.9609760Z ##[group]Run : disable incremental compilation
2025-12-16T13:45:36.9610123Z [36;1m: disable incremental compilation[0m
2025-12-16T13:45:36.9610429Z [36;1mif [ -z "${CARGO_INCREMENTAL+set}" ]; then[0m
2025-12-16T13:45:36.9610750Z [36;1m  echo CARGO_INCREMENTAL=0 >> $GITHUB_ENV[0m
2025-12-16T13:45:36.9611262Z [36;1mfi[0m
2025-12-16T13:45:36.9644465Z shell: /usr/bin/bash --noprofile --norc -e -o pipefail {0}
2025-12-16T13:45:36.9644802Z env:
2025-12-16T13:45:36.9644982Z   CARGO_TERM_COLOR: always
2025-12-16T13:45:36.9645382Z   CARGO_HOME: /home/runner/.cargo
2025-12-16T13:45:36.9645609Z ##[endgroup]
2025-12-16T13:45:36.9713231Z ##[group]Run : enable colors in Cargo output
2025-12-16T13:45:36.9713558Z [36;1m: enable colors in Cargo output[0m
2025-12-16T13:45:36.9713844Z [36;1mif [ -z "${CARGO_TERM_COLOR+set}" ]; then[0m
2025-12-16T13:45:36.9714155Z [36;1m  echo CARGO_TERM_COLOR=always >> $GITHUB_ENV[0m
2025-12-16T13:45:36.9714414Z [36;1mfi[0m
2025-12-16T13:45:36.9744133Z shell: /usr/bin/bash --noprofile --norc -e -o pipefail {0}
2025-12-16T13:45:36.9744461Z env:
2025-12-16T13:45:36.9744640Z   CARGO_TERM_COLOR: always
2025-12-16T13:45:36.9744875Z   CARGO_HOME: /home/runner/.cargo
2025-12-16T13:45:36.9745103Z   CARGO_INCREMENTAL: 0
2025-12-16T13:45:36.9745312Z ##[endgroup]
2025-12-16T13:45:36.9813593Z ##[group]Run : enable Cargo sparse registry
2025-12-16T13:45:36.9813916Z [36;1m: enable Cargo sparse registry[0m
2025-12-16T13:45:36.9814248Z [36;1m# implemented in 1.66, stabilized in 1.68, made default in 1.70[0m
2025-12-16T13:45:36.9814904Z [36;1mif [ -z "${CARGO_REGISTRIES_CRATES_IO_PROTOCOL+set}" -o -f "/home/runner/work/_temp"/.implicit_cargo_registries_crates_io_protocol ]; then[0m
2025-12-16T13:45:36.9815562Z [36;1m  if rustc +stable --version --verbose | grep -q '^release: 1\.6[89]\.'; then[0m
2025-12-16T13:45:36.9816090Z [36;1m    touch "/home/runner/work/_temp"/.implicit_cargo_registries_crates_io_protocol || true[0m
2025-12-16T13:45:36.9816576Z [36;1m    echo CARGO_REGISTRIES_CRATES_IO_PROTOCOL=sparse >> $GITHUB_ENV[0m
2025-12-16T13:45:36.9817019Z [36;1m  elif rustc +stable --version --verbose | grep -q '^release: 1\.6[67]\.'; then[0m
2025-12-16T13:45:36.9817536Z [36;1m    touch "/home/runner/work/_temp"/.implicit_cargo_registries_crates_io_protocol || true[0m
2025-12-16T13:45:36.9818005Z [36;1m    echo CARGO_REGISTRIES_CRATES_IO_PROTOCOL=git >> $GITHUB_ENV[0m
2025-12-16T13:45:36.9818315Z [36;1m  fi[0m
2025-12-16T13:45:36.9818491Z [36;1mfi[0m
2025-12-16T13:45:36.9848257Z shell: /usr/bin/bash --noprofile --norc -e -o pipefail {0}
2025-12-16T13:45:36.9848595Z env:
2025-12-16T13:45:36.9848773Z   CARGO_TERM_COLOR: always
2025-12-16T13:45:36.9849002Z   CARGO_HOME: /home/runner/.cargo
2025-12-16T13:45:36.9849238Z   CARGO_INCREMENTAL: 0
2025-12-16T13:45:36.9849431Z ##[endgroup]
2025-12-16T13:45:37.0208912Z ##[group]Run : work around spurious network errors in curl 8.0
2025-12-16T13:45:37.0209355Z [36;1m: work around spurious network errors in curl 8.0[0m
2025-12-16T13:45:37.0209877Z [36;1m# https://rust-lang.zulipchat.com/#narrow/stream/246057-t-cargo/topic/timeout.20investigation[0m
2025-12-16T13:45:37.0210454Z [36;1mif rustc +stable --version --verbose | grep -q '^release: 1\.7[01]\.'; then[0m
2025-12-16T13:45:37.0210890Z [36;1m  echo CARGO_HTTP_MULTIPLEXING=false >> $GITHUB_ENV[0m
2025-12-16T13:45:37.0211183Z [36;1mfi[0m
2025-12-16T13:45:37.0245029Z shell: /usr/bin/bash --noprofile --norc -e -o pipefail {0}
2025-12-16T13:45:37.0245352Z env:
2025-12-16T13:45:37.0245549Z   CARGO_TERM_COLOR: always
2025-12-16T13:45:37.0245792Z   CARGO_HOME: /home/runner/.cargo
2025-12-16T13:45:37.0246034Z   CARGO_INCREMENTAL: 0
2025-12-16T13:45:37.0246233Z ##[endgroup]
2025-12-16T13:45:37.0467108Z ##[group]Run rustc +stable --version --verbose
2025-12-16T13:45:37.0467472Z [36;1mrustc +stable --version --verbose[0m
2025-12-16T13:45:37.0500266Z shell: /usr/bin/bash --noprofile --norc -e -o pipefail {0}
2025-12-16T13:45:37.0500598Z env:
2025-12-16T13:45:37.0500780Z   CARGO_TERM_COLOR: always
2025-12-16T13:45:37.0501009Z   CARGO_HOME: /home/runner/.cargo
2025-12-16T13:45:37.0501244Z   CARGO_INCREMENTAL: 0
2025-12-16T13:45:37.0501437Z ##[endgroup]
2025-12-16T13:45:37.0673712Z rustc 1.92.0 (ded5c06cf 2025-12-08)
2025-12-16T13:45:37.0674559Z binary: rustc
2025-12-16T13:45:37.0674986Z commit-hash: ded5c06cf21d2b93bffd5d884aa6e96934ee4234
2025-12-16T13:45:37.0675419Z commit-date: 2025-12-08
2025-12-16T13:45:37.0675674Z host: x86_64-unknown-linux-gnu
2025-12-16T13:45:37.0676089Z release: 1.92.0
2025-12-16T13:45:37.0676649Z LLVM version: 21.1.3
