2025-12-16T13:45:16.3461253Z ##[group]Run dtolnay/rust-toolchain@stable
2025-12-16T13:45:16.3462377Z with:
2025-12-16T13:45:16.3463088Z   components: rustfmt
2025-12-16T13:45:16.3463894Z   toolchain: stable
2025-12-16T13:45:16.3464635Z env:
2025-12-16T13:45:16.3465321Z   CARGO_TERM_COLOR: always
2025-12-16T13:45:16.3466161Z ##[endgroup]
2025-12-16T13:45:16.3600480Z ##[group]Run : parse toolchain version
2025-12-16T13:45:16.3601846Z [36;1m: parse toolchain version[0m
2025-12-16T13:45:16.3602913Z [36;1mif [[ -z $toolchain ]]; then[0m
2025-12-16T13:45:16.3604826Z [36;1m  # GitHub does not enforce `required: true` inputs itself. https://github.com/actions/runner/issues/1070[0m
2025-12-16T13:45:16.3606745Z [36;1m  echo "'toolchain' is a required input" >&2[0m
2025-12-16T13:45:16.3608022Z [36;1m  exit 1[0m
2025-12-16T13:45:16.3609302Z [36;1melif [[ $toolchain =~ ^stable' '[0-9]+' '(year|month|week|day)s?' 'ago$ ]]; then[0m
2025-12-16T13:45:16.3610711Z [36;1m  if [[ Linux == macOS ]]; then[0m
2025-12-16T13:45:16.3612431Z [36;1m    echo "toolchain=1.$((($(date -v-$(sed 's/stable \([0-9]*\) \(.\).*/\1\2/' <<< $toolchain) +%s)/60/60/24-16569)/7/6))" >> $GITHUB_OUTPUT[0m
2025-12-16T13:45:16.3614204Z [36;1m  else[0m
2025-12-16T13:45:16.3615563Z [36;1m    echo "toolchain=1.$((($(date --date "${toolchain#stable }" +%s)/60/60/24-16569)/7/6))" >> $GITHUB_OUTPUT[0m
2025-12-16T13:45:16.3617127Z [36;1m  fi[0m
2025-12-16T13:45:16.3618155Z [36;1melif [[ $toolchain =~ ^stable' 'minus' '[0-9]+' 'releases?$ ]]; then[0m
2025-12-16T13:45:16.3620096Z [36;1m  echo "toolchain=1.$((($(date +%s)/60/60/24-16569)/7/6-${toolchain//[^0-9]/}))" >> $GITHUB_OUTPUT[0m
2025-12-16T13:45:16.3621677Z [36;1melif [[ $toolchain =~ ^1\.[0-9]+$ ]]; then[0m
2025-12-16T13:45:16.3623457Z [36;1m  echo "toolchain=1.$((i=${toolchain#1.}, c=($(date +%s)/60/60/24-16569)/7/6, i+9*i*(10*i<=c)+90*i*(100*i<=c)))" >> $GITHUB_OUTPUT[0m
2025-12-16T13:45:16.3625132Z [36;1melse[0m
2025-12-16T13:45:16.3625976Z [36;1m  echo "toolchain=$toolchain" >> $GITHUB_OUTPUT[0m
2025-12-16T13:45:16.3627038Z [36;1mfi[0m
2025-12-16T13:45:16.3664898Z shell: /usr/bin/bash --noprofile --norc -e -o pipefail {0}
2025-12-16T13:45:16.3666097Z env:
2025-12-16T13:45:16.3666753Z   CARGO_TERM_COLOR: always
2025-12-16T13:45:16.3667573Z   toolchain: stable
2025-12-16T13:45:16.3668292Z ##[endgroup]
2025-12-16T13:45:16.3831298Z ##[group]Run : construct rustup command line
2025-12-16T13:45:16.3832423Z [36;1m: construct rustup command line[0m
2025-12-16T13:45:16.3833950Z [36;1mecho "targets=$(for t in ${targets//,/ }; do echo -n ' --target' $t; done)" >> $GITHUB_OUTPUT[0m
2025-12-16T13:45:16.3836090Z [36;1mecho "components=$(for c in ${components//,/ }; do echo -n ' --component' $c; done)" >> $GITHUB_OUTPUT[0m
2025-12-16T13:45:16.3837756Z [36;1mecho "downgrade=" >> $GITHUB_OUTPUT[0m
2025-12-16T13:45:16.3868471Z shell: /usr/bin/bash --noprofile --norc -e -o pipefail {0}
2025-12-16T13:45:16.3869813Z env:
2025-12-16T13:45:16.3870467Z   CARGO_TERM_COLOR: always
2025-12-16T13:45:16.3871268Z   targets: 
2025-12-16T13:45:16.3871959Z   components: rustfmt
2025-12-16T13:45:16.3872699Z ##[endgroup]
2025-12-16T13:45:16.3976165Z ##[group]Run : set $CARGO_HOME
2025-12-16T13:45:16.3977026Z [36;1m: set $CARGO_HOME[0m
2025-12-16T13:45:16.3978114Z [36;1mecho CARGO_HOME=${CARGO_HOME:-"$HOME/.cargo"} >> $GITHUB_ENV[0m
2025-12-16T13:45:16.4009478Z shell: /usr/bin/bash --noprofile --norc -e -o pipefail {0}
2025-12-16T13:45:16.4010648Z env:
2025-12-16T13:45:16.4011311Z   CARGO_TERM_COLOR: always
2025-12-16T13:45:16.4012081Z ##[endgroup]
2025-12-16T13:45:16.4114936Z ##[group]Run : install rustup if needed
2025-12-16T13:45:16.4115918Z [36;1m: install rustup if needed[0m
2025-12-16T13:45:16.4116898Z [36;1mif ! command -v rustup &>/dev/null; then[0m
2025-12-16T13:45:16.4119500Z [36;1m  curl --proto '=https' --tlsv1.2 --retry 10 --retry-connrefused --location --silent --show-error --fail https://sh.rustup.rs | sh -s -- --default-toolchain none -y[0m
2025-12-16T13:45:16.4121894Z [36;1m  echo "$CARGO_HOME/bin" >> $GITHUB_PATH[0m
2025-12-16T13:45:16.4123098Z [36;1mfi[0m
2025-12-16T13:45:16.4153689Z shell: /usr/bin/bash --noprofile --norc -e -o pipefail {0}
2025-12-16T13:45:16.4154830Z env:
2025-12-16T13:45:16.4155454Z   CARGO_TERM_COLOR: always
2025-12-16T13:45:16.4156274Z   CARGO_HOME: /home/runner/.cargo
2025-12-16T13:45:16.4157114Z ##[endgroup]
2025-12-16T13:45:16.4329215Z ##[group]Run rustup toolchain install stable --component rustfmt --profile minimal --no-self-update
2025-12-16T13:45:16.4331693Z [36;1mrustup toolchain install stable --component rustfmt --profile minimal --no-self-update[0m
2025-12-16T13:45:16.4363315Z shell: /usr/bin/bash --noprofile --norc -e -o pipefail {0}
2025-12-16T13:45:16.4364437Z env:
2025-12-16T13:45:16.4365065Z   CARGO_TERM_COLOR: always
2025-12-16T13:45:16.4365931Z   CARGO_HOME: /home/runner/.cargo
2025-12-16T13:45:16.4366762Z ##[endgroup]
2025-12-16T13:45:16.7566707Z info: syncing channel updates for 'stable-x86_64-unknown-linux-gnu'
2025-12-16T13:45:16.8886685Z info: latest update on 2025-12-11, rust version 1.92.0 (ded5c06cf 2025-12-08)
2025-12-16T13:45:16.9276274Z info: downloading component 'rustfmt'
2025-12-16T13:45:16.9448298Z info: downloading component 'clippy'
2025-12-16T13:45:16.9722641Z info: downloading component 'cargo'
2025-12-16T13:45:17.0202395Z info: downloading component 'rust-std'
2025-12-16T13:45:17.1503298Z info: downloading component 'rustc'
2025-12-16T13:45:17.4628568Z info: removing previous version of component 'clippy'
2025-12-16T13:45:17.4644946Z info: removing previous version of component 'rustfmt'
2025-12-16T13:45:17.4715114Z info: removing previous version of component 'cargo'
2025-12-16T13:45:17.4814775Z info: removing previous version of component 'rust-std'
2025-12-16T13:45:17.4892039Z info: removing previous version of component 'rustc'
2025-12-16T13:45:17.4950449Z info: installing component 'rustfmt'
2025-12-16T13:45:17.7272415Z info: installing component 'clippy'
2025-12-16T13:45:18.0998352Z info: installing component 'cargo'
2025-12-16T13:45:18.8030071Z info: installing component 'rust-std'
2025-12-16T13:45:20.6916925Z info: installing component 'rustc'
2025-12-16T13:45:25.2658192Z 
2025-12-16T13:45:25.2758219Z   stable-x86_64-unknown-linux-gnu updated - rustc 1.92.0 (ded5c06cf 2025-12-08) (from rustc 1.91.1 (ed61e7d7e 2025-11-07))
2025-12-16T13:45:25.2759447Z 
2025-12-16T13:45:25.2825184Z ##[group]Run rustup default stable
2025-12-16T13:45:25.2825506Z [36;1mrustup default stable[0m
2025-12-16T13:45:25.2860061Z shell: /usr/bin/bash --noprofile --norc -e -o pipefail {0}
2025-12-16T13:45:25.2860395Z env:
2025-12-16T13:45:25.2860570Z   CARGO_TERM_COLOR: always
2025-12-16T13:45:25.2860803Z   CARGO_HOME: /home/runner/.cargo
2025-12-16T13:45:25.2861041Z ##[endgroup]
2025-12-16T13:45:25.2964539Z info: using existing install for 'stable-x86_64-unknown-linux-gnu'
2025-12-16T13:45:25.3321825Z info: default toolchain set to 'stable-x86_64-unknown-linux-gnu'
2025-12-16T13:45:25.3322382Z 
2025-12-16T13:45:25.3409669Z   stable-x86_64-unknown-linux-gnu unchanged - rustc 1.92.0 (ded5c06cf 2025-12-08)
2025-12-16T13:45:25.3410116Z 
2025-12-16T13:45:25.3456522Z ##[group]Run : create cachekey
2025-12-16T13:45:25.3456802Z [36;1m: create cachekey[0m
2025-12-16T13:45:25.3457247Z [36;1mDATE=$(rustc +stable --version --verbose | sed -ne 's/^commit-date: \(20[0-9][0-9]\)-\([01][0-9]\)-\([0-3][0-9]\)$/\1\2\3/p')[0m
2025-12-16T13:45:25.3457819Z [36;1mHASH=$(rustc +stable --version --verbose | sed -ne 's/^commit-hash: //p')[0m
2025-12-16T13:45:25.3458299Z [36;1mecho "cachekey=$(echo $DATE$HASH | head -c12)" >> $GITHUB_OUTPUT[0m
2025-12-16T13:45:25.3493283Z shell: /usr/bin/bash --noprofile --norc -e -o pipefail {0}
2025-12-16T13:45:25.3493615Z env:
2025-12-16T13:45:25.3493794Z   CARGO_TERM_COLOR: always
2025-12-16T13:45:25.3494013Z   CARGO_HOME: /home/runner/.cargo
2025-12-16T13:45:25.3494240Z ##[endgroup]
2025-12-16T13:45:25.3877875Z ##[group]Run : disable incremental compilation
2025-12-16T13:45:25.3878266Z [36;1m: disable incremental compilation[0m
2025-12-16T13:45:25.3878827Z [36;1mif [ -z "${CARGO_INCREMENTAL+set}" ]; then[0m
2025-12-16T13:45:25.3879503Z [36;1m  echo CARGO_INCREMENTAL=0 >> $GITHUB_ENV[0m
2025-12-16T13:45:25.3879761Z [36;1mfi[0m
2025-12-16T13:45:25.3913506Z shell: /usr/bin/bash --noprofile --norc -e -o pipefail {0}
2025-12-16T13:45:25.3913864Z env:
2025-12-16T13:45:25.3914038Z   CARGO_TERM_COLOR: always
2025-12-16T13:45:25.3914268Z   CARGO_HOME: /home/runner/.cargo
2025-12-16T13:45:25.3914660Z ##[endgroup]
2025-12-16T13:45:25.3985933Z ##[group]Run : enable colors in Cargo output
2025-12-16T13:45:25.3986246Z [36;1m: enable colors in Cargo output[0m
2025-12-16T13:45:25.3986539Z [36;1mif [ -z "${CARGO_TERM_COLOR+set}" ]; then[0m
2025-12-16T13:45:25.3986863Z [36;1m  echo CARGO_TERM_COLOR=always >> $GITHUB_ENV[0m
2025-12-16T13:45:25.3987130Z [36;1mfi[0m
2025-12-16T13:45:25.4019786Z shell: /usr/bin/bash --noprofile --norc -e -o pipefail {0}
2025-12-16T13:45:25.4020108Z env:
2025-12-16T13:45:25.4020289Z   CARGO_TERM_COLOR: always
2025-12-16T13:45:25.4020524Z   CARGO_HOME: /home/runner/.cargo
2025-12-16T13:45:25.4020761Z   CARGO_INCREMENTAL: 0
2025-12-16T13:45:25.4020959Z ##[endgroup]
2025-12-16T13:45:25.4095872Z ##[group]Run : enable Cargo sparse registry
2025-12-16T13:45:25.4096191Z [36;1m: enable Cargo sparse registry[0m
2025-12-16T13:45:25.4096532Z [36;1m# implemented in 1.66, stabilized in 1.68, made default in 1.70[0m
2025-12-16T13:45:25.4097180Z [36;1mif [ -z "${CARGO_REGISTRIES_CRATES_IO_PROTOCOL+set}" -o -f "/home/runner/work/_temp"/.implicit_cargo_registries_crates_io_protocol ]; then[0m
2025-12-16T13:45:25.4097822Z [36;1m  if rustc +stable --version --verbose | grep -q '^release: 1\.6[89]\.'; then[0m
2025-12-16T13:45:25.4098336Z [36;1m    touch "/home/runner/work/_temp"/.implicit_cargo_registries_crates_io_protocol || true[0m
2025-12-16T13:45:25.4098815Z [36;1m    echo CARGO_REGISTRIES_CRATES_IO_PROTOCOL=sparse >> $GITHUB_ENV[0m
2025-12-16T13:45:25.4099480Z [36;1m  elif rustc +stable --version --verbose | grep -q '^release: 1\.6[67]\.'; then[0m
2025-12-16T13:45:25.4100008Z [36;1m    touch "/home/runner/work/_temp"/.implicit_cargo_registries_crates_io_protocol || true[0m
2025-12-16T13:45:25.4100468Z [36;1m    echo CARGO_REGISTRIES_CRATES_IO_PROTOCOL=git >> $GITHUB_ENV[0m
2025-12-16T13:45:25.4100775Z [36;1m  fi[0m
2025-12-16T13:45:25.4100949Z [36;1mfi[0m
2025-12-16T13:45:25.4133835Z shell: /usr/bin/bash --noprofile --norc -e -o pipefail {0}
2025-12-16T13:45:25.4134177Z env:
2025-12-16T13:45:25.4134352Z   CARGO_TERM_COLOR: always
2025-12-16T13:45:25.4134579Z   CARGO_HOME: /home/runner/.cargo
2025-12-16T13:45:25.4134825Z   CARGO_INCREMENTAL: 0
2025-12-16T13:45:25.4135012Z ##[endgroup]
2025-12-16T13:45:25.4499584Z ##[group]Run : work around spurious network errors in curl 8.0
2025-12-16T13:45:25.4500044Z [36;1m: work around spurious network errors in curl 8.0[0m
2025-12-16T13:45:25.4500591Z [36;1m# https://rust-lang.zulipchat.com/#narrow/stream/246057-t-cargo/topic/timeout.20investigation[0m
2025-12-16T13:45:25.4501158Z [36;1mif rustc +stable --version --verbose | grep -q '^release: 1\.7[01]\.'; then[0m
2025-12-16T13:45:25.4501586Z [36;1m  echo CARGO_HTTP_MULTIPLEXING=false >> $GITHUB_ENV[0m
2025-12-16T13:45:25.4501871Z [36;1mfi[0m
2025-12-16T13:45:25.4538313Z shell: /usr/bin/bash --noprofile --norc -e -o pipefail {0}
2025-12-16T13:45:25.4538636Z env:
2025-12-16T13:45:25.4538815Z   CARGO_TERM_COLOR: always
2025-12-16T13:45:25.4539283Z   CARGO_HOME: /home/runner/.cargo
2025-12-16T13:45:25.4539533Z   CARGO_INCREMENTAL: 0
2025-12-16T13:45:25.4539732Z ##[endgroup]
2025-12-16T13:45:25.4759936Z ##[group]Run rustc +stable --version --verbose
2025-12-16T13:45:25.4760301Z [36;1mrustc +stable --version --verbose[0m
2025-12-16T13:45:25.4795722Z shell: /usr/bin/bash --noprofile --norc -e -o pipefail {0}
2025-12-16T13:45:25.4796063Z env:
2025-12-16T13:45:25.4796243Z   CARGO_TERM_COLOR: always
2025-12-16T13:45:25.4796467Z   CARGO_HOME: /home/runner/.cargo
2025-12-16T13:45:25.4796708Z   CARGO_INCREMENTAL: 0
2025-12-16T13:45:25.4796897Z ##[endgroup]
2025-12-16T13:45:25.4972266Z rustc 1.92.0 (ded5c06cf 2025-12-08)
2025-12-16T13:45:25.4972847Z binary: rustc
2025-12-16T13:45:25.4973333Z commit-hash: ded5c06cf21d2b93bffd5d884aa6e96934ee4234
2025-12-16T13:45:25.4973946Z commit-date: 2025-12-08
2025-12-16T13:45:25.4974370Z host: x86_64-unknown-linux-gnu
2025-12-16T13:45:25.4974744Z release: 1.92.0
2025-12-16T13:45:25.4975282Z LLVM version: 21.1.3
