2025-12-16T13:45:15.8721219Z ##[group]Run dtolnay/rust-toolchain@stable
2025-12-16T13:45:15.8722237Z with:
2025-12-16T13:45:15.8722945Z   targets: wasm32-unknown-unknown
2025-12-16T13:45:15.8723814Z   toolchain: stable
2025-12-16T13:45:15.8724653Z env:
2025-12-16T13:45:15.8725312Z   CARGO_TERM_COLOR: always
2025-12-16T13:45:15.8726353Z ##[endgroup]
2025-12-16T13:45:15.8859072Z ##[group]Run : parse toolchain version
2025-12-16T13:45:15.8860186Z [36;1m: parse toolchain version[0m
2025-12-16T13:45:15.8861124Z [36;1mif [[ -z $toolchain ]]; then[0m
2025-12-16T13:45:15.8862765Z [36;1m  # GitHub does not enforce `required: true` inputs itself. https://github.com/actions/runner/issues/1070[0m
2025-12-16T13:45:15.8864642Z [36;1m  echo "'toolchain' is a required input" >&2[0m
2025-12-16T13:45:15.8865654Z [36;1m  exit 1[0m
2025-12-16T13:45:15.8866714Z [36;1melif [[ $toolchain =~ ^stable' '[0-9]+' '(year|month|week|day)s?' 'ago$ ]]; then[0m
2025-12-16T13:45:15.8868036Z [36;1m  if [[ Linux == macOS ]]; then[0m
2025-12-16T13:45:15.8869681Z [36;1m    echo "toolchain=1.$((($(date -v-$(sed 's/stable \([0-9]*\) \(.\).*/\1\2/' <<< $toolchain) +%s)/60/60/24-16569)/7/6))" >> $GITHUB_OUTPUT[0m
2025-12-16T13:45:15.8871252Z [36;1m  else[0m
2025-12-16T13:45:15.8872504Z [36;1m    echo "toolchain=1.$((($(date --date "${toolchain#stable }" +%s)/60/60/24-16569)/7/6))" >> $GITHUB_OUTPUT[0m
2025-12-16T13:45:15.8873984Z [36;1m  fi[0m
2025-12-16T13:45:15.8875065Z [36;1melif [[ $toolchain =~ ^stable' 'minus' '[0-9]+' 'releases?$ ]]; then[0m
2025-12-16T13:45:15.8876747Z [36;1m  echo "toolchain=1.$((($(date +%s)/60/60/24-16569)/7/6-${toolchain//[^0-9]/}))" >> $GITHUB_OUTPUT[0m
2025-12-16T13:45:15.8878221Z [36;1melif [[ $toolchain =~ ^1\.[0-9]+$ ]]; then[0m
2025-12-16T13:45:15.8879849Z [36;1m  echo "toolchain=1.$((i=${toolchain#1.}, c=($(date +%s)/60/60/24-16569)/7/6, i+9*i*(10*i<=c)+90*i*(100*i<=c)))" >> $GITHUB_OUTPUT[0m
2025-12-16T13:45:15.8881391Z [36;1melse[0m
2025-12-16T13:45:15.8882212Z [36;1m  echo "toolchain=$toolchain" >> $GITHUB_OUTPUT[0m
2025-12-16T13:45:15.8883224Z [36;1mfi[0m
2025-12-16T13:45:15.8921138Z shell: /usr/bin/bash --noprofile --norc -e -o pipefail {0}
2025-12-16T13:45:15.8922274Z env:
2025-12-16T13:45:15.8922907Z   CARGO_TERM_COLOR: always
2025-12-16T13:45:15.8923695Z   toolchain: stable
2025-12-16T13:45:15.8924664Z ##[endgroup]
2025-12-16T13:45:15.9113790Z ##[group]Run : construct rustup command line
2025-12-16T13:45:15.9114991Z [36;1m: construct rustup command line[0m
2025-12-16T13:45:15.9116409Z [36;1mecho "targets=$(for t in ${targets//,/ }; do echo -n ' --target' $t; done)" >> $GITHUB_OUTPUT[0m
2025-12-16T13:45:15.9118373Z [36;1mecho "components=$(for c in ${components//,/ }; do echo -n ' --component' $c; done)" >> $GITHUB_OUTPUT[0m
2025-12-16T13:45:15.9119920Z [36;1mecho "downgrade=" >> $GITHUB_OUTPUT[0m
2025-12-16T13:45:15.9152526Z shell: /usr/bin/bash --noprofile --norc -e -o pipefail {0}
2025-12-16T13:45:15.9153621Z env:
2025-12-16T13:45:15.9154265Z   CARGO_TERM_COLOR: always
2025-12-16T13:45:15.9155434Z   targets: wasm32-unknown-unknown
2025-12-16T13:45:15.9156382Z   components: 
2025-12-16T13:45:15.9157050Z ##[endgroup]
2025-12-16T13:45:15.9330815Z ##[group]Run : set $CARGO_HOME
2025-12-16T13:45:15.9331721Z [36;1m: set $CARGO_HOME[0m
2025-12-16T13:45:15.9332856Z [36;1mecho CARGO_HOME=${CARGO_HOME:-"$HOME/.cargo"} >> $GITHUB_ENV[0m
2025-12-16T13:45:15.9365137Z shell: /usr/bin/bash --noprofile --norc -e -o pipefail {0}
2025-12-16T13:45:15.9366244Z env:
2025-12-16T13:45:15.9366892Z   CARGO_TERM_COLOR: always
2025-12-16T13:45:15.9367659Z ##[endgroup]
2025-12-16T13:45:15.9506661Z ##[group]Run : install rustup if needed
2025-12-16T13:45:15.9508438Z [36;1m: install rustup if needed[0m
2025-12-16T13:45:15.9510267Z [36;1mif ! command -v rustup &>/dev/null; then[0m
2025-12-16T13:45:15.9514732Z [36;1m  curl --proto '=https' --tlsv1.2 --retry 10 --retry-connrefused --location --silent --show-error --fail https://sh.rustup.rs | sh -s -- --default-toolchain none -y[0m
2025-12-16T13:45:15.9518995Z [36;1m  echo "$CARGO_HOME/bin" >> $GITHUB_PATH[0m
2025-12-16T13:45:15.9521129Z [36;1mfi[0m
2025-12-16T13:45:15.9566915Z shell: /usr/bin/bash --noprofile --norc -e -o pipefail {0}
2025-12-16T13:45:15.9568856Z env:
2025-12-16T13:45:15.9570014Z   CARGO_TERM_COLOR: always
2025-12-16T13:45:15.9571761Z   CARGO_HOME: /home/runner/.cargo
2025-12-16T13:45:15.9573319Z ##[endgroup]
2025-12-16T13:45:15.9731828Z ##[group]Run rustup toolchain install stable --target wasm32-unknown-unknown --profile minimal --no-self-update
2025-12-16T13:45:15.9736586Z [36;1mrustup toolchain install stable --target wasm32-unknown-unknown --profile minimal --no-self-update[0m
2025-12-16T13:45:15.9784679Z shell: /usr/bin/bash --noprofile --norc -e -o pipefail {0}
2025-12-16T13:45:15.9786689Z env:
2025-12-16T13:45:15.9787860Z   CARGO_TERM_COLOR: always
2025-12-16T13:45:15.9789304Z   CARGO_HOME: /home/runner/.cargo
2025-12-16T13:45:15.9790806Z ##[endgroup]
2025-12-16T13:45:16.2161415Z info: syncing channel updates for 'stable-x86_64-unknown-linux-gnu'
2025-12-16T13:45:16.2861019Z info: latest update on 2025-12-11, rust version 1.92.0 (ded5c06cf 2025-12-08)
2025-12-16T13:45:16.3299623Z info: downloading component 'rust-std' for 'wasm32-unknown-unknown'
2025-12-16T13:45:16.4071016Z info: downloading component 'clippy'
2025-12-16T13:45:16.4365244Z info: downloading component 'rustfmt'
2025-12-16T13:45:16.4549580Z info: downloading component 'cargo'
2025-12-16T13:45:16.4931297Z info: downloading component 'rust-std'
2025-12-16T13:45:16.5783100Z info: downloading component 'rustc'
2025-12-16T13:45:17.0312313Z info: removing previous version of component 'clippy'
2025-12-16T13:45:17.0331049Z info: removing previous version of component 'rustfmt'
2025-12-16T13:45:17.0344150Z info: removing previous version of component 'cargo'
2025-12-16T13:45:17.2174949Z info: removing previous version of component 'rust-std'
2025-12-16T13:45:17.2207788Z info: removing previous version of component 'rustc'
2025-12-16T13:45:17.2734882Z info: installing component 'rust-std' for 'wasm32-unknown-unknown'
2025-12-16T13:45:18.7082784Z info: installing component 'clippy'
2025-12-16T13:45:19.0790787Z info: installing component 'rustfmt'
2025-12-16T13:45:19.3115907Z info: installing component 'cargo'
2025-12-16T13:45:20.0044736Z info: installing component 'rust-std'
2025-12-16T13:45:21.9269657Z info: installing component 'rustc'
2025-12-16T13:45:26.4873471Z 
2025-12-16T13:45:26.4973044Z   stable-x86_64-unknown-linux-gnu updated - rustc 1.92.0 (ded5c06cf 2025-12-08) (from rustc 1.91.1 (ed61e7d7e 2025-11-07))
2025-12-16T13:45:26.4973607Z 
2025-12-16T13:45:26.5033807Z ##[group]Run rustup default stable
2025-12-16T13:45:26.5034125Z [36;1mrustup default stable[0m
2025-12-16T13:45:26.5069851Z shell: /usr/bin/bash --noprofile --norc -e -o pipefail {0}
2025-12-16T13:45:26.5070191Z env:
2025-12-16T13:45:26.5070373Z   CARGO_TERM_COLOR: always
2025-12-16T13:45:26.5070607Z   CARGO_HOME: /home/runner/.cargo
2025-12-16T13:45:26.5070841Z ##[endgroup]
2025-12-16T13:45:26.5175717Z info: using existing install for 'stable-x86_64-unknown-linux-gnu'
2025-12-16T13:45:26.5540539Z info: default toolchain set to 'stable-x86_64-unknown-linux-gnu'
2025-12-16T13:45:26.5541044Z 
2025-12-16T13:45:26.5630012Z   stable-x86_64-unknown-linux-gnu unchanged - rustc 1.92.0 (ded5c06cf 2025-12-08)
2025-12-16T13:45:26.5630515Z 
2025-12-16T13:45:26.5677218Z ##[group]Run : create cachekey
2025-12-16T13:45:26.5677517Z [36;1m: create cachekey[0m
2025-12-16T13:45:26.5677964Z [36;1mDATE=$(rustc +stable --version --verbose | sed -ne 's/^commit-date: \(20[0-9][0-9]\)-\([01][0-9]\)-\([0-3][0-9]\)$/\1\2\3/p')[0m
2025-12-16T13:45:26.5678564Z [36;1mHASH=$(rustc +stable --version --verbose | sed -ne 's/^commit-hash: //p')[0m
2025-12-16T13:45:26.5679036Z [36;1mecho "cachekey=$(echo $DATE$HASH | head -c12)" >> $GITHUB_OUTPUT[0m
2025-12-16T13:45:26.5714673Z shell: /usr/bin/bash --noprofile --norc -e -o pipefail {0}
2025-12-16T13:45:26.5715023Z env:
2025-12-16T13:45:26.5715208Z   CARGO_TERM_COLOR: always
2025-12-16T13:45:26.5715438Z   CARGO_HOME: /home/runner/.cargo
2025-12-16T13:45:26.5715978Z ##[endgroup]
2025-12-16T13:45:26.6103326Z ##[group]Run : disable incremental compilation
2025-12-16T13:45:26.6103718Z [36;1m: disable incremental compilation[0m
2025-12-16T13:45:26.6104033Z [36;1mif [ -z "${CARGO_INCREMENTAL+set}" ]; then[0m
2025-12-16T13:45:26.6104845Z [36;1m  echo CARGO_INCREMENTAL=0 >> $GITHUB_ENV[0m
2025-12-16T13:45:26.6105184Z [36;1mfi[0m
2025-12-16T13:45:26.6140343Z shell: /usr/bin/bash --noprofile --norc -e -o pipefail {0}
2025-12-16T13:45:26.6140685Z env:
2025-12-16T13:45:26.6140865Z   CARGO_TERM_COLOR: always
2025-12-16T13:45:26.6141101Z   CARGO_HOME: /home/runner/.cargo
2025-12-16T13:45:26.6141327Z ##[endgroup]
2025-12-16T13:45:26.6214704Z ##[group]Run : enable colors in Cargo output
2025-12-16T13:45:26.6215043Z [36;1m: enable colors in Cargo output[0m
2025-12-16T13:45:26.6215346Z [36;1mif [ -z "${CARGO_TERM_COLOR+set}" ]; then[0m
2025-12-16T13:45:26.6215678Z [36;1m  echo CARGO_TERM_COLOR=always >> $GITHUB_ENV[0m
2025-12-16T13:45:26.6215955Z [36;1mfi[0m
2025-12-16T13:45:26.6249416Z shell: /usr/bin/bash --noprofile --norc -e -o pipefail {0}
2025-12-16T13:45:26.6249760Z env:
2025-12-16T13:45:26.6249942Z   CARGO_TERM_COLOR: always
2025-12-16T13:45:26.6250177Z   CARGO_HOME: /home/runner/.cargo
2025-12-16T13:45:26.6250428Z   CARGO_INCREMENTAL: 0
2025-12-16T13:45:26.6250630Z ##[endgroup]
2025-12-16T13:45:26.6324748Z ##[group]Run : enable Cargo sparse registry
2025-12-16T13:45:26.6325104Z [36;1m: enable Cargo sparse registry[0m
2025-12-16T13:45:26.6325457Z [36;1m# implemented in 1.66, stabilized in 1.68, made default in 1.70[0m
2025-12-16T13:45:26.6326094Z [36;1mif [ -z "${CARGO_REGISTRIES_CRATES_IO_PROTOCOL+set}" -o -f "/home/runner/work/_temp"/.implicit_cargo_registries_crates_io_protocol ]; then[0m
2025-12-16T13:45:26.6326735Z [36;1m  if rustc +stable --version --verbose | grep -q '^release: 1\.6[89]\.'; then[0m
2025-12-16T13:45:26.6327260Z [36;1m    touch "/home/runner/work/_temp"/.implicit_cargo_registries_crates_io_protocol || true[0m
2025-12-16T13:45:26.6327760Z [36;1m    echo CARGO_REGISTRIES_CRATES_IO_PROTOCOL=sparse >> $GITHUB_ENV[0m
2025-12-16T13:45:26.6328213Z [36;1m  elif rustc +stable --version --verbose | grep -q '^release: 1\.6[67]\.'; then[0m
2025-12-16T13:45:26.6328742Z [36;1m    touch "/home/runner/work/_temp"/.implicit_cargo_registries_crates_io_protocol || true[0m
2025-12-16T13:45:26.6329204Z [36;1m    echo CARGO_REGISTRIES_CRATES_IO_PROTOCOL=git >> $GITHUB_ENV[0m
2025-12-16T13:45:26.6329517Z [36;1m  fi[0m
2025-12-16T13:45:26.6329687Z [36;1mfi[0m
2025-12-16T13:45:26.6362685Z shell: /usr/bin/bash --noprofile --norc -e -o pipefail {0}
2025-12-16T13:45:26.6363015Z env:
2025-12-16T13:45:26.6363198Z   CARGO_TERM_COLOR: always
2025-12-16T13:45:26.6363427Z   CARGO_HOME: /home/runner/.cargo
2025-12-16T13:45:26.6363656Z   CARGO_INCREMENTAL: 0
2025-12-16T13:45:26.6363855Z ##[endgroup]
2025-12-16T13:45:26.6733305Z ##[group]Run : work around spurious network errors in curl 8.0
2025-12-16T13:45:26.6733767Z [36;1m: work around spurious network errors in curl 8.0[0m
2025-12-16T13:45:26.6734732Z [36;1m# https://rust-lang.zulipchat.com/#narrow/stream/246057-t-cargo/topic/timeout.20investigation[0m
2025-12-16T13:45:26.6735344Z [36;1mif rustc +stable --version --verbose | grep -q '^release: 1\.7[01]\.'; then[0m
2025-12-16T13:45:26.6735772Z [36;1m  echo CARGO_HTTP_MULTIPLEXING=false >> $GITHUB_ENV[0m
2025-12-16T13:45:26.6736062Z [36;1mfi[0m
2025-12-16T13:45:26.6773182Z shell: /usr/bin/bash --noprofile --norc -e -o pipefail {0}
2025-12-16T13:45:26.6773514Z env:
2025-12-16T13:45:26.6773700Z   CARGO_TERM_COLOR: always
2025-12-16T13:45:26.6773928Z   CARGO_HOME: /home/runner/.cargo
2025-12-16T13:45:26.6774174Z   CARGO_INCREMENTAL: 0
2025-12-16T13:45:26.6774576Z ##[endgroup]
2025-12-16T13:45:26.7003690Z ##[group]Run rustc +stable --version --verbose
2025-12-16T13:45:26.7004051Z [36;1mrustc +stable --version --verbose[0m
2025-12-16T13:45:26.7040085Z shell: /usr/bin/bash --noprofile --norc -e -o pipefail {0}
2025-12-16T13:45:26.7040614Z env:
2025-12-16T13:45:26.7040810Z   CARGO_TERM_COLOR: always
2025-12-16T13:45:26.7041038Z   CARGO_HOME: /home/runner/.cargo
2025-12-16T13:45:26.7041280Z   CARGO_INCREMENTAL: 0
2025-12-16T13:45:26.7041478Z ##[endgroup]
2025-12-16T13:45:26.7219477Z rustc 1.92.0 (ded5c06cf 2025-12-08)
2025-12-16T13:45:26.7220225Z binary: rustc
2025-12-16T13:45:26.7220722Z commit-hash: ded5c06cf21d2b93bffd5d884aa6e96934ee4234
2025-12-16T13:45:26.7221339Z commit-date: 2025-12-08
2025-12-16T13:45:26.7221778Z host: x86_64-unknown-linux-gnu
2025-12-16T13:45:26.7222346Z release: 1.92.0
2025-12-16T13:45:26.7223490Z LLVM version: 21.1.3
