2025-12-16T13:45:18.8168131Z ##[group]Run dtolnay/rust-toolchain@stable
2025-12-16T13:45:18.8169165Z with:
2025-12-16T13:45:18.8169815Z   components: clippy
2025-12-16T13:45:18.8170560Z   toolchain: stable
2025-12-16T13:45:18.8171287Z env:
2025-12-16T13:45:18.8172059Z   CARGO_TERM_COLOR: always
2025-12-16T13:45:18.8173077Z ##[endgroup]
2025-12-16T13:45:18.8307554Z ##[group]Run : parse toolchain version
2025-12-16T13:45:18.8308658Z [36;1m: parse toolchain version[0m
2025-12-16T13:45:18.8309579Z [36;1mif [[ -z $toolchain ]]; then[0m
2025-12-16T13:45:18.8311195Z [36;1m  # GitHub does not enforce `required: true` inputs itself. https://github.com/actions/runner/issues/1070[0m
2025-12-16T13:45:18.8313211Z [36;1m  echo "'toolchain' is a required input" >&2[0m
2025-12-16T13:45:18.8314199Z [36;1m  exit 1[0m
2025-12-16T13:45:18.8315229Z [36;1melif [[ $toolchain =~ ^stable' '[0-9]+' '(year|month|week|day)s?' 'ago$ ]]; then[0m
2025-12-16T13:45:18.8316519Z [36;1m  if [[ Linux == macOS ]]; then[0m
2025-12-16T13:45:18.8318073Z [36;1m    echo "toolchain=1.$((($(date -v-$(sed 's/stable \([0-9]*\) \(.\).*/\1\2/' <<< $toolchain) +%s)/60/60/24-16569)/7/6))" >> $GITHUB_OUTPUT[0m
2025-12-16T13:45:18.8319663Z [36;1m  else[0m
2025-12-16T13:45:18.8320899Z [36;1m    echo "toolchain=1.$((($(date --date "${toolchain#stable }" +%s)/60/60/24-16569)/7/6))" >> $GITHUB_OUTPUT[0m
2025-12-16T13:45:18.8322453Z [36;1m  fi[0m
2025-12-16T13:45:18.8323397Z [36;1melif [[ $toolchain =~ ^stable' 'minus' '[0-9]+' 'releases?$ ]]; then[0m
2025-12-16T13:45:18.8325053Z [36;1m  echo "toolchain=1.$((($(date +%s)/60/60/24-16569)/7/6-${toolchain//[^0-9]/}))" >> $GITHUB_OUTPUT[0m
2025-12-16T13:45:18.8326491Z [36;1melif [[ $toolchain =~ ^1\.[0-9]+$ ]]; then[0m
2025-12-16T13:45:18.8328103Z [36;1m  echo "toolchain=1.$((i=${toolchain#1.}, c=($(date +%s)/60/60/24-16569)/7/6, i+9*i*(10*i<=c)+90*i*(100*i<=c)))" >> $GITHUB_OUTPUT[0m
2025-12-16T13:45:18.8329629Z [36;1melse[0m
2025-12-16T13:45:18.8330414Z [36;1m  echo "toolchain=$toolchain" >> $GITHUB_OUTPUT[0m
2025-12-16T13:45:18.8331400Z [36;1mfi[0m
2025-12-16T13:45:18.8371484Z shell: /usr/bin/bash --noprofile --norc -e -o pipefail {0}
2025-12-16T13:45:18.8372756Z env:
2025-12-16T13:45:18.8373392Z   CARGO_TERM_COLOR: always
2025-12-16T13:45:18.8374157Z   toolchain: stable
2025-12-16T13:45:18.8374844Z ##[endgroup]
2025-12-16T13:45:18.8545332Z ##[group]Run : construct rustup command line
2025-12-16T13:45:18.8546404Z [36;1m: construct rustup command line[0m
2025-12-16T13:45:18.8547786Z [36;1mecho "targets=$(for t in ${targets//,/ }; do echo -n ' --target' $t; done)" >> $GITHUB_OUTPUT[0m
2025-12-16T13:45:18.8549718Z [36;1mecho "components=$(for c in ${components//,/ }; do echo -n ' --component' $c; done)" >> $GITHUB_OUTPUT[0m
2025-12-16T13:45:18.8551262Z [36;1mecho "downgrade=" >> $GITHUB_OUTPUT[0m
2025-12-16T13:45:18.8587215Z shell: /usr/bin/bash --noprofile --norc -e -o pipefail {0}
2025-12-16T13:45:18.8588290Z env:
2025-12-16T13:45:18.8588920Z   CARGO_TERM_COLOR: always
2025-12-16T13:45:18.8589673Z   targets: 
2025-12-16T13:45:18.8590336Z   components: clippy
2025-12-16T13:45:18.8591022Z ##[endgroup]
2025-12-16T13:45:18.8780838Z ##[group]Run : set $CARGO_HOME
2025-12-16T13:45:18.8781845Z [36;1m: set $CARGO_HOME[0m
2025-12-16T13:45:18.8782893Z [36;1mecho CARGO_HOME=${CARGO_HOME:-"$HOME/.cargo"} >> $GITHUB_ENV[0m
2025-12-16T13:45:18.8819884Z shell: /usr/bin/bash --noprofile --norc -e -o pipefail {0}
2025-12-16T13:45:18.8820951Z env:
2025-12-16T13:45:18.8821724Z   CARGO_TERM_COLOR: always
2025-12-16T13:45:18.8822579Z ##[endgroup]
2025-12-16T13:45:18.8936236Z ##[group]Run : install rustup if needed
2025-12-16T13:45:18.8937237Z [36;1m: install rustup if needed[0m
2025-12-16T13:45:18.8938184Z [36;1mif ! command -v rustup &>/dev/null; then[0m
2025-12-16T13:45:18.8940417Z [36;1m  curl --proto '=https' --tlsv1.2 --retry 10 --retry-connrefused --location --silent --show-error --fail https://sh.rustup.rs | sh -s -- --default-toolchain none -y[0m
2025-12-16T13:45:18.8942883Z [36;1m  echo "$CARGO_HOME/bin" >> $GITHUB_PATH[0m
2025-12-16T13:45:18.8944021Z [36;1mfi[0m
2025-12-16T13:45:18.8980713Z shell: /usr/bin/bash --noprofile --norc -e -o pipefail {0}
2025-12-16T13:45:18.8982048Z env:
2025-12-16T13:45:18.8982740Z   CARGO_TERM_COLOR: always
2025-12-16T13:45:18.8983574Z   CARGO_HOME: /home/runner/.cargo
2025-12-16T13:45:18.8984580Z ##[endgroup]
2025-12-16T13:45:18.9101414Z ##[group]Run rustup toolchain install stable --component clippy --profile minimal --no-self-update
2025-12-16T13:45:18.9103788Z [36;1mrustup toolchain install stable --component clippy --profile minimal --no-self-update[0m
2025-12-16T13:45:18.9141782Z shell: /usr/bin/bash --noprofile --norc -e -o pipefail {0}
2025-12-16T13:45:18.9142872Z env:
2025-12-16T13:45:18.9143484Z   CARGO_TERM_COLOR: always
2025-12-16T13:45:18.9144286Z   CARGO_HOME: /home/runner/.cargo
2025-12-16T13:45:18.9145101Z ##[endgroup]
2025-12-16T13:45:19.1554780Z info: syncing channel updates for 'stable-x86_64-unknown-linux-gnu'
2025-12-16T13:45:19.4007256Z info: latest update on 2025-12-11, rust version 1.92.0 (ded5c06cf 2025-12-08)
2025-12-16T13:45:19.4360552Z info: downloading component 'clippy'
2025-12-16T13:45:19.4731920Z info: downloading component 'rustfmt'
2025-12-16T13:45:19.4976466Z info: downloading component 'cargo'
2025-12-16T13:45:19.5830012Z info: downloading component 'rust-std'
2025-12-16T13:45:19.8922322Z info: downloading component 'rustc'
2025-12-16T13:45:22.0126465Z info: removing previous version of component 'clippy'
2025-12-16T13:45:22.0147815Z info: removing previous version of component 'rustfmt'
2025-12-16T13:45:22.0161977Z info: removing previous version of component 'cargo'
2025-12-16T13:45:22.0223237Z info: removing previous version of component 'rust-std'
2025-12-16T13:45:22.0272538Z info: removing previous version of component 'rustc'
2025-12-16T13:45:22.0359919Z info: installing component 'clippy'
2025-12-16T13:45:22.4274440Z info: installing component 'rustfmt'
2025-12-16T13:45:22.6637882Z info: installing component 'cargo'
2025-12-16T13:45:23.3870464Z info: installing component 'rust-std'
2025-12-16T13:45:25.3079678Z info: installing component 'rustc'
2025-12-16T13:45:30.0355357Z 
2025-12-16T13:45:30.0454991Z   stable-x86_64-unknown-linux-gnu updated - rustc 1.92.0 (ded5c06cf 2025-12-08) (from rustc 1.91.1 (ed61e7d7e 2025-11-07))
2025-12-16T13:45:30.0455933Z 
2025-12-16T13:45:30.0521541Z ##[group]Run rustup default stable
2025-12-16T13:45:30.0522060Z [36;1mrustup default stable[0m
2025-12-16T13:45:30.0553837Z shell: /usr/bin/bash --noprofile --norc -e -o pipefail {0}
2025-12-16T13:45:30.0554188Z env:
2025-12-16T13:45:30.0554369Z   CARGO_TERM_COLOR: always
2025-12-16T13:45:30.0554601Z   CARGO_HOME: /home/runner/.cargo
2025-12-16T13:45:30.0554829Z ##[endgroup]
2025-12-16T13:45:30.0662339Z info: using existing install for 'stable-x86_64-unknown-linux-gnu'
2025-12-16T13:45:30.1042205Z info: default toolchain set to 'stable-x86_64-unknown-linux-gnu'
2025-12-16T13:45:30.1042891Z 
2025-12-16T13:45:30.1135706Z   stable-x86_64-unknown-linux-gnu unchanged - rustc 1.92.0 (ded5c06cf 2025-12-08)
2025-12-16T13:45:30.1136220Z 
2025-12-16T13:45:30.1182822Z ##[group]Run : create cachekey
2025-12-16T13:45:30.1183108Z [36;1m: create cachekey[0m
2025-12-16T13:45:30.1183544Z [36;1mDATE=$(rustc +stable --version --verbose | sed -ne 's/^commit-date: \(20[0-9][0-9]\)-\([01][0-9]\)-\([0-3][0-9]\)$/\1\2\3/p')[0m
2025-12-16T13:45:30.1184157Z [36;1mHASH=$(rustc +stable --version --verbose | sed -ne 's/^commit-hash: //p')[0m
2025-12-16T13:45:30.1184623Z [36;1mecho "cachekey=$(echo $DATE$HASH | head -c12)" >> $GITHUB_OUTPUT[0m
2025-12-16T13:45:30.1216887Z shell: /usr/bin/bash --noprofile --norc -e -o pipefail {0}
2025-12-16T13:45:30.1217228Z env:
2025-12-16T13:45:30.1217414Z   CARGO_TERM_COLOR: always
2025-12-16T13:45:30.1217669Z   CARGO_HOME: /home/runner/.cargo
2025-12-16T13:45:30.1217902Z ##[endgroup]
2025-12-16T13:45:30.1631855Z ##[group]Run : disable incremental compilation
2025-12-16T13:45:30.1632267Z [36;1m: disable incremental compilation[0m
2025-12-16T13:45:30.1632583Z [36;1mif [ -z "${CARGO_INCREMENTAL+set}" ]; then[0m
2025-12-16T13:45:30.1633128Z [36;1m  echo CARGO_INCREMENTAL=0 >> $GITHUB_ENV[0m
2025-12-16T13:45:30.1633392Z [36;1mfi[0m
2025-12-16T13:45:30.1665022Z shell: /usr/bin/bash --noprofile --norc -e -o pipefail {0}
2025-12-16T13:45:30.1665517Z env:
2025-12-16T13:45:30.1665692Z   CARGO_TERM_COLOR: always
2025-12-16T13:45:30.1665924Z   CARGO_HOME: /home/runner/.cargo
2025-12-16T13:45:30.1666143Z ##[endgroup]
2025-12-16T13:45:30.1737530Z ##[group]Run : enable colors in Cargo output
2025-12-16T13:45:30.1737862Z [36;1m: enable colors in Cargo output[0m
2025-12-16T13:45:30.1738152Z [36;1mif [ -z "${CARGO_TERM_COLOR+set}" ]; then[0m
2025-12-16T13:45:30.1738480Z [36;1m  echo CARGO_TERM_COLOR=always >> $GITHUB_ENV[0m
2025-12-16T13:45:30.1738739Z [36;1mfi[0m
2025-12-16T13:45:30.1768369Z shell: /usr/bin/bash --noprofile --norc -e -o pipefail {0}
2025-12-16T13:45:30.1768718Z env:
2025-12-16T13:45:30.1768897Z   CARGO_TERM_COLOR: always
2025-12-16T13:45:30.1769150Z   CARGO_HOME: /home/runner/.cargo
2025-12-16T13:45:30.1769384Z   CARGO_INCREMENTAL: 0
2025-12-16T13:45:30.1769587Z ##[endgroup]
2025-12-16T13:45:30.1844072Z ##[group]Run : enable Cargo sparse registry
2025-12-16T13:45:30.1844402Z [36;1m: enable Cargo sparse registry[0m
2025-12-16T13:45:30.1844747Z [36;1m# implemented in 1.66, stabilized in 1.68, made default in 1.70[0m
2025-12-16T13:45:30.1845371Z [36;1mif [ -z "${CARGO_REGISTRIES_CRATES_IO_PROTOCOL+set}" -o -f "/home/runner/work/_temp"/.implicit_cargo_registries_crates_io_protocol ]; then[0m
2025-12-16T13:45:30.1846004Z [36;1m  if rustc +stable --version --verbose | grep -q '^release: 1\.6[89]\.'; then[0m
2025-12-16T13:45:30.1846524Z [36;1m    touch "/home/runner/work/_temp"/.implicit_cargo_registries_crates_io_protocol || true[0m
2025-12-16T13:45:30.1846999Z [36;1m    echo CARGO_REGISTRIES_CRATES_IO_PROTOCOL=sparse >> $GITHUB_ENV[0m
2025-12-16T13:45:30.1847450Z [36;1m  elif rustc +stable --version --verbose | grep -q '^release: 1\.6[67]\.'; then[0m
2025-12-16T13:45:30.1847985Z [36;1m    touch "/home/runner/work/_temp"/.implicit_cargo_registries_crates_io_protocol || true[0m
2025-12-16T13:45:30.1848449Z [36;1m    echo CARGO_REGISTRIES_CRATES_IO_PROTOCOL=git >> $GITHUB_ENV[0m
2025-12-16T13:45:30.1848760Z [36;1m  fi[0m
2025-12-16T13:45:30.1848933Z [36;1mfi[0m
2025-12-16T13:45:30.1878259Z shell: /usr/bin/bash --noprofile --norc -e -o pipefail {0}
2025-12-16T13:45:30.1878576Z env:
2025-12-16T13:45:30.1878744Z   CARGO_TERM_COLOR: always
2025-12-16T13:45:30.1878967Z   CARGO_HOME: /home/runner/.cargo
2025-12-16T13:45:30.1879188Z   CARGO_INCREMENTAL: 0
2025-12-16T13:45:30.1879385Z ##[endgroup]
2025-12-16T13:45:30.2257127Z ##[group]Run : work around spurious network errors in curl 8.0
2025-12-16T13:45:30.2257580Z [36;1m: work around spurious network errors in curl 8.0[0m
2025-12-16T13:45:30.2258100Z [36;1m# https://rust-lang.zulipchat.com/#narrow/stream/246057-t-cargo/topic/timeout.20investigation[0m
2025-12-16T13:45:30.2258666Z [36;1mif rustc +stable --version --verbose | grep -q '^release: 1\.7[01]\.'; then[0m
2025-12-16T13:45:30.2259080Z [36;1m  echo CARGO_HTTP_MULTIPLEXING=false >> $GITHUB_ENV[0m
2025-12-16T13:45:30.2259359Z [36;1mfi[0m
2025-12-16T13:45:30.2291357Z shell: /usr/bin/bash --noprofile --norc -e -o pipefail {0}
2025-12-16T13:45:30.2291903Z env:
2025-12-16T13:45:30.2292100Z   CARGO_TERM_COLOR: always
2025-12-16T13:45:30.2292324Z   CARGO_HOME: /home/runner/.cargo
2025-12-16T13:45:30.2292564Z   CARGO_INCREMENTAL: 0
2025-12-16T13:45:30.2292760Z ##[endgroup]
2025-12-16T13:45:30.2521475Z ##[group]Run rustc +stable --version --verbose
2025-12-16T13:45:30.2522052Z [36;1mrustc +stable --version --verbose[0m
2025-12-16T13:45:30.2553560Z shell: /usr/bin/bash --noprofile --norc -e -o pipefail {0}
2025-12-16T13:45:30.2553895Z env:
2025-12-16T13:45:30.2554077Z   CARGO_TERM_COLOR: always
2025-12-16T13:45:30.2554300Z   CARGO_HOME: /home/runner/.cargo
2025-12-16T13:45:30.2554532Z   CARGO_INCREMENTAL: 0
2025-12-16T13:45:30.2554727Z ##[endgroup]
2025-12-16T13:45:30.2736438Z rustc 1.92.0 (ded5c06cf 2025-12-08)
2025-12-16T13:45:30.2737356Z binary: rustc
2025-12-16T13:45:30.2737956Z commit-hash: ded5c06cf21d2b93bffd5d884aa6e96934ee4234
2025-12-16T13:45:30.2738615Z commit-date: 2025-12-08
2025-12-16T13:45:30.2739307Z host: x86_64-unknown-linux-gnu
2025-12-16T13:45:30.2739588Z release: 1.92.0
2025-12-16T13:45:30.2739812Z LLVM version: 21.1.3
